Archive member included to satisfy reference by file (symbol)

c:/program files (x86)/atmel/studio/7.0/toolchain/avr8/avr8-gnu-toolchain/bin/../lib/gcc/avr/5.4.0/../../../../avr/lib/avrxmega4\libm.a(divsf3.o)
                              functions.o (__divsf3)
c:/program files (x86)/atmel/studio/7.0/toolchain/avr8/avr8-gnu-toolchain/bin/../lib/gcc/avr/5.4.0/../../../../avr/lib/avrxmega4\libm.a(divsf3x.o)
                              c:/program files (x86)/atmel/studio/7.0/toolchain/avr8/avr8-gnu-toolchain/bin/../lib/gcc/avr/5.4.0/../../../../avr/lib/avrxmega4\libm.a(divsf3.o) (__divsf3x)
c:/program files (x86)/atmel/studio/7.0/toolchain/avr8/avr8-gnu-toolchain/bin/../lib/gcc/avr/5.4.0/../../../../avr/lib/avrxmega4\libm.a(fixunssfsi.o)
                              functions.o (__fixunssfsi)
c:/program files (x86)/atmel/studio/7.0/toolchain/avr8/avr8-gnu-toolchain/bin/../lib/gcc/avr/5.4.0/../../../../avr/lib/avrxmega4\libm.a(floatsisf.o)
                              functions.o (__floatunsisf)
c:/program files (x86)/atmel/studio/7.0/toolchain/avr8/avr8-gnu-toolchain/bin/../lib/gcc/avr/5.4.0/../../../../avr/lib/avrxmega4\libm.a(fp_inf.o)
                              c:/program files (x86)/atmel/studio/7.0/toolchain/avr8/avr8-gnu-toolchain/bin/../lib/gcc/avr/5.4.0/../../../../avr/lib/avrxmega4\libm.a(divsf3x.o) (__fp_inf)
c:/program files (x86)/atmel/studio/7.0/toolchain/avr8/avr8-gnu-toolchain/bin/../lib/gcc/avr/5.4.0/../../../../avr/lib/avrxmega4\libm.a(fp_nan.o)
                              c:/program files (x86)/atmel/studio/7.0/toolchain/avr8/avr8-gnu-toolchain/bin/../lib/gcc/avr/5.4.0/../../../../avr/lib/avrxmega4\libm.a(divsf3x.o) (__fp_nan)
c:/program files (x86)/atmel/studio/7.0/toolchain/avr8/avr8-gnu-toolchain/bin/../lib/gcc/avr/5.4.0/../../../../avr/lib/avrxmega4\libm.a(fp_pscA.o)
                              c:/program files (x86)/atmel/studio/7.0/toolchain/avr8/avr8-gnu-toolchain/bin/../lib/gcc/avr/5.4.0/../../../../avr/lib/avrxmega4\libm.a(divsf3x.o) (__fp_pscA)
c:/program files (x86)/atmel/studio/7.0/toolchain/avr8/avr8-gnu-toolchain/bin/../lib/gcc/avr/5.4.0/../../../../avr/lib/avrxmega4\libm.a(fp_pscB.o)
                              c:/program files (x86)/atmel/studio/7.0/toolchain/avr8/avr8-gnu-toolchain/bin/../lib/gcc/avr/5.4.0/../../../../avr/lib/avrxmega4\libm.a(divsf3x.o) (__fp_pscB)
c:/program files (x86)/atmel/studio/7.0/toolchain/avr8/avr8-gnu-toolchain/bin/../lib/gcc/avr/5.4.0/../../../../avr/lib/avrxmega4\libm.a(fp_round.o)
                              c:/program files (x86)/atmel/studio/7.0/toolchain/avr8/avr8-gnu-toolchain/bin/../lib/gcc/avr/5.4.0/../../../../avr/lib/avrxmega4\libm.a(divsf3.o) (__fp_round)
c:/program files (x86)/atmel/studio/7.0/toolchain/avr8/avr8-gnu-toolchain/bin/../lib/gcc/avr/5.4.0/../../../../avr/lib/avrxmega4\libm.a(fp_split3.o)
                              c:/program files (x86)/atmel/studio/7.0/toolchain/avr8/avr8-gnu-toolchain/bin/../lib/gcc/avr/5.4.0/../../../../avr/lib/avrxmega4\libm.a(divsf3x.o) (__fp_split3)
c:/program files (x86)/atmel/studio/7.0/toolchain/avr8/avr8-gnu-toolchain/bin/../lib/gcc/avr/5.4.0/../../../../avr/lib/avrxmega4\libm.a(fp_zero.o)
                              c:/program files (x86)/atmel/studio/7.0/toolchain/avr8/avr8-gnu-toolchain/bin/../lib/gcc/avr/5.4.0/../../../../avr/lib/avrxmega4\libm.a(fixunssfsi.o) (__fp_zero)
c:/program files (x86)/atmel/studio/7.0/toolchain/avr8/avr8-gnu-toolchain/bin/../lib/gcc/avr/5.4.0/../../../../avr/lib/avrxmega4\libm.a(mulsf3.o)
                              functions.o (__mulsf3)
c:/program files (x86)/atmel/studio/7.0/toolchain/avr8/avr8-gnu-toolchain/bin/../lib/gcc/avr/5.4.0/../../../../avr/lib/avrxmega4\libm.a(mulsf3x.o)
                              c:/program files (x86)/atmel/studio/7.0/toolchain/avr8/avr8-gnu-toolchain/bin/../lib/gcc/avr/5.4.0/../../../../avr/lib/avrxmega4\libm.a(mulsf3.o) (__mulsf3x)
c:/program files (x86)/atmel/studio/7.0/toolchain/avr8/avr8-gnu-toolchain/bin/../lib/gcc/avr/5.4.0/avrxmega4\libgcc.a(_exit.o)
                              C:/Program Files (x86)/Atmel/Studio/7.0/Packs/atmel/AVR-Dx_DFP/1.10.114/gcc/dev/avr128db32/avrxmega4/crtavr128db32.o (exit)
c:/program files (x86)/atmel/studio/7.0/toolchain/avr8/avr8-gnu-toolchain/bin/../lib/gcc/avr/5.4.0/avrxmega4\libgcc.a(_copy_data.o)
                              adc.o (__do_copy_data)
c:/program files (x86)/atmel/studio/7.0/toolchain/avr8/avr8-gnu-toolchain/bin/../lib/gcc/avr/5.4.0/avrxmega4\libgcc.a(_clear_bss.o)
                              adc.o (__do_clear_bss)
c:/program files (x86)/atmel/studio/7.0/toolchain/avr8/avr8-gnu-toolchain/bin/../lib/gcc/avr/5.4.0/../../../../avr/lib/avrxmega4\libc.a(atoi.o)
                              functions.o (atoi)
c:/program files (x86)/atmel/studio/7.0/toolchain/avr8/avr8-gnu-toolchain/bin/../lib/gcc/avr/5.4.0/../../../../avr/lib/avrxmega4\libc.a(itoa_ncheck.o)
                              menu.o (__itoa_ncheck)
c:/program files (x86)/atmel/studio/7.0/toolchain/avr8/avr8-gnu-toolchain/bin/../lib/gcc/avr/5.4.0/../../../../avr/lib/avrxmega4\libc.a(mul10.o)
                              c:/program files (x86)/atmel/studio/7.0/toolchain/avr8/avr8-gnu-toolchain/bin/../lib/gcc/avr/5.4.0/../../../../avr/lib/avrxmega4\libc.a(atoi.o) (__mulhi_const_10)
c:/program files (x86)/atmel/studio/7.0/toolchain/avr8/avr8-gnu-toolchain/bin/../lib/gcc/avr/5.4.0/../../../../avr/lib/avrxmega4\libc.a(utoa_ncheck.o)
                              c:/program files (x86)/atmel/studio/7.0/toolchain/avr8/avr8-gnu-toolchain/bin/../lib/gcc/avr/5.4.0/../../../../avr/lib/avrxmega4\libc.a(itoa_ncheck.o) (__utoa_common)
c:/program files (x86)/atmel/studio/7.0/toolchain/avr8/avr8-gnu-toolchain/bin/../lib/gcc/avr/5.4.0/../../../../avr/lib/avrxmega4\libc.a(snprintf.o)
                              functions.o (snprintf)
c:/program files (x86)/atmel/studio/7.0/toolchain/avr8/avr8-gnu-toolchain/bin/../lib/gcc/avr/5.4.0/../../../../avr/lib/avrxmega4\libc.a(vfprintf_std.o)
                              c:/program files (x86)/atmel/studio/7.0/toolchain/avr8/avr8-gnu-toolchain/bin/../lib/gcc/avr/5.4.0/../../../../avr/lib/avrxmega4\libc.a(snprintf.o) (vfprintf)
c:/program files (x86)/atmel/studio/7.0/toolchain/avr8/avr8-gnu-toolchain/bin/../lib/gcc/avr/5.4.0/../../../../avr/lib/avrxmega4\libc.a(strnlen_P.o)
                              c:/program files (x86)/atmel/studio/7.0/toolchain/avr8/avr8-gnu-toolchain/bin/../lib/gcc/avr/5.4.0/../../../../avr/lib/avrxmega4\libc.a(vfprintf_std.o) (strnlen_P)
c:/program files (x86)/atmel/studio/7.0/toolchain/avr8/avr8-gnu-toolchain/bin/../lib/gcc/avr/5.4.0/../../../../avr/lib/avrxmega4\libc.a(strnlen.o)
                              c:/program files (x86)/atmel/studio/7.0/toolchain/avr8/avr8-gnu-toolchain/bin/../lib/gcc/avr/5.4.0/../../../../avr/lib/avrxmega4\libc.a(vfprintf_std.o) (strnlen)
c:/program files (x86)/atmel/studio/7.0/toolchain/avr8/avr8-gnu-toolchain/bin/../lib/gcc/avr/5.4.0/../../../../avr/lib/avrxmega4\libc.a(strrev.o)
                              c:/program files (x86)/atmel/studio/7.0/toolchain/avr8/avr8-gnu-toolchain/bin/../lib/gcc/avr/5.4.0/../../../../avr/lib/avrxmega4\libc.a(utoa_ncheck.o) (strrev)
c:/program files (x86)/atmel/studio/7.0/toolchain/avr8/avr8-gnu-toolchain/bin/../lib/gcc/avr/5.4.0/../../../../avr/lib/avrxmega4\libc.a(fputc.o)
                              c:/program files (x86)/atmel/studio/7.0/toolchain/avr8/avr8-gnu-toolchain/bin/../lib/gcc/avr/5.4.0/../../../../avr/lib/avrxmega4\libc.a(vfprintf_std.o) (fputc)
c:/program files (x86)/atmel/studio/7.0/toolchain/avr8/avr8-gnu-toolchain/bin/../lib/gcc/avr/5.4.0/../../../../avr/lib/avrxmega4\libc.a(ultoa_invert.o)
                              c:/program files (x86)/atmel/studio/7.0/toolchain/avr8/avr8-gnu-toolchain/bin/../lib/gcc/avr/5.4.0/../../../../avr/lib/avrxmega4\libc.a(vfprintf_std.o) (__ultoa_invert)
C:/Program Files (x86)/Atmel/Studio/7.0/Packs/atmel/AVR-Dx_DFP/1.10.114/gcc/dev/avr128db32/avrxmega4\libavr128db32.a(ccp_write.o)
                              functions.o (ccp_write_io)

Allocating common symbols
Common symbol       size              file

menuitem0status     0x2               menu.o
menuitem2status     0x2               menu.o
USART1TX_buffer     0x32              usart.o
AIN_selected        0x2               adc.o
USART1message_received
                    0xe               adc.o
rpm_value_write     0x1               menu.o
time_counter        0x4               tcb.o
buffer              0x14              menu.o
menuitem3status     0x2               menu.o
USART1transmitt_buffer
                    0x32              usart.o
USART1message       0x32              adc.o
USART1RX_buffer     0x32              usart.o
regulatorstatusindex0
                    0x2               menu.o
USART1marker_pos    0x1               adc.o
menuitem1status     0x2               menu.o

Discarded input sections

 .data          0x00000000        0x0 C:/Program Files (x86)/Atmel/Studio/7.0/Packs/atmel/AVR-Dx_DFP/1.10.114/gcc/dev/avr128db32/avrxmega4/crtavr128db32.o
 .bss           0x00000000        0x0 C:/Program Files (x86)/Atmel/Studio/7.0/Packs/atmel/AVR-Dx_DFP/1.10.114/gcc/dev/avr128db32/avrxmega4/crtavr128db32.o
 .text          0x00000000        0x0 adc.o
 .data          0x00000000        0x0 adc.o
 .bss           0x00000000        0x0 adc.o
 .text.ADC0_stop
                0x00000000        0x8 adc.o
 .text.ADC0_assign_value
                0x00000000       0x9c adc.o
 .text.ADC0_read_assigned_value
                0x00000000       0x72 adc.o
 .bss.ADC_reading_ready
                0x00000000        0x1 adc.o
 .bss.adc_conversion_ready
                0x00000000        0x1 adc.o
 .data.AIN4_value
                0x00000000        0x2 adc.o
 .data.AIN3_value
                0x00000000        0x2 adc.o
 .data.AIN2_value
                0x00000000        0x2 adc.o
 .data.AIN1_value
                0x00000000        0x2 adc.o
 .data.AIN0_value
                0x00000000        0x2 adc.o
 .text          0x00000000        0x0 dac.o
 .data          0x00000000        0x0 dac.o
 .bss           0x00000000        0x0 dac.o
 .text.DAC0_setvalue
                0x00000000       0x1c dac.o
 .text.DAC0_enable
                0x00000000        0x8 dac.o
 .text.DAC0_init
                0x00000000       0x18 dac.o
 .text.DAC0_disable
                0x00000000        0xc dac.o
 .debug_info    0x00000000      0x35e dac.o
 .debug_abbrev  0x00000000      0x193 dac.o
 .debug_loc     0x00000000       0x6c dac.o
 .debug_aranges
                0x00000000       0x38 dac.o
 .debug_ranges  0x00000000       0x28 dac.o
 .debug_line    0x00000000      0x1ce dac.o
 .debug_str     0x00000000      0x387 dac.o
 .comment       0x00000000       0x31 dac.o
 .debug_frame   0x00000000       0x54 dac.o
 .text          0x00000000        0x0 functions.o
 .data          0x00000000        0x0 functions.o
 .bss           0x00000000        0x0 functions.o
 .text          0x00000000        0x0 init.o
 .data          0x00000000        0x0 init.o
 .bss           0x00000000        0x0 init.o
 .text          0x00000000        0x0 menu.o
 .data          0x00000000        0x0 menu.o
 .bss           0x00000000        0x0 menu.o
 .text.Menu_placemarker
                0x00000000      0x20c menu.o
 .data.menuitem3
                0x00000000        0x2 menu.o
 .data.menuitem2
                0x00000000        0x2 menu.o
 .data.menuitem1
                0x00000000        0x2 menu.o
 .data.menuitem0
                0x00000000        0x2 menu.o
 .data.menuitemstatusoff
                0x00000000        0x6 menu.o
 .data.menuitemstatuson
                0x00000000        0x6 menu.o
 .bss.selected_menuitem
                0x00000000        0x1 menu.o
 .bss.selected_menu_index
                0x00000000        0x1 menu.o
 .rodata.addr   0x00000000        0x1 menu.o
 COMMON         0x00000000       0x1f menu.o
 .text          0x00000000        0x0 display.o
 .data          0x00000000        0x0 display.o
 .bss           0x00000000        0x0 display.o
 .text.HD44780_PCF8574_CheckBF
                0x00000000        0x2 display.o
 .text.HD44780_PCF8574_DisplayOn
                0x00000000        0x8 display.o
 .text.HD44780_PCF8574_CursorOn
                0x00000000        0x8 display.o
 .rodata.str1.1
                0x00000000       0x15 display.o
 .text.HD44780_PCF8574_ClearLine
                0x00000000       0x1a display.o
 .text.HD44780_PCF8574_Shift
                0x00000000       0x4c display.o
 .text          0x00000000        0x0 i2c.o
 .data          0x00000000        0x0 i2c.o
 .bss           0x00000000        0x0 i2c.o
 .text.i2c_0_WaitR
                0x00000000       0x20 i2c.o
 .text.I2C_0_SendData
                0x00000000       0x6a i2c.o
 .text.I2C_0_GetData
                0x00000000       0x78 i2c.o
 .text          0x00000000        0x0 main.o
 .data          0x00000000        0x0 main.o
 .bss           0x00000000        0x0 main.o
 .text          0x00000000        0x0 tca.o
 .data          0x00000000        0x0 tca.o
 .bss           0x00000000        0x0 tca.o
 .text.TCA0_PWM_enable
                0x00000000        0xc tca.o
 .text.TCA0_PWM_disable
                0x00000000        0xc tca.o
 .text.TCA0_PWM_set_period
                0x00000000        0xa tca.o
 .bss.time2updatescreen
                0x00000000        0x1 tca.o
 .bss.counted_time
                0x00000000        0x4 tca.o
 .bss.counted_25ms
                0x00000000        0x4 tca.o
 .text          0x00000000        0x0 tcb.o
 .data          0x00000000        0x0 tcb.o
 .bss           0x00000000        0x0 tcb.o
 .text          0x00000000        0x0 usart.o
 .data          0x00000000        0x0 usart.o
 .bss           0x00000000        0x0 usart.o
 .text.USART1_transmitt_string
                0x00000000       0x3a usart.o
 .bss.marker_pos
                0x00000000        0x1 usart.o
 .bss.USART1last
                0x00000000        0x1 usart.o
 .bss.USART1next
                0x00000000        0x1 usart.o
 .bss.USART1message_ready
                0x00000000        0x1 usart.o
 .text          0x00000000        0x0 c:/program files (x86)/atmel/studio/7.0/toolchain/avr8/avr8-gnu-toolchain/bin/../lib/gcc/avr/5.4.0/../../../../avr/lib/avrxmega4\libm.a(divsf3.o)
 .data          0x00000000        0x0 c:/program files (x86)/atmel/studio/7.0/toolchain/avr8/avr8-gnu-toolchain/bin/../lib/gcc/avr/5.4.0/../../../../avr/lib/avrxmega4\libm.a(divsf3.o)
 .bss           0x00000000        0x0 c:/program files (x86)/atmel/studio/7.0/toolchain/avr8/avr8-gnu-toolchain/bin/../lib/gcc/avr/5.4.0/../../../../avr/lib/avrxmega4\libm.a(divsf3.o)
 .text          0x00000000        0x0 c:/program files (x86)/atmel/studio/7.0/toolchain/avr8/avr8-gnu-toolchain/bin/../lib/gcc/avr/5.4.0/../../../../avr/lib/avrxmega4\libm.a(divsf3x.o)
 .data          0x00000000        0x0 c:/program files (x86)/atmel/studio/7.0/toolchain/avr8/avr8-gnu-toolchain/bin/../lib/gcc/avr/5.4.0/../../../../avr/lib/avrxmega4\libm.a(divsf3x.o)
 .bss           0x00000000        0x0 c:/program files (x86)/atmel/studio/7.0/toolchain/avr8/avr8-gnu-toolchain/bin/../lib/gcc/avr/5.4.0/../../../../avr/lib/avrxmega4\libm.a(divsf3x.o)
 .text          0x00000000        0x0 c:/program files (x86)/atmel/studio/7.0/toolchain/avr8/avr8-gnu-toolchain/bin/../lib/gcc/avr/5.4.0/../../../../avr/lib/avrxmega4\libm.a(fixunssfsi.o)
 .data          0x00000000        0x0 c:/program files (x86)/atmel/studio/7.0/toolchain/avr8/avr8-gnu-toolchain/bin/../lib/gcc/avr/5.4.0/../../../../avr/lib/avrxmega4\libm.a(fixunssfsi.o)
 .bss           0x00000000        0x0 c:/program files (x86)/atmel/studio/7.0/toolchain/avr8/avr8-gnu-toolchain/bin/../lib/gcc/avr/5.4.0/../../../../avr/lib/avrxmega4\libm.a(fixunssfsi.o)
 .text          0x00000000        0x0 c:/program files (x86)/atmel/studio/7.0/toolchain/avr8/avr8-gnu-toolchain/bin/../lib/gcc/avr/5.4.0/../../../../avr/lib/avrxmega4\libm.a(floatsisf.o)
 .data          0x00000000        0x0 c:/program files (x86)/atmel/studio/7.0/toolchain/avr8/avr8-gnu-toolchain/bin/../lib/gcc/avr/5.4.0/../../../../avr/lib/avrxmega4\libm.a(floatsisf.o)
 .bss           0x00000000        0x0 c:/program files (x86)/atmel/studio/7.0/toolchain/avr8/avr8-gnu-toolchain/bin/../lib/gcc/avr/5.4.0/../../../../avr/lib/avrxmega4\libm.a(floatsisf.o)
 .text          0x00000000        0x0 c:/program files (x86)/atmel/studio/7.0/toolchain/avr8/avr8-gnu-toolchain/bin/../lib/gcc/avr/5.4.0/../../../../avr/lib/avrxmega4\libm.a(fp_inf.o)
 .data          0x00000000        0x0 c:/program files (x86)/atmel/studio/7.0/toolchain/avr8/avr8-gnu-toolchain/bin/../lib/gcc/avr/5.4.0/../../../../avr/lib/avrxmega4\libm.a(fp_inf.o)
 .bss           0x00000000        0x0 c:/program files (x86)/atmel/studio/7.0/toolchain/avr8/avr8-gnu-toolchain/bin/../lib/gcc/avr/5.4.0/../../../../avr/lib/avrxmega4\libm.a(fp_inf.o)
 .text          0x00000000        0x0 c:/program files (x86)/atmel/studio/7.0/toolchain/avr8/avr8-gnu-toolchain/bin/../lib/gcc/avr/5.4.0/../../../../avr/lib/avrxmega4\libm.a(fp_nan.o)
 .data          0x00000000        0x0 c:/program files (x86)/atmel/studio/7.0/toolchain/avr8/avr8-gnu-toolchain/bin/../lib/gcc/avr/5.4.0/../../../../avr/lib/avrxmega4\libm.a(fp_nan.o)
 .bss           0x00000000        0x0 c:/program files (x86)/atmel/studio/7.0/toolchain/avr8/avr8-gnu-toolchain/bin/../lib/gcc/avr/5.4.0/../../../../avr/lib/avrxmega4\libm.a(fp_nan.o)
 .text          0x00000000        0x0 c:/program files (x86)/atmel/studio/7.0/toolchain/avr8/avr8-gnu-toolchain/bin/../lib/gcc/avr/5.4.0/../../../../avr/lib/avrxmega4\libm.a(fp_pscA.o)
 .data          0x00000000        0x0 c:/program files (x86)/atmel/studio/7.0/toolchain/avr8/avr8-gnu-toolchain/bin/../lib/gcc/avr/5.4.0/../../../../avr/lib/avrxmega4\libm.a(fp_pscA.o)
 .bss           0x00000000        0x0 c:/program files (x86)/atmel/studio/7.0/toolchain/avr8/avr8-gnu-toolchain/bin/../lib/gcc/avr/5.4.0/../../../../avr/lib/avrxmega4\libm.a(fp_pscA.o)
 .text          0x00000000        0x0 c:/program files (x86)/atmel/studio/7.0/toolchain/avr8/avr8-gnu-toolchain/bin/../lib/gcc/avr/5.4.0/../../../../avr/lib/avrxmega4\libm.a(fp_pscB.o)
 .data          0x00000000        0x0 c:/program files (x86)/atmel/studio/7.0/toolchain/avr8/avr8-gnu-toolchain/bin/../lib/gcc/avr/5.4.0/../../../../avr/lib/avrxmega4\libm.a(fp_pscB.o)
 .bss           0x00000000        0x0 c:/program files (x86)/atmel/studio/7.0/toolchain/avr8/avr8-gnu-toolchain/bin/../lib/gcc/avr/5.4.0/../../../../avr/lib/avrxmega4\libm.a(fp_pscB.o)
 .text          0x00000000        0x0 c:/program files (x86)/atmel/studio/7.0/toolchain/avr8/avr8-gnu-toolchain/bin/../lib/gcc/avr/5.4.0/../../../../avr/lib/avrxmega4\libm.a(fp_round.o)
 .data          0x00000000        0x0 c:/program files (x86)/atmel/studio/7.0/toolchain/avr8/avr8-gnu-toolchain/bin/../lib/gcc/avr/5.4.0/../../../../avr/lib/avrxmega4\libm.a(fp_round.o)
 .bss           0x00000000        0x0 c:/program files (x86)/atmel/studio/7.0/toolchain/avr8/avr8-gnu-toolchain/bin/../lib/gcc/avr/5.4.0/../../../../avr/lib/avrxmega4\libm.a(fp_round.o)
 .text          0x00000000        0x0 c:/program files (x86)/atmel/studio/7.0/toolchain/avr8/avr8-gnu-toolchain/bin/../lib/gcc/avr/5.4.0/../../../../avr/lib/avrxmega4\libm.a(fp_split3.o)
 .data          0x00000000        0x0 c:/program files (x86)/atmel/studio/7.0/toolchain/avr8/avr8-gnu-toolchain/bin/../lib/gcc/avr/5.4.0/../../../../avr/lib/avrxmega4\libm.a(fp_split3.o)
 .bss           0x00000000        0x0 c:/program files (x86)/atmel/studio/7.0/toolchain/avr8/avr8-gnu-toolchain/bin/../lib/gcc/avr/5.4.0/../../../../avr/lib/avrxmega4\libm.a(fp_split3.o)
 .text          0x00000000        0x0 c:/program files (x86)/atmel/studio/7.0/toolchain/avr8/avr8-gnu-toolchain/bin/../lib/gcc/avr/5.4.0/../../../../avr/lib/avrxmega4\libm.a(fp_zero.o)
 .data          0x00000000        0x0 c:/program files (x86)/atmel/studio/7.0/toolchain/avr8/avr8-gnu-toolchain/bin/../lib/gcc/avr/5.4.0/../../../../avr/lib/avrxmega4\libm.a(fp_zero.o)
 .bss           0x00000000        0x0 c:/program files (x86)/atmel/studio/7.0/toolchain/avr8/avr8-gnu-toolchain/bin/../lib/gcc/avr/5.4.0/../../../../avr/lib/avrxmega4\libm.a(fp_zero.o)
 .text          0x00000000        0x0 c:/program files (x86)/atmel/studio/7.0/toolchain/avr8/avr8-gnu-toolchain/bin/../lib/gcc/avr/5.4.0/../../../../avr/lib/avrxmega4\libm.a(mulsf3.o)
 .data          0x00000000        0x0 c:/program files (x86)/atmel/studio/7.0/toolchain/avr8/avr8-gnu-toolchain/bin/../lib/gcc/avr/5.4.0/../../../../avr/lib/avrxmega4\libm.a(mulsf3.o)
 .bss           0x00000000        0x0 c:/program files (x86)/atmel/studio/7.0/toolchain/avr8/avr8-gnu-toolchain/bin/../lib/gcc/avr/5.4.0/../../../../avr/lib/avrxmega4\libm.a(mulsf3.o)
 .text          0x00000000        0x0 c:/program files (x86)/atmel/studio/7.0/toolchain/avr8/avr8-gnu-toolchain/bin/../lib/gcc/avr/5.4.0/../../../../avr/lib/avrxmega4\libm.a(mulsf3x.o)
 .data          0x00000000        0x0 c:/program files (x86)/atmel/studio/7.0/toolchain/avr8/avr8-gnu-toolchain/bin/../lib/gcc/avr/5.4.0/../../../../avr/lib/avrxmega4\libm.a(mulsf3x.o)
 .bss           0x00000000        0x0 c:/program files (x86)/atmel/studio/7.0/toolchain/avr8/avr8-gnu-toolchain/bin/../lib/gcc/avr/5.4.0/../../../../avr/lib/avrxmega4\libm.a(mulsf3x.o)
 .text          0x00000000        0x0 c:/program files (x86)/atmel/studio/7.0/toolchain/avr8/avr8-gnu-toolchain/bin/../lib/gcc/avr/5.4.0/avrxmega4\libgcc.a(_exit.o)
 .data          0x00000000        0x0 c:/program files (x86)/atmel/studio/7.0/toolchain/avr8/avr8-gnu-toolchain/bin/../lib/gcc/avr/5.4.0/avrxmega4\libgcc.a(_exit.o)
 .bss           0x00000000        0x0 c:/program files (x86)/atmel/studio/7.0/toolchain/avr8/avr8-gnu-toolchain/bin/../lib/gcc/avr/5.4.0/avrxmega4\libgcc.a(_exit.o)
 .text.libgcc.mul
                0x00000000        0x0 c:/program files (x86)/atmel/studio/7.0/toolchain/avr8/avr8-gnu-toolchain/bin/../lib/gcc/avr/5.4.0/avrxmega4\libgcc.a(_exit.o)
 .text.libgcc.div
                0x00000000        0x0 c:/program files (x86)/atmel/studio/7.0/toolchain/avr8/avr8-gnu-toolchain/bin/../lib/gcc/avr/5.4.0/avrxmega4\libgcc.a(_exit.o)
 .text.libgcc   0x00000000        0x0 c:/program files (x86)/atmel/studio/7.0/toolchain/avr8/avr8-gnu-toolchain/bin/../lib/gcc/avr/5.4.0/avrxmega4\libgcc.a(_exit.o)
 .text.libgcc.prologue
                0x00000000        0x0 c:/program files (x86)/atmel/studio/7.0/toolchain/avr8/avr8-gnu-toolchain/bin/../lib/gcc/avr/5.4.0/avrxmega4\libgcc.a(_exit.o)
 .text.libgcc.builtins
                0x00000000        0x0 c:/program files (x86)/atmel/studio/7.0/toolchain/avr8/avr8-gnu-toolchain/bin/../lib/gcc/avr/5.4.0/avrxmega4\libgcc.a(_exit.o)
 .text.libgcc.fmul
                0x00000000        0x0 c:/program files (x86)/atmel/studio/7.0/toolchain/avr8/avr8-gnu-toolchain/bin/../lib/gcc/avr/5.4.0/avrxmega4\libgcc.a(_exit.o)
 .text.libgcc.fixed
                0x00000000        0x0 c:/program files (x86)/atmel/studio/7.0/toolchain/avr8/avr8-gnu-toolchain/bin/../lib/gcc/avr/5.4.0/avrxmega4\libgcc.a(_exit.o)
 .text          0x00000000        0x0 c:/program files (x86)/atmel/studio/7.0/toolchain/avr8/avr8-gnu-toolchain/bin/../lib/gcc/avr/5.4.0/avrxmega4\libgcc.a(_copy_data.o)
 .data          0x00000000        0x0 c:/program files (x86)/atmel/studio/7.0/toolchain/avr8/avr8-gnu-toolchain/bin/../lib/gcc/avr/5.4.0/avrxmega4\libgcc.a(_copy_data.o)
 .bss           0x00000000        0x0 c:/program files (x86)/atmel/studio/7.0/toolchain/avr8/avr8-gnu-toolchain/bin/../lib/gcc/avr/5.4.0/avrxmega4\libgcc.a(_copy_data.o)
 .text.libgcc.mul
                0x00000000        0x0 c:/program files (x86)/atmel/studio/7.0/toolchain/avr8/avr8-gnu-toolchain/bin/../lib/gcc/avr/5.4.0/avrxmega4\libgcc.a(_copy_data.o)
 .text.libgcc.div
                0x00000000        0x0 c:/program files (x86)/atmel/studio/7.0/toolchain/avr8/avr8-gnu-toolchain/bin/../lib/gcc/avr/5.4.0/avrxmega4\libgcc.a(_copy_data.o)
 .text.libgcc   0x00000000        0x0 c:/program files (x86)/atmel/studio/7.0/toolchain/avr8/avr8-gnu-toolchain/bin/../lib/gcc/avr/5.4.0/avrxmega4\libgcc.a(_copy_data.o)
 .text.libgcc.prologue
                0x00000000        0x0 c:/program files (x86)/atmel/studio/7.0/toolchain/avr8/avr8-gnu-toolchain/bin/../lib/gcc/avr/5.4.0/avrxmega4\libgcc.a(_copy_data.o)
 .text.libgcc.builtins
                0x00000000        0x0 c:/program files (x86)/atmel/studio/7.0/toolchain/avr8/avr8-gnu-toolchain/bin/../lib/gcc/avr/5.4.0/avrxmega4\libgcc.a(_copy_data.o)
 .text.libgcc.fmul
                0x00000000        0x0 c:/program files (x86)/atmel/studio/7.0/toolchain/avr8/avr8-gnu-toolchain/bin/../lib/gcc/avr/5.4.0/avrxmega4\libgcc.a(_copy_data.o)
 .text.libgcc.fixed
                0x00000000        0x0 c:/program files (x86)/atmel/studio/7.0/toolchain/avr8/avr8-gnu-toolchain/bin/../lib/gcc/avr/5.4.0/avrxmega4\libgcc.a(_copy_data.o)
 .text          0x00000000        0x0 c:/program files (x86)/atmel/studio/7.0/toolchain/avr8/avr8-gnu-toolchain/bin/../lib/gcc/avr/5.4.0/avrxmega4\libgcc.a(_clear_bss.o)
 .data          0x00000000        0x0 c:/program files (x86)/atmel/studio/7.0/toolchain/avr8/avr8-gnu-toolchain/bin/../lib/gcc/avr/5.4.0/avrxmega4\libgcc.a(_clear_bss.o)
 .bss           0x00000000        0x0 c:/program files (x86)/atmel/studio/7.0/toolchain/avr8/avr8-gnu-toolchain/bin/../lib/gcc/avr/5.4.0/avrxmega4\libgcc.a(_clear_bss.o)
 .text.libgcc.mul
                0x00000000        0x0 c:/program files (x86)/atmel/studio/7.0/toolchain/avr8/avr8-gnu-toolchain/bin/../lib/gcc/avr/5.4.0/avrxmega4\libgcc.a(_clear_bss.o)
 .text.libgcc.div
                0x00000000        0x0 c:/program files (x86)/atmel/studio/7.0/toolchain/avr8/avr8-gnu-toolchain/bin/../lib/gcc/avr/5.4.0/avrxmega4\libgcc.a(_clear_bss.o)
 .text.libgcc   0x00000000        0x0 c:/program files (x86)/atmel/studio/7.0/toolchain/avr8/avr8-gnu-toolchain/bin/../lib/gcc/avr/5.4.0/avrxmega4\libgcc.a(_clear_bss.o)
 .text.libgcc.prologue
                0x00000000        0x0 c:/program files (x86)/atmel/studio/7.0/toolchain/avr8/avr8-gnu-toolchain/bin/../lib/gcc/avr/5.4.0/avrxmega4\libgcc.a(_clear_bss.o)
 .text.libgcc.builtins
                0x00000000        0x0 c:/program files (x86)/atmel/studio/7.0/toolchain/avr8/avr8-gnu-toolchain/bin/../lib/gcc/avr/5.4.0/avrxmega4\libgcc.a(_clear_bss.o)
 .text.libgcc.fmul
                0x00000000        0x0 c:/program files (x86)/atmel/studio/7.0/toolchain/avr8/avr8-gnu-toolchain/bin/../lib/gcc/avr/5.4.0/avrxmega4\libgcc.a(_clear_bss.o)
 .text.libgcc.fixed
                0x00000000        0x0 c:/program files (x86)/atmel/studio/7.0/toolchain/avr8/avr8-gnu-toolchain/bin/../lib/gcc/avr/5.4.0/avrxmega4\libgcc.a(_clear_bss.o)
 .text          0x00000000        0x0 c:/program files (x86)/atmel/studio/7.0/toolchain/avr8/avr8-gnu-toolchain/bin/../lib/gcc/avr/5.4.0/../../../../avr/lib/avrxmega4\libc.a(atoi.o)
 .data          0x00000000        0x0 c:/program files (x86)/atmel/studio/7.0/toolchain/avr8/avr8-gnu-toolchain/bin/../lib/gcc/avr/5.4.0/../../../../avr/lib/avrxmega4\libc.a(atoi.o)
 .bss           0x00000000        0x0 c:/program files (x86)/atmel/studio/7.0/toolchain/avr8/avr8-gnu-toolchain/bin/../lib/gcc/avr/5.4.0/../../../../avr/lib/avrxmega4\libc.a(atoi.o)
 .text          0x00000000        0x0 c:/program files (x86)/atmel/studio/7.0/toolchain/avr8/avr8-gnu-toolchain/bin/../lib/gcc/avr/5.4.0/../../../../avr/lib/avrxmega4\libc.a(itoa_ncheck.o)
 .data          0x00000000        0x0 c:/program files (x86)/atmel/studio/7.0/toolchain/avr8/avr8-gnu-toolchain/bin/../lib/gcc/avr/5.4.0/../../../../avr/lib/avrxmega4\libc.a(itoa_ncheck.o)
 .bss           0x00000000        0x0 c:/program files (x86)/atmel/studio/7.0/toolchain/avr8/avr8-gnu-toolchain/bin/../lib/gcc/avr/5.4.0/../../../../avr/lib/avrxmega4\libc.a(itoa_ncheck.o)
 .text          0x00000000        0x0 c:/program files (x86)/atmel/studio/7.0/toolchain/avr8/avr8-gnu-toolchain/bin/../lib/gcc/avr/5.4.0/../../../../avr/lib/avrxmega4\libc.a(mul10.o)
 .data          0x00000000        0x0 c:/program files (x86)/atmel/studio/7.0/toolchain/avr8/avr8-gnu-toolchain/bin/../lib/gcc/avr/5.4.0/../../../../avr/lib/avrxmega4\libc.a(mul10.o)
 .bss           0x00000000        0x0 c:/program files (x86)/atmel/studio/7.0/toolchain/avr8/avr8-gnu-toolchain/bin/../lib/gcc/avr/5.4.0/../../../../avr/lib/avrxmega4\libc.a(mul10.o)
 .text          0x00000000        0x0 c:/program files (x86)/atmel/studio/7.0/toolchain/avr8/avr8-gnu-toolchain/bin/../lib/gcc/avr/5.4.0/../../../../avr/lib/avrxmega4\libc.a(utoa_ncheck.o)
 .data          0x00000000        0x0 c:/program files (x86)/atmel/studio/7.0/toolchain/avr8/avr8-gnu-toolchain/bin/../lib/gcc/avr/5.4.0/../../../../avr/lib/avrxmega4\libc.a(utoa_ncheck.o)
 .bss           0x00000000        0x0 c:/program files (x86)/atmel/studio/7.0/toolchain/avr8/avr8-gnu-toolchain/bin/../lib/gcc/avr/5.4.0/../../../../avr/lib/avrxmega4\libc.a(utoa_ncheck.o)
 .text          0x00000000        0x0 c:/program files (x86)/atmel/studio/7.0/toolchain/avr8/avr8-gnu-toolchain/bin/../lib/gcc/avr/5.4.0/../../../../avr/lib/avrxmega4\libc.a(snprintf.o)
 .data          0x00000000        0x0 c:/program files (x86)/atmel/studio/7.0/toolchain/avr8/avr8-gnu-toolchain/bin/../lib/gcc/avr/5.4.0/../../../../avr/lib/avrxmega4\libc.a(snprintf.o)
 .bss           0x00000000        0x0 c:/program files (x86)/atmel/studio/7.0/toolchain/avr8/avr8-gnu-toolchain/bin/../lib/gcc/avr/5.4.0/../../../../avr/lib/avrxmega4\libc.a(snprintf.o)
 .text          0x00000000        0x0 c:/program files (x86)/atmel/studio/7.0/toolchain/avr8/avr8-gnu-toolchain/bin/../lib/gcc/avr/5.4.0/../../../../avr/lib/avrxmega4\libc.a(vfprintf_std.o)
 .data          0x00000000        0x0 c:/program files (x86)/atmel/studio/7.0/toolchain/avr8/avr8-gnu-toolchain/bin/../lib/gcc/avr/5.4.0/../../../../avr/lib/avrxmega4\libc.a(vfprintf_std.o)
 .bss           0x00000000        0x0 c:/program files (x86)/atmel/studio/7.0/toolchain/avr8/avr8-gnu-toolchain/bin/../lib/gcc/avr/5.4.0/../../../../avr/lib/avrxmega4\libc.a(vfprintf_std.o)
 .text          0x00000000        0x0 c:/program files (x86)/atmel/studio/7.0/toolchain/avr8/avr8-gnu-toolchain/bin/../lib/gcc/avr/5.4.0/../../../../avr/lib/avrxmega4\libc.a(strnlen_P.o)
 .data          0x00000000        0x0 c:/program files (x86)/atmel/studio/7.0/toolchain/avr8/avr8-gnu-toolchain/bin/../lib/gcc/avr/5.4.0/../../../../avr/lib/avrxmega4\libc.a(strnlen_P.o)
 .bss           0x00000000        0x0 c:/program files (x86)/atmel/studio/7.0/toolchain/avr8/avr8-gnu-toolchain/bin/../lib/gcc/avr/5.4.0/../../../../avr/lib/avrxmega4\libc.a(strnlen_P.o)
 .text          0x00000000        0x0 c:/program files (x86)/atmel/studio/7.0/toolchain/avr8/avr8-gnu-toolchain/bin/../lib/gcc/avr/5.4.0/../../../../avr/lib/avrxmega4\libc.a(strnlen.o)
 .data          0x00000000        0x0 c:/program files (x86)/atmel/studio/7.0/toolchain/avr8/avr8-gnu-toolchain/bin/../lib/gcc/avr/5.4.0/../../../../avr/lib/avrxmega4\libc.a(strnlen.o)
 .bss           0x00000000        0x0 c:/program files (x86)/atmel/studio/7.0/toolchain/avr8/avr8-gnu-toolchain/bin/../lib/gcc/avr/5.4.0/../../../../avr/lib/avrxmega4\libc.a(strnlen.o)
 .text          0x00000000        0x0 c:/program files (x86)/atmel/studio/7.0/toolchain/avr8/avr8-gnu-toolchain/bin/../lib/gcc/avr/5.4.0/../../../../avr/lib/avrxmega4\libc.a(strrev.o)
 .data          0x00000000        0x0 c:/program files (x86)/atmel/studio/7.0/toolchain/avr8/avr8-gnu-toolchain/bin/../lib/gcc/avr/5.4.0/../../../../avr/lib/avrxmega4\libc.a(strrev.o)
 .bss           0x00000000        0x0 c:/program files (x86)/atmel/studio/7.0/toolchain/avr8/avr8-gnu-toolchain/bin/../lib/gcc/avr/5.4.0/../../../../avr/lib/avrxmega4\libc.a(strrev.o)
 .text          0x00000000        0x0 c:/program files (x86)/atmel/studio/7.0/toolchain/avr8/avr8-gnu-toolchain/bin/../lib/gcc/avr/5.4.0/../../../../avr/lib/avrxmega4\libc.a(fputc.o)
 .data          0x00000000        0x0 c:/program files (x86)/atmel/studio/7.0/toolchain/avr8/avr8-gnu-toolchain/bin/../lib/gcc/avr/5.4.0/../../../../avr/lib/avrxmega4\libc.a(fputc.o)
 .bss           0x00000000        0x0 c:/program files (x86)/atmel/studio/7.0/toolchain/avr8/avr8-gnu-toolchain/bin/../lib/gcc/avr/5.4.0/../../../../avr/lib/avrxmega4\libc.a(fputc.o)
 .text          0x00000000        0x0 c:/program files (x86)/atmel/studio/7.0/toolchain/avr8/avr8-gnu-toolchain/bin/../lib/gcc/avr/5.4.0/../../../../avr/lib/avrxmega4\libc.a(ultoa_invert.o)
 .data          0x00000000        0x0 c:/program files (x86)/atmel/studio/7.0/toolchain/avr8/avr8-gnu-toolchain/bin/../lib/gcc/avr/5.4.0/../../../../avr/lib/avrxmega4\libc.a(ultoa_invert.o)
 .bss           0x00000000        0x0 c:/program files (x86)/atmel/studio/7.0/toolchain/avr8/avr8-gnu-toolchain/bin/../lib/gcc/avr/5.4.0/../../../../avr/lib/avrxmega4\libc.a(ultoa_invert.o)
 .text          0x00000000        0x0 C:/Program Files (x86)/Atmel/Studio/7.0/Packs/atmel/AVR-Dx_DFP/1.10.114/gcc/dev/avr128db32/avrxmega4\libavr128db32.a(ccp_write.o)
 .data          0x00000000        0x0 C:/Program Files (x86)/Atmel/Studio/7.0/Packs/atmel/AVR-Dx_DFP/1.10.114/gcc/dev/avr128db32/avrxmega4\libavr128db32.a(ccp_write.o)
 .bss           0x00000000        0x0 C:/Program Files (x86)/Atmel/Studio/7.0/Packs/atmel/AVR-Dx_DFP/1.10.114/gcc/dev/avr128db32/avrxmega4\libavr128db32.a(ccp_write.o)

Memory Configuration

Name             Origin             Length             Attributes
text             0x00000000         0x00020000         xr
data             0x00804000         0x00004000         rw !x
eeprom           0x00810000         0x00000200         rw !x
fuse             0x00820000         0x00000010         rw !x
lock             0x00830000         0x00000400         rw !x
signature        0x00840000         0x00000400         rw !x
user_signatures  0x00850000         0x00000400         rw !x
*default*        0x00000000         0xffffffff

Linker script and memory map

Address of section .data set to 0x804000
                0x00008000                __RODATA_PM_OFFSET__ = 0x8000
LOAD C:/Program Files (x86)/Atmel/Studio/7.0/Packs/atmel/AVR-Dx_DFP/1.10.114/gcc/dev/avr128db32/avrxmega4/crtavr128db32.o
LOAD adc.o
LOAD dac.o
LOAD functions.o
LOAD init.o
LOAD menu.o
LOAD display.o
LOAD i2c.o
LOAD main.o
LOAD tca.o
LOAD tcb.o
LOAD usart.o
START GROUP
LOAD c:/program files (x86)/atmel/studio/7.0/toolchain/avr8/avr8-gnu-toolchain/bin/../lib/gcc/avr/5.4.0/../../../../avr/lib/avrxmega4\libm.a
END GROUP
START GROUP
LOAD c:/program files (x86)/atmel/studio/7.0/toolchain/avr8/avr8-gnu-toolchain/bin/../lib/gcc/avr/5.4.0/avrxmega4\libgcc.a
LOAD c:/program files (x86)/atmel/studio/7.0/toolchain/avr8/avr8-gnu-toolchain/bin/../lib/gcc/avr/5.4.0/../../../../avr/lib/avrxmega4\libm.a
LOAD c:/program files (x86)/atmel/studio/7.0/toolchain/avr8/avr8-gnu-toolchain/bin/../lib/gcc/avr/5.4.0/../../../../avr/lib/avrxmega4\libc.a
LOAD C:/Program Files (x86)/Atmel/Studio/7.0/Packs/atmel/AVR-Dx_DFP/1.10.114/gcc/dev/avr128db32/avrxmega4\libavr128db32.a
END GROUP
                [0x00000000]                __TEXT_REGION_ORIGIN__ = DEFINED (__TEXT_REGION_ORIGIN__)?__TEXT_REGION_ORIGIN__:0x0
                [0x00804000]                __DATA_REGION_ORIGIN__ = DEFINED (__DATA_REGION_ORIGIN__)?__DATA_REGION_ORIGIN__:0x802000
                [0x00020000]                __TEXT_REGION_LENGTH__ = DEFINED (__TEXT_REGION_LENGTH__)?__TEXT_REGION_LENGTH__:0x100000
                [0x00004000]                __DATA_REGION_LENGTH__ = DEFINED (__DATA_REGION_LENGTH__)?__DATA_REGION_LENGTH__:0xffa0
                [0x00000200]                __EEPROM_REGION_LENGTH__ = DEFINED (__EEPROM_REGION_LENGTH__)?__EEPROM_REGION_LENGTH__:0x10000
                [0x00000010]                __FUSE_REGION_LENGTH__ = DEFINED (__FUSE_REGION_LENGTH__)?__FUSE_REGION_LENGTH__:0x400
                0x00000400                __LOCK_REGION_LENGTH__ = DEFINED (__LOCK_REGION_LENGTH__)?__LOCK_REGION_LENGTH__:0x400
                0x00000400                __SIGNATURE_REGION_LENGTH__ = DEFINED (__SIGNATURE_REGION_LENGTH__)?__SIGNATURE_REGION_LENGTH__:0x400
                0x00000400                __USER_SIGNATURE_REGION_LENGTH__ = DEFINED (__USER_SIGNATURE_REGION_LENGTH__)?__USER_SIGNATURE_REGION_LENGTH__:0x400

.hash
 *(.hash)

.dynsym
 *(.dynsym)

.dynstr
 *(.dynstr)

.gnu.version
 *(.gnu.version)

.gnu.version_d
 *(.gnu.version_d)

.gnu.version_r
 *(.gnu.version_r)

.rel.init
 *(.rel.init)

.rela.init
 *(.rela.init)

.rel.text
 *(.rel.text)
 *(.rel.text.*)
 *(.rel.gnu.linkonce.t*)

.rela.text
 *(.rela.text)
 *(.rela.text.*)
 *(.rela.gnu.linkonce.t*)

.rel.fini
 *(.rel.fini)

.rela.fini
 *(.rela.fini)

.rel.rodata
 *(.rel.rodata)
 *(.rel.rodata.*)
 *(.rel.gnu.linkonce.r*)

.rela.rodata
 *(.rela.rodata)
 *(.rela.rodata.*)
 *(.rela.gnu.linkonce.r*)

.rel.data
 *(.rel.data)
 *(.rel.data.*)
 *(.rel.gnu.linkonce.d*)

.rela.data
 *(.rela.data)
 *(.rela.data.*)
 *(.rela.gnu.linkonce.d*)

.rel.ctors
 *(.rel.ctors)

.rela.ctors
 *(.rela.ctors)

.rel.dtors
 *(.rel.dtors)

.rela.dtors
 *(.rela.dtors)

.rel.got
 *(.rel.got)

.rela.got
 *(.rela.got)

.rel.bss
 *(.rel.bss)

.rela.bss
 *(.rela.bss)

.rel.plt
 *(.rel.plt)

.rela.plt
 *(.rela.plt)

.text           0x00000000     0x3012
 *(.vectors)
 .vectors       0x00000000       0xb0 C:/Program Files (x86)/Atmel/Studio/7.0/Packs/atmel/AVR-Dx_DFP/1.10.114/gcc/dev/avr128db32/avrxmega4/crtavr128db32.o
                0x00000000                __vector_default
                0x00000000                __vectors
 *(.vectors)
 *(.progmem.gcc*)
                0x000000b0                . = ALIGN (0x2)
                0x000000b0                __trampolines_start = .
 *(.trampolines)
 .trampolines   0x000000b0        0x0 linker stubs
 *(.trampolines*)
                0x000000b0                __trampolines_end = .
 *libprintf_flt.a:*(.progmem.data)
 *libc.a:*(.progmem.data)
 *(.progmem*)
                0x000000b0                . = ALIGN (0x2)
 *(.jumptables)
 *(.jumptables*)
 *(.lowtext)
 *(.lowtext*)
                0x000000b0                __ctors_start = .
 *(.ctors)
                0x000000b0                __ctors_end = .
                0x000000b0                __dtors_start = .
 *(.dtors)
                0x000000b0                __dtors_end = .
 SORT(*)(.ctors)
 SORT(*)(.dtors)
 *(.init0)
 .init0         0x000000b0        0x0 C:/Program Files (x86)/Atmel/Studio/7.0/Packs/atmel/AVR-Dx_DFP/1.10.114/gcc/dev/avr128db32/avrxmega4/crtavr128db32.o
                0x000000b0                __init
 *(.init0)
 *(.init1)
 *(.init1)
 *(.init2)
 .init2         0x000000b0        0xc C:/Program Files (x86)/Atmel/Studio/7.0/Packs/atmel/AVR-Dx_DFP/1.10.114/gcc/dev/avr128db32/avrxmega4/crtavr128db32.o
 *(.init2)
 *(.init3)
 *(.init3)
 *(.init4)
 .init4         0x000000bc       0x1a c:/program files (x86)/atmel/studio/7.0/toolchain/avr8/avr8-gnu-toolchain/bin/../lib/gcc/avr/5.4.0/avrxmega4\libgcc.a(_copy_data.o)
                0x000000bc                __do_copy_data
 .init4         0x000000d6       0x10 c:/program files (x86)/atmel/studio/7.0/toolchain/avr8/avr8-gnu-toolchain/bin/../lib/gcc/avr/5.4.0/avrxmega4\libgcc.a(_clear_bss.o)
                0x000000d6                __do_clear_bss
 *(.init4)
 *(.init5)
 *(.init5)
 *(.init6)
 *(.init6)
 *(.init7)
 *(.init7)
 *(.init8)
 *(.init8)
 *(.init9)
 .init9         0x000000e6        0x8 C:/Program Files (x86)/Atmel/Studio/7.0/Packs/atmel/AVR-Dx_DFP/1.10.114/gcc/dev/avr128db32/avrxmega4/crtavr128db32.o
 *(.init9)
 *(.text)
 .text          0x000000ee        0x4 C:/Program Files (x86)/Atmel/Studio/7.0/Packs/atmel/AVR-Dx_DFP/1.10.114/gcc/dev/avr128db32/avrxmega4/crtavr128db32.o
                0x000000ee                __vector_38
                0x000000ee                __vector_22
                0x000000ee                __vector_28
                0x000000ee                __vector_1
                0x000000ee                __vector_12
                0x000000ee                __bad_interrupt
                0x000000ee                __vector_6
                0x000000ee                __vector_31
                0x000000ee                __vector_35
                0x000000ee                __vector_39
                0x000000ee                __vector_3
                0x000000ee                __vector_23
                0x000000ee                __vector_30
                0x000000ee                __vector_25
                0x000000ee                __vector_11
                0x000000ee                __vector_13
                0x000000ee                __vector_17
                0x000000ee                __vector_19
                0x000000ee                __vector_7
                0x000000ee                __vector_41
                0x000000ee                __vector_43
                0x000000ee                __vector_27
                0x000000ee                __vector_5
                0x000000ee                __vector_33
                0x000000ee                __vector_37
                0x000000ee                __vector_4
                0x000000ee                __vector_9
                0x000000ee                __vector_2
                0x000000ee                __vector_21
                0x000000ee                __vector_15
                0x000000ee                __vector_36
                0x000000ee                __vector_29
                0x000000ee                __vector_40
                0x000000ee                __vector_8
                0x000000ee                __vector_26
                0x000000ee                __vector_10
                0x000000ee                __vector_16
                0x000000ee                __vector_18
                0x000000ee                __vector_20
                0x000000ee                __vector_42
                0x000000f2                . = ALIGN (0x2)
 *(.text.*)
 .text.ADC0_start
                0x000000f2        0x8 adc.o
                0x000000f2                ADC0_start
 .text.ADC0_change_input
                0x000000fa       0x42 adc.o
                0x000000fa                ADC0_change_input
 .text.ADC0_init
                0x0000013c       0x2c adc.o
                0x0000013c                ADC0_init
 .text.ADC0_read_value
                0x00000168       0x28 adc.o
                0x00000168                ADC0_read_value
 .text.CLKCTRL_INTERNAL_16M_init
                0x00000190        0xc functions.o
                0x00000190                CLKCTRL_INTERNAL_16M_init
 .text.LEDS_init
                0x0000019c        0xe functions.o
                0x0000019c                LEDS_init
 .text.button_init
                0x000001aa       0x12 functions.o
                0x000001aa                button_init
 .text.button_handler
                0x000001bc       0x36 functions.o
                0x000001bc                button_handler
 .text.led_handler
                0x000001f2       0x8a functions.o
                0x000001f2                led_handler
 .text.GeneratorSetDutycycle
                0x0000027c       0x58 functions.o
                0x0000027c                GeneratorSetDutycycle
 .text.SendStatus2otherMCU
                0x000002d4      0x1ae functions.o
                0x000002d4                SendStatus2otherMCU
 .text.update_variable
                0x00000482        0x8 functions.o
                0x00000482                update_variable
 .text.update_variable_uint8
                0x0000048a        0x6 functions.o
                0x0000048a                update_variable_uint8
 .text.message_handler_HMI
                0x00000490      0x292 functions.o
                0x00000490                message_handler_HMI
 .text.int2percentage
                0x00000722       0x56 functions.o
                0x00000722                int2percentage
 .text.Initialize_system
                0x00000778       0x52 init.o
                0x00000778                Initialize_system
 .text.Menu_Intro
                0x000007ca      0x182 menu.o
                0x000007ca                Menu_Intro
 .text.ButtonUpPressed
                0x0000094c      0x1e6 menu.o
                0x0000094c                ButtonUpPressed
 .text.ButtonDownPressed
                0x00000b32      0x192 menu.o
                0x00000b32                ButtonDownPressed
 .text.ButtonEnterPressed
                0x00000cc4      0x3b8 menu.o
                0x00000cc4                ButtonEnterPressed
 .text.Menu_update_infoscreen
                0x0000107c      0x22e menu.o
                0x0000107c                Menu_update_infoscreen
 .text.Menu_update_generatorscreen
                0x000012aa      0x1ae menu.o
                0x000012aa                Menu_update_generatorscreen
 .text.Menu_handler
                0x00001458      0xb9c menu.o
                0x00001458                Menu_handler
 .text.HD44780_PCF8574_E_pulse
                0x00001ff4       0x1a display.o
                0x00001ff4                HD44780_PCF8574_E_pulse
 .text.HD44780_PCF8574_Send_4bits_M4b_I
                0x0000200e       0x12 display.o
                0x0000200e                HD44780_PCF8574_Send_4bits_M4b_I
 .text.HD44780_PCF8574_Send_8bits_M4b_I
                0x00002020       0x38 display.o
                0x00002020                HD44780_PCF8574_Send_8bits_M4b_I
 .text.HD44780_PCF8574_SendInstruction
                0x00002058       0x14 display.o
                0x00002058                HD44780_PCF8574_SendInstruction
 .text.HD44780_PCF8574_Init
                0x0000206c       0x78 display.o
                0x0000206c                HD44780_PCF8574_Init
 .text.HD44780_PCF8574_SendData
                0x000020e4        0x8 display.o
                0x000020e4                HD44780_PCF8574_SendData
 .text.HD44780_PCF8574_PositionXY
                0x000020ec       0x52 display.o
                0x000020ec                HD44780_PCF8574_PositionXY
 .text.HD44780_PCF8574_DisplayClear
                0x0000213e        0x8 display.o
                0x0000213e                HD44780_PCF8574_DisplayClear
 .text.HD44780_PCF8574_CursorBlink
                0x00002146        0x8 display.o
                0x00002146                HD44780_PCF8574_CursorBlink
 .text.HD44780_PCF8574_DrawChar
                0x0000214e        0x6 display.o
                0x0000214e                HD44780_PCF8574_DrawChar
 .text.HD44780_PCF8574_DrawString
                0x00002154       0x34 display.o
                0x00002154                HD44780_PCF8574_DrawString
 .text.i2c_0_WaitW
                0x00002188       0x2c i2c.o
 .text.I2C_0_init
                0x000021b4       0x1a i2c.o
                0x000021b4                I2C_0_init
 .text.I2C_SendByte
                0x000021ce        0xa i2c.o
                0x000021ce                I2C_SendByte
 .text.I2C_SlaveAddress
                0x000021d8        0xc i2c.o
                0x000021d8                I2C_SlaveAddress
 .text.main     0x000021e4       0xcc main.o
                0x000021e4                main
 .text.__vector_24
                0x000022b0       0x58 main.o
                0x000022b0                __vector_24
 .text.TCA0_PWM_init
                0x00002308       0x2e tca.o
                0x00002308                TCA0_PWM_init
 .text.TCA0_PWM_set_duty
                0x00002336        0xa tca.o
                0x00002336                TCA0_PWM_set_duty
 .text.TCB0_init
                0x00002340       0x16 tcb.o
                0x00002340                TCB0_init
 .text.__vector_14
                0x00002356       0x7e tcb.o
                0x00002356                __vector_14
 .text.USART1_init
                0x000023d4       0x3e usart.o
                0x000023d4                USART1_init
 .text.USART1_transmitt
                0x00002412       0x68 usart.o
                0x00002412                USART1_transmitt
 .text.USART1_transmitt_char_array
                0x0000247a       0x3c usart.o
                0x0000247a                USART1_transmitt_char_array
 .text.USART1_transmit_int
                0x000024b6       0x48 usart.o
                0x000024b6                USART1_transmit_int
 .text.USART1buffer2message
                0x000024fe       0x6a usart.o
                0x000024fe                USART1buffer2message
 .text.__vector_32
                0x00002568       0x4e usart.o
                0x00002568                __vector_32
 .text.__vector_34
                0x000025b6       0x88 usart.o
                0x000025b6                __vector_34
 .text.avr-libc.fplib
                0x0000263e        0x8 c:/program files (x86)/atmel/studio/7.0/toolchain/avr8/avr8-gnu-toolchain/bin/../lib/gcc/avr/5.4.0/../../../../avr/lib/avrxmega4\libm.a(divsf3.o)
                0x0000263e                __divsf3
 .text.avr-libc.fplib
                0x00002646       0xdc c:/program files (x86)/atmel/studio/7.0/toolchain/avr8/avr8-gnu-toolchain/bin/../lib/gcc/avr/5.4.0/../../../../avr/lib/avrxmega4\libm.a(divsf3x.o)
                0x00002666                __divsf3x
                0x0000266c                __divsf3_pse
 .text.avr-libc.fplib
                0x00002722       0x5e c:/program files (x86)/atmel/studio/7.0/toolchain/avr8/avr8-gnu-toolchain/bin/../lib/gcc/avr/5.4.0/../../../../avr/lib/avrxmega4\libm.a(fixunssfsi.o)
                0x00002722                __fixunssfsi
 .text.avr-libc.fplib
                0x00002780       0x7a c:/program files (x86)/atmel/studio/7.0/toolchain/avr8/avr8-gnu-toolchain/bin/../lib/gcc/avr/5.4.0/../../../../avr/lib/avrxmega4\libm.a(floatsisf.o)
                0x00002780                __floatunsisf
                0x00002784                __floatsisf
 .text.avr-libc.fplib
                0x000027fa        0xc c:/program files (x86)/atmel/studio/7.0/toolchain/avr8/avr8-gnu-toolchain/bin/../lib/gcc/avr/5.4.0/../../../../avr/lib/avrxmega4\libm.a(fp_inf.o)
                0x000027fa                __fp_inf
 .text.avr-libc.fplib
                0x00002806        0x6 c:/program files (x86)/atmel/studio/7.0/toolchain/avr8/avr8-gnu-toolchain/bin/../lib/gcc/avr/5.4.0/../../../../avr/lib/avrxmega4\libm.a(fp_nan.o)
                0x00002806                __fp_nan
 .text.avr-libc.fplib
                0x0000280c        0xe c:/program files (x86)/atmel/studio/7.0/toolchain/avr8/avr8-gnu-toolchain/bin/../lib/gcc/avr/5.4.0/../../../../avr/lib/avrxmega4\libm.a(fp_pscA.o)
                0x0000280c                __fp_pscA
 .text.avr-libc.fplib
                0x0000281a        0xe c:/program files (x86)/atmel/studio/7.0/toolchain/avr8/avr8-gnu-toolchain/bin/../lib/gcc/avr/5.4.0/../../../../avr/lib/avrxmega4\libm.a(fp_pscB.o)
                0x0000281a                __fp_pscB
 .text.avr-libc.fplib
                0x00002828       0x22 c:/program files (x86)/atmel/studio/7.0/toolchain/avr8/avr8-gnu-toolchain/bin/../lib/gcc/avr/5.4.0/../../../../avr/lib/avrxmega4\libm.a(fp_round.o)
                0x00002828                __fp_round
 .text.avr-libc.fplib
                0x0000284a       0x44 c:/program files (x86)/atmel/studio/7.0/toolchain/avr8/avr8-gnu-toolchain/bin/../lib/gcc/avr/5.4.0/../../../../avr/lib/avrxmega4\libm.a(fp_split3.o)
                0x0000284a                __fp_split3
                0x0000285a                __fp_splitA
 .text.avr-libc.fplib
                0x0000288e        0xe c:/program files (x86)/atmel/studio/7.0/toolchain/avr8/avr8-gnu-toolchain/bin/../lib/gcc/avr/5.4.0/../../../../avr/lib/avrxmega4\libm.a(fp_zero.o)
                0x0000288e                __fp_zero
                0x00002890                __fp_szero
 .text.avr-libc.fplib
                0x0000289c        0x8 c:/program files (x86)/atmel/studio/7.0/toolchain/avr8/avr8-gnu-toolchain/bin/../lib/gcc/avr/5.4.0/../../../../avr/lib/avrxmega4\libm.a(mulsf3.o)
                0x0000289c                __mulsf3
 .text.avr-libc.fplib
                0x000028a4       0xd2 c:/program files (x86)/atmel/studio/7.0/toolchain/avr8/avr8-gnu-toolchain/bin/../lib/gcc/avr/5.4.0/../../../../avr/lib/avrxmega4\libm.a(mulsf3x.o)
                0x000028c2                __mulsf3x
                0x000028c8                __mulsf3_pse
 .text.avr-libc
                0x00002976       0x3c c:/program files (x86)/atmel/studio/7.0/toolchain/avr8/avr8-gnu-toolchain/bin/../lib/gcc/avr/5.4.0/../../../../avr/lib/avrxmega4\libc.a(atoi.o)
                0x00002976                atoi
 .text.avr-libc
                0x000029b2       0x16 c:/program files (x86)/atmel/studio/7.0/toolchain/avr8/avr8-gnu-toolchain/bin/../lib/gcc/avr/5.4.0/../../../../avr/lib/avrxmega4\libc.a(itoa_ncheck.o)
                0x000029b2                __itoa_ncheck
 .text.avr-libc
                0x000029c8       0x10 c:/program files (x86)/atmel/studio/7.0/toolchain/avr8/avr8-gnu-toolchain/bin/../lib/gcc/avr/5.4.0/../../../../avr/lib/avrxmega4\libc.a(mul10.o)
                0x000029c8                __mulhi_const_10
 .text.avr-libc
                0x000029d8       0x34 c:/program files (x86)/atmel/studio/7.0/toolchain/avr8/avr8-gnu-toolchain/bin/../lib/gcc/avr/5.4.0/../../../../avr/lib/avrxmega4\libc.a(utoa_ncheck.o)
                0x000029d8                __utoa_ncheck
                0x000029da                __utoa_common
 .text.avr-libc
                0x00002a0c       0x6e c:/program files (x86)/atmel/studio/7.0/toolchain/avr8/avr8-gnu-toolchain/bin/../lib/gcc/avr/5.4.0/../../../../avr/lib/avrxmega4\libc.a(snprintf.o)
                0x00002a0c                snprintf
 .text.avr-libc
                0x00002a7a      0x408 c:/program files (x86)/atmel/studio/7.0/toolchain/avr8/avr8-gnu-toolchain/bin/../lib/gcc/avr/5.4.0/../../../../avr/lib/avrxmega4\libc.a(vfprintf_std.o)
                0x00002a7a                vfprintf
 .text.avr-libc
                0x00002e82       0x16 c:/program files (x86)/atmel/studio/7.0/toolchain/avr8/avr8-gnu-toolchain/bin/../lib/gcc/avr/5.4.0/../../../../avr/lib/avrxmega4\libc.a(strnlen_P.o)
                0x00002e82                strnlen_P
 .text.avr-libc
                0x00002e98       0x16 c:/program files (x86)/atmel/studio/7.0/toolchain/avr8/avr8-gnu-toolchain/bin/../lib/gcc/avr/5.4.0/../../../../avr/lib/avrxmega4\libc.a(strnlen.o)
                0x00002e98                strnlen
 .text.avr-libc
                0x00002eae       0x20 c:/program files (x86)/atmel/studio/7.0/toolchain/avr8/avr8-gnu-toolchain/bin/../lib/gcc/avr/5.4.0/../../../../avr/lib/avrxmega4\libc.a(strrev.o)
                0x00002eae                strrev
 .text.avr-libc
                0x00002ece       0x78 c:/program files (x86)/atmel/studio/7.0/toolchain/avr8/avr8-gnu-toolchain/bin/../lib/gcc/avr/5.4.0/../../../../avr/lib/avrxmega4\libc.a(fputc.o)
                0x00002ece                fputc
 .text.avr-libc
                0x00002f46       0xbc c:/program files (x86)/atmel/studio/7.0/toolchain/avr8/avr8-gnu-toolchain/bin/../lib/gcc/avr/5.4.0/../../../../avr/lib/avrxmega4\libc.a(ultoa_invert.o)
                0x00002f46                __ultoa_invert
 .text.avr-libc
                0x00003002        0xc C:/Program Files (x86)/Atmel/Studio/7.0/Packs/atmel/AVR-Dx_DFP/1.10.114/gcc/dev/avr128db32/avrxmega4\libavr128db32.a(ccp_write.o)
                0x00003002                ccp_write_io
                0x0000300e                . = ALIGN (0x2)
 *(.fini9)
 .fini9         0x0000300e        0x0 c:/program files (x86)/atmel/studio/7.0/toolchain/avr8/avr8-gnu-toolchain/bin/../lib/gcc/avr/5.4.0/avrxmega4\libgcc.a(_exit.o)
                0x0000300e                _exit
                0x0000300e                exit
 *(.fini9)
 *(.fini8)
 *(.fini8)
 *(.fini7)
 *(.fini7)
 *(.fini6)
 *(.fini6)
 *(.fini5)
 *(.fini5)
 *(.fini4)
 *(.fini4)
 *(.fini3)
 *(.fini3)
 *(.fini2)
 *(.fini2)
 *(.fini1)
 *(.fini1)
 *(.fini0)
 .fini0         0x0000300e        0x4 c:/program files (x86)/atmel/studio/7.0/toolchain/avr8/avr8-gnu-toolchain/bin/../lib/gcc/avr/5.4.0/avrxmega4\libgcc.a(_exit.o)
 *(.fini0)
                0x00003012                _etext = .

.data           0x00804000      0x164 load address 0x00003012
                0x00804000                PROVIDE (__data_start, .)
 *(.data)
 *(.data*)
 .data.digital_out_status
                0x00804000        0x1 functions.o
                0x00804000                digital_out_status
 .data.digital_in_status
                0x00804001        0x1 functions.o
                0x00804001                digital_in_status
 .data.adjustgeneratormax
                0x00804002        0x2 menu.o
                0x00804002                adjustgeneratormax
 .data.adjustgeneratorstep
                0x00804004        0x2 menu.o
                0x00804004                adjustgeneratorstep
 .data.adjustgenerator_old
                0x00804006        0x2 menu.o
                0x00804006                adjustgenerator_old
 .data.adjustkdmax
                0x00804008        0x2 menu.o
                0x00804008                adjustkdmax
 .data.adjustkimax
                0x0080400a        0x2 menu.o
                0x0080400a                adjustkimax
 .data.adjustkpmax
                0x0080400c        0x2 menu.o
                0x0080400c                adjustkpmax
 .data.adjustsetpointmax
                0x0080400e        0x2 menu.o
                0x0080400e                adjustsetpointmax
 .data.adjustkdstep
                0x00804010        0x2 menu.o
                0x00804010                adjustkdstep
 .data.adjustkistep
                0x00804012        0x2 menu.o
                0x00804012                adjustkistep
 .data.adjustkpstep
                0x00804014        0x2 menu.o
                0x00804014                adjustkpstep
 .data.adjustsetpointstep
                0x00804016        0x2 menu.o
                0x00804016                adjustsetpointstep
 .data.adjustsetpoint
                0x00804018        0x2 menu.o
                0x00804018                adjustsetpoint
 .data.menuselected
                0x0080401a        0x1 menu.o
                0x0080401a                menuselected
 .data.generatorindex2status
                0x0080401b        0x2 menu.o
                0x0080401b                generatorindex2status
 .data.generatorindex1status
                0x0080401d        0x2 menu.o
                0x0080401d                generatorindex1status
 .data.generatorindex0status
                0x0080401f        0x2 menu.o
                0x0080401f                generatorindex0status
 .data.statusADC
                0x00804021        0x4 menu.o
                0x00804021                statusADC
 .data.statusUART
                0x00804025        0x5 menu.o
                0x00804025                statusUART
 .data.generatorindex3
                0x0080402a        0x7 menu.o
                0x0080402a                generatorindex3
 .data.generatorindex2
                0x00804031        0x5 menu.o
                0x00804031                generatorindex2
 .data.generatorindex1
                0x00804036        0x8 menu.o
                0x00804036                generatorindex1
 .data.generatorindex0
                0x0080403e        0x7 menu.o
                0x0080403e                generatorindex0
 .data.regulatorstatusindex4
                0x00804045        0x6 menu.o
                0x00804045                regulatorstatusindex4
 .data.regulatorstatusindex3
                0x0080404b        0x6 menu.o
                0x0080404b                regulatorstatusindex3
 .data.regulatorstatusindex2
                0x00804051        0x6 menu.o
                0x00804051                regulatorstatusindex2
 .data.regulatorstatusindex1
                0x00804057        0x6 menu.o
                0x00804057                regulatorstatusindex1
 .data.regulatorindex5
                0x0080405d        0x7 menu.o
                0x0080405d                regulatorindex5
 .data.regulatorindex4
                0x00804064        0x3 menu.o
                0x00804064                regulatorindex4
 .data.regulatorindex3
                0x00804067        0x3 menu.o
                0x00804067                regulatorindex3
 .data.regulatorindex2
                0x0080406a        0x3 menu.o
                0x0080406a                regulatorindex2
 .data.regulatorindex1
                0x0080406d        0x9 menu.o
                0x0080406d                regulatorindex1
 .data.regulatorindex0
                0x00804076        0x7 menu.o
                0x00804076                regulatorindex0
 .data.iomenuindex3status
                0x0080407d        0x2 menu.o
                0x0080407d                iomenuindex3status
 .data.iomenuindex2status
                0x0080407f        0x2 menu.o
                0x0080407f                iomenuindex2status
 .data.iomenuindex1status
                0x00804081        0x2 menu.o
                0x00804081                iomenuindex1status
 .data.iomenuindex0status
                0x00804083        0x2 menu.o
                0x00804083                iomenuindex0status
 .data.statusOff
                0x00804085        0x6 menu.o
                0x00804085                statusOff
 .data.statusOn
                0x0080408b        0x6 menu.o
                0x0080408b                statusOn
 .data.iomenuindex4
                0x00804091        0x2 menu.o
                0x00804091                iomenuindex4
 .data.iomenuindex3
                0x00804093        0xb menu.o
                0x00804093                iomenuindex3
 .data.iomenuindex2
                0x0080409e        0xa menu.o
                0x0080409e                iomenuindex2
 .data.iomenuindex1
                0x008040a8        0xc menu.o
                0x008040a8                iomenuindex1
 .data.iomenuindex0
                0x008040b4        0xb menu.o
                0x008040b4                iomenuindex0
 .data.dutycycle_string
                0x008040bf        0x6 menu.o
                0x008040bf                dutycycle_string
 .data.current_string
                0x008040c5        0x6 menu.o
                0x008040c5                current_string
 .data.backemf_string
                0x008040cb        0x6 menu.o
                0x008040cb                backemf_string
 .data.rpm_string
                0x008040d1        0x6 menu.o
                0x008040d1                rpm_string
 .data.infoindex3
                0x008040d7        0x9 menu.o
                0x008040d7                infoindex3
 .data.infoindex2
                0x008040e0        0xc menu.o
                0x008040e0                infoindex2
 .data.infoindex1
                0x008040ec        0xb menu.o
                0x008040ec                infoindex1
 .data.infoindex0
                0x008040f7        0x4 menu.o
                0x008040f7                infoindex0
 .data.mainmenuindex3
                0x008040fb        0xa menu.o
                0x008040fb                mainmenuindex3
 .data.mainmenuindex2
                0x00804105        0xc menu.o
                0x00804105                mainmenuindex2
 .data.mainmenuindex1
                0x00804111        0xe menu.o
                0x00804111                mainmenuindex1
 .data.mainmenuindex0
                0x0080411f        0xa menu.o
                0x0080411f                mainmenuindex0
 .data.returnstatus
                0x00804129        0x7 menu.o
                0x00804129                returnstatus
 .data.show_0_3
                0x00804130        0x1 menu.o
                0x00804130                show_0_3
 .data.max_menu_index
                0x00804131        0x1 menu.o
                0x00804131                max_menu_index
 .data.USART1TX_buffer_size
                0x00804132        0x1 usart.o
                0x00804132                USART1TX_buffer_size
 *(.gnu.linkonce.d*)
 *(.rodata)
 *(.rodata*)
 .rodata.str1.1
                0x00804133        0xa functions.o
 .rodata.address
                0x0080413d        0x2 functions.o
                0x0080413d                address
 .rodata.str1.1
                0x0080413f       0x25 menu.o
                                 0x2a (size before relaxing)
 *(.gnu.linkonce.r*)
                0x00804164                . = ALIGN (0x2)
                0x00804164                _edata = .
                0x00804164                PROVIDE (__data_end, .)

.bss            0x00804164      0x104
                0x00804164                PROVIDE (__bss_start, .)
 *(.bss)
 *(.bss*)
 .bss.current_value
                0x00804164        0x2 functions.o
                0x00804164                current_value
 .bss.backemf_value
                0x00804166        0x2 functions.o
                0x00804166                backemf_value
 .bss.rpm_value
                0x00804168        0x2 functions.o
                0x00804168                rpm_value
 .bss.dutycycle_value
                0x0080416a        0x2 functions.o
                0x0080416a                dutycycle_value
 .bss.analog_out_status
                0x0080416c        0x1 functions.o
                0x0080416c                analog_out_status
 .bss.analog_in_status
                0x0080416d        0x1 functions.o
                0x0080416d                analog_in_status
 .bss.buttonenter
                0x0080416e        0x1 functions.o
                0x0080416e                buttonenter
 .bss.buttonup  0x0080416f        0x1 functions.o
                0x0080416f                buttonup
 .bss.buttondown
                0x00804170        0x1 functions.o
                0x00804170                buttondown
 .bss.regulatormode_changed
                0x00804171        0x1 menu.o
                0x00804171                regulatormode_changed
 .bss.generator_changed
                0x00804172        0x1 menu.o
                0x00804172                generator_changed
 .bss.io_changed
                0x00804173        0x1 menu.o
                0x00804173                io_changed
 .bss.refresh_screen
                0x00804174        0x1 menu.o
                0x00804174                refresh_screen
 .bss.generatorADCenable
                0x00804175        0x1 menu.o
                0x00804175                generatorADCenable
 .bss.generatorenable
                0x00804176        0x1 menu.o
                0x00804176                generatorenable
 .bss.adjustgenerator
                0x00804177        0x2 menu.o
                0x00804177                adjustgenerator
 .bss.adjustkd  0x00804179        0x2 menu.o
                0x00804179                adjustkd
 .bss.adjustki  0x0080417b        0x2 menu.o
                0x0080417b                adjustki
 .bss.adjustkp  0x0080417d        0x2 menu.o
                0x0080417d                adjustkp
 .bss.adjustmode
                0x0080417f        0x1 menu.o
                0x0080417f                adjustmode
 .bss.regulatormodestatus
                0x00804180        0x1 menu.o
                0x00804180                regulatormodestatus
 .bss.indexselected
                0x00804181        0x1 menu.o
                0x00804181                indexselected
 .bss.show_2_5  0x00804182        0x1 menu.o
                0x00804182                show_2_5
 .bss.show_1_4  0x00804183        0x1 menu.o
                0x00804183                show_1_4
 .bss.Menu_handler_counter
                0x00804184        0x1 main.o
                0x00804184                Menu_handler_counter
 .bss.time2sendData
                0x00804185        0x1 tca.o
                0x00804185                time2sendData
 .bss.USART1TX_buffer_read
                0x00804186        0x1 usart.o
                0x00804186                USART1TX_buffer_read
 .bss.USART1TX_buffer_write
                0x00804187        0x1 usart.o
                0x00804187                USART1TX_buffer_write
 .bss.USART1RX_buffer_read
                0x00804188        0x1 usart.o
                0x00804188                USART1RX_buffer_read
 .bss.USART1RX_buffer_write
                0x00804189        0x1 usart.o
                0x00804189                USART1RX_buffer_write
 .bss.USART1message_available
                0x0080418a        0x1 usart.o
                0x0080418a                USART1message_available
 *(COMMON)
 COMMON         0x0080418b       0x43 adc.o
                0x0080418b                AIN_selected
                0x0080418d                USART1message_received
                0x0080419b                USART1message
                0x008041cd                USART1marker_pos
 COMMON         0x008041ce        0x4 tcb.o
                0x008041ce                time_counter
 COMMON         0x008041d2       0x96 usart.o
                0x008041d2                USART1TX_buffer
                0x00804204                USART1transmitt_buffer
                0x00804236                USART1RX_buffer
                0x00804268                PROVIDE (__bss_end, .)
                0x00003012                __data_load_start = LOADADDR (.data)
                0x00003176                __data_load_end = (__data_load_start + SIZEOF (.data))

.noinit         0x00804268        0x0
                [!provide]                PROVIDE (__noinit_start, .)
 *(.noinit*)
                [!provide]                PROVIDE (__noinit_end, .)
                0x00804268                _end = .
                [!provide]                PROVIDE (__heap_start, .)

.eeprom         0x00810000        0x0
 *(.eeprom*)
                0x00810000                __eeprom_end = .

.fuse
 *(.fuse)
 *(.lfuse)
 *(.hfuse)
 *(.efuse)

.lock
 *(.lock*)

.signature
 *(.signature*)

.user_signatures
 *(.user_signatures*)

.stab
 *(.stab)

.stabstr
 *(.stabstr)

.stab.excl
 *(.stab.excl)

.stab.exclstr
 *(.stab.exclstr)

.stab.index
 *(.stab.index)

.stab.indexstr
 *(.stab.indexstr)

.comment        0x00000000       0x5c
 *(.comment)
 .comment       0x00000000       0x30 adc.o
                                 0x31 (size before relaxing)
 .comment       0x00000030       0x31 functions.o
 .comment       0x00000030       0x31 init.o
 .comment       0x00000030       0x31 menu.o
 .comment       0x00000030       0x31 display.o
 .comment       0x00000030       0x31 i2c.o
 .comment       0x00000030       0x31 main.o
 .comment       0x00000030       0x31 tca.o
 .comment       0x00000030       0x31 tcb.o
 .comment       0x00000030       0x31 usart.o
 .comment       0x00000030       0x31 c:/program files (x86)/atmel/studio/7.0/toolchain/avr8/avr8-gnu-toolchain/bin/../lib/gcc/avr/5.4.0/../../../../avr/lib/avrxmega4\libc.a(snprintf.o)
 .comment       0x00000030       0x2c c:/program files (x86)/atmel/studio/7.0/toolchain/avr8/avr8-gnu-toolchain/bin/../lib/gcc/avr/5.4.0/../../../../avr/lib/avrxmega4\libc.a(vfprintf_std.o)
                                 0x2d (size before relaxing)
 .comment       0x0000005c       0x31 c:/program files (x86)/atmel/studio/7.0/toolchain/avr8/avr8-gnu-toolchain/bin/../lib/gcc/avr/5.4.0/../../../../avr/lib/avrxmega4\libc.a(fputc.o)

.note.gnu.avr.deviceinfo
                0x00000000       0x40
 .note.gnu.avr.deviceinfo
                0x00000000       0x40 C:/Program Files (x86)/Atmel/Studio/7.0/Packs/atmel/AVR-Dx_DFP/1.10.114/gcc/dev/avr128db32/avrxmega4/crtavr128db32.o

.note.gnu.build-id
 *(.note.gnu.build-id)

.debug
 *(.debug)

.line
 *(.line)

.debug_srcinfo
 *(.debug_srcinfo)

.debug_sfnames
 *(.debug_sfnames)

.debug_aranges  0x00000000      0x328
 *(.debug_aranges)
 .debug_aranges
                0x00000000       0x50 adc.o
 .debug_aranges
                0x00000050       0x70 functions.o
 .debug_aranges
                0x000000c0       0x20 init.o
 .debug_aranges
                0x000000e0       0x58 menu.o
 .debug_aranges
                0x00000138       0x98 display.o
 .debug_aranges
                0x000001d0       0x50 i2c.o
 .debug_aranges
                0x00000220       0x28 main.o
 .debug_aranges
                0x00000248       0x40 tca.o
 .debug_aranges
                0x00000288       0x28 tcb.o
 .debug_aranges
                0x000002b0       0x58 usart.o
 .debug_aranges
                0x00000308       0x20 C:/Program Files (x86)/Atmel/Studio/7.0/Packs/atmel/AVR-Dx_DFP/1.10.114/gcc/dev/avr128db32/avrxmega4\libavr128db32.a(ccp_write.o)

.debug_pubnames
 *(.debug_pubnames)

.debug_info     0x00000000     0xa929
 *(.debug_info .gnu.linkonce.wi.*)
 .debug_info    0x00000000     0x2550 C:/Program Files (x86)/Atmel/Studio/7.0/Packs/atmel/AVR-Dx_DFP/1.10.114/gcc/dev/avr128db32/avrxmega4/crtavr128db32.o
 .debug_info    0x00002550      0x6b8 adc.o
 .debug_info    0x00002c08     0x14f9 functions.o
 .debug_info    0x00004101      0x312 init.o
 .debug_info    0x00004413     0x39c2 menu.o
 .debug_info    0x00007dd5      0x99b display.o
 .debug_info    0x00008770      0x4fd i2c.o
 .debug_info    0x00008c6d      0x560 main.o
 .debug_info    0x000091cd      0xb7a tca.o
 .debug_info    0x00009d47      0x28b tcb.o
 .debug_info    0x00009fd2      0x8b8 usart.o
 .debug_info    0x0000a88a       0x9f C:/Program Files (x86)/Atmel/Studio/7.0/Packs/atmel/AVR-Dx_DFP/1.10.114/gcc/dev/avr128db32/avrxmega4\libavr128db32.a(ccp_write.o)

.debug_abbrev   0x00000000     0x3643
 *(.debug_abbrev)
 .debug_abbrev  0x00000000     0x2356 C:/Program Files (x86)/Atmel/Studio/7.0/Packs/atmel/AVR-Dx_DFP/1.10.114/gcc/dev/avr128db32/avrxmega4/crtavr128db32.o
 .debug_abbrev  0x00002356      0x1b4 adc.o
 .debug_abbrev  0x0000250a      0x2e7 functions.o
 .debug_abbrev  0x000027f1      0x14b init.o
 .debug_abbrev  0x0000293c      0x27e menu.o
 .debug_abbrev  0x00002bba      0x21d display.o
 .debug_abbrev  0x00002dd7      0x178 i2c.o
 .debug_abbrev  0x00002f4f      0x1b5 main.o
 .debug_abbrev  0x00003104      0x14b tca.o
 .debug_abbrev  0x0000324f      0x12d tcb.o
 .debug_abbrev  0x0000337c      0x2b3 usart.o
 .debug_abbrev  0x0000362f       0x14 C:/Program Files (x86)/Atmel/Studio/7.0/Packs/atmel/AVR-Dx_DFP/1.10.114/gcc/dev/avr128db32/avrxmega4\libavr128db32.a(ccp_write.o)

.debug_line     0x00000000     0x2f24
 *(.debug_line .debug_line.* .debug_line_end)
 .debug_line    0x00000000      0x19f C:/Program Files (x86)/Atmel/Studio/7.0/Packs/atmel/AVR-Dx_DFP/1.10.114/gcc/dev/avr128db32/avrxmega4/crtavr128db32.o
 .debug_line    0x0000019f      0x2ad adc.o
 .debug_line    0x0000044c      0x5fc functions.o
 .debug_line    0x00000a48      0x1b2 init.o
 .debug_line    0x00000bfa     0x129c menu.o
 .debug_line    0x00001e96      0x437 display.o
 .debug_line    0x000022cd      0x2ef i2c.o
 .debug_line    0x000025bc      0x292 main.o
 .debug_line    0x0000284e      0x18d tca.o
 .debug_line    0x000029db      0x155 tcb.o
 .debug_line    0x00002b30      0x38d usart.o
 .debug_line    0x00002ebd       0x67 C:/Program Files (x86)/Atmel/Studio/7.0/Packs/atmel/AVR-Dx_DFP/1.10.114/gcc/dev/avr128db32/avrxmega4\libavr128db32.a(ccp_write.o)

.debug_frame    0x00000000      0x6c4
 *(.debug_frame)
 .debug_frame   0x00000000       0x8c adc.o
 .debug_frame   0x0000008c      0x12c functions.o
 .debug_frame   0x000001b8       0x2c init.o
 .debug_frame   0x000001e4       0xac menu.o
 .debug_frame   0x00000290      0x15c display.o
 .debug_frame   0x000003ec       0xbc i2c.o
 .debug_frame   0x000004a8       0x44 main.o
 .debug_frame   0x000004ec       0x64 tca.o
 .debug_frame   0x00000550       0x54 tcb.o
 .debug_frame   0x000005a4      0x120 usart.o

.debug_str      0x00000000     0x2f99
 *(.debug_str)
 .debug_str     0x00000000     0x107c C:/Program Files (x86)/Atmel/Studio/7.0/Packs/atmel/AVR-Dx_DFP/1.10.114/gcc/dev/avr128db32/avrxmega4/crtavr128db32.o
 .debug_str     0x0000107c      0x781 adc.o
                                0x7e3 (size before relaxing)
 .debug_str     0x000017fd      0x727 functions.o
                                0x9c3 (size before relaxing)
 .debug_str     0x00001f24       0xd4 init.o
                                0x2fa (size before relaxing)
 .debug_str     0x00001ff8      0x557 menu.o
                                0x8fd (size before relaxing)
 .debug_str     0x0000254f      0x1b6 display.o
                                0x409 (size before relaxing)
 .debug_str     0x00002705      0x248 i2c.o
                                0x437 (size before relaxing)
 .debug_str     0x0000294d       0x40 main.o
                                0x475 (size before relaxing)
 .debug_str     0x0000298d      0x2d2 tca.o
                                0x82f (size before relaxing)
 .debug_str     0x00002c5f       0xa3 tcb.o
                                0x2c0 (size before relaxing)
 .debug_str     0x00002d02      0x297 usart.o
                                0x696 (size before relaxing)

.debug_loc      0x00000000     0x1a72
 *(.debug_loc)
 .debug_loc     0x00000000       0x9b adc.o
 .debug_loc     0x0000009b      0x28f functions.o
 .debug_loc     0x0000032a       0xae init.o
 .debug_loc     0x000003d8      0x4a0 menu.o
 .debug_loc     0x00000878      0x961 display.o
 .debug_loc     0x000011d9      0x39d i2c.o
 .debug_loc     0x00001576       0xac main.o
 .debug_loc     0x00001622       0x63 tcb.o
 .debug_loc     0x00001685      0x3ed usart.o

.debug_macinfo
 *(.debug_macinfo)

.debug_weaknames
 *(.debug_weaknames)

.debug_funcnames
 *(.debug_funcnames)

.debug_typenames
 *(.debug_typenames)

.debug_varnames
 *(.debug_varnames)

.debug_pubtypes
 *(.debug_pubtypes)

.debug_ranges   0x00000000      0x268
 *(.debug_ranges)
 .debug_ranges  0x00000000       0x40 adc.o
 .debug_ranges  0x00000040       0x60 functions.o
 .debug_ranges  0x000000a0       0x10 init.o
 .debug_ranges  0x000000b0       0x48 menu.o
 .debug_ranges  0x000000f8       0x88 display.o
 .debug_ranges  0x00000180       0x40 i2c.o
 .debug_ranges  0x000001c0       0x18 main.o
 .debug_ranges  0x000001d8       0x30 tca.o
 .debug_ranges  0x00000208       0x18 tcb.o
 .debug_ranges  0x00000220       0x48 usart.o

.debug_macro
 *(.debug_macro)
OUTPUT(HMI.elf elf32-avr)
LOAD linker stubs
