Archive member included to satisfy reference by file (symbol)

c:/program files (x86)/atmel/studio/7.0/toolchain/avr8/avr8-gnu-toolchain/bin/../lib/gcc/avr/5.4.0/avrxmega4\libgcc.a(_exit.o)
                              C:/Program Files (x86)/Atmel/Studio/7.0/Packs/atmel/AVR-Dx_DFP/1.10.114/gcc/dev/avr128db48/avrxmega4/crtavr128db48.o (exit)
c:/program files (x86)/atmel/studio/7.0/toolchain/avr8/avr8-gnu-toolchain/bin/../lib/gcc/avr/5.4.0/avrxmega4\libgcc.a(_copy_data.o)
                              adc.o (__do_copy_data)
c:/program files (x86)/atmel/studio/7.0/toolchain/avr8/avr8-gnu-toolchain/bin/../lib/gcc/avr/5.4.0/avrxmega4\libgcc.a(_clear_bss.o)
                              adc.o (__do_clear_bss)
c:/program files (x86)/atmel/studio/7.0/toolchain/avr8/avr8-gnu-toolchain/bin/../lib/gcc/avr/5.4.0/avrxmega4\libgcc.a(_muluhisi3.o)
                              tca.o (__muluhisi3)
c:/program files (x86)/atmel/studio/7.0/toolchain/avr8/avr8-gnu-toolchain/bin/../lib/gcc/avr/5.4.0/avrxmega4\libgcc.a(_umulhisi3.o)
                              c:/program files (x86)/atmel/studio/7.0/toolchain/avr8/avr8-gnu-toolchain/bin/../lib/gcc/avr/5.4.0/avrxmega4\libgcc.a(_muluhisi3.o) (__umulhisi3)
c:/program files (x86)/atmel/studio/7.0/toolchain/avr8/avr8-gnu-toolchain/bin/../lib/gcc/avr/5.4.0/../../../../avr/lib/avrxmega4\libc.a(atoi.o)
                              functions.o (atoi)
c:/program files (x86)/atmel/studio/7.0/toolchain/avr8/avr8-gnu-toolchain/bin/../lib/gcc/avr/5.4.0/../../../../avr/lib/avrxmega4\libc.a(strcmp.o)
                              functions.o (strcmp)
c:/program files (x86)/atmel/studio/7.0/toolchain/avr8/avr8-gnu-toolchain/bin/../lib/gcc/avr/5.4.0/../../../../avr/lib/avrxmega4\libc.a(itoa_ncheck.o)
                              usart.o (__itoa_ncheck)
c:/program files (x86)/atmel/studio/7.0/toolchain/avr8/avr8-gnu-toolchain/bin/../lib/gcc/avr/5.4.0/../../../../avr/lib/avrxmega4\libc.a(mul10.o)
                              c:/program files (x86)/atmel/studio/7.0/toolchain/avr8/avr8-gnu-toolchain/bin/../lib/gcc/avr/5.4.0/../../../../avr/lib/avrxmega4\libc.a(atoi.o) (__mulhi_const_10)
c:/program files (x86)/atmel/studio/7.0/toolchain/avr8/avr8-gnu-toolchain/bin/../lib/gcc/avr/5.4.0/../../../../avr/lib/avrxmega4\libc.a(utoa_ncheck.o)
                              c:/program files (x86)/atmel/studio/7.0/toolchain/avr8/avr8-gnu-toolchain/bin/../lib/gcc/avr/5.4.0/../../../../avr/lib/avrxmega4\libc.a(itoa_ncheck.o) (__utoa_common)
c:/program files (x86)/atmel/studio/7.0/toolchain/avr8/avr8-gnu-toolchain/bin/../lib/gcc/avr/5.4.0/../../../../avr/lib/avrxmega4\libc.a(snprintf.o)
                              functions.o (snprintf)
c:/program files (x86)/atmel/studio/7.0/toolchain/avr8/avr8-gnu-toolchain/bin/../lib/gcc/avr/5.4.0/../../../../avr/lib/avrxmega4\libc.a(vfprintf_std.o)
                              c:/program files (x86)/atmel/studio/7.0/toolchain/avr8/avr8-gnu-toolchain/bin/../lib/gcc/avr/5.4.0/../../../../avr/lib/avrxmega4\libc.a(snprintf.o) (vfprintf)
c:/program files (x86)/atmel/studio/7.0/toolchain/avr8/avr8-gnu-toolchain/bin/../lib/gcc/avr/5.4.0/../../../../avr/lib/avrxmega4\libc.a(strnlen_P.o)
                              c:/program files (x86)/atmel/studio/7.0/toolchain/avr8/avr8-gnu-toolchain/bin/../lib/gcc/avr/5.4.0/../../../../avr/lib/avrxmega4\libc.a(vfprintf_std.o) (strnlen_P)
c:/program files (x86)/atmel/studio/7.0/toolchain/avr8/avr8-gnu-toolchain/bin/../lib/gcc/avr/5.4.0/../../../../avr/lib/avrxmega4\libc.a(strnlen.o)
                              c:/program files (x86)/atmel/studio/7.0/toolchain/avr8/avr8-gnu-toolchain/bin/../lib/gcc/avr/5.4.0/../../../../avr/lib/avrxmega4\libc.a(vfprintf_std.o) (strnlen)
c:/program files (x86)/atmel/studio/7.0/toolchain/avr8/avr8-gnu-toolchain/bin/../lib/gcc/avr/5.4.0/../../../../avr/lib/avrxmega4\libc.a(strrev.o)
                              c:/program files (x86)/atmel/studio/7.0/toolchain/avr8/avr8-gnu-toolchain/bin/../lib/gcc/avr/5.4.0/../../../../avr/lib/avrxmega4\libc.a(utoa_ncheck.o) (strrev)
c:/program files (x86)/atmel/studio/7.0/toolchain/avr8/avr8-gnu-toolchain/bin/../lib/gcc/avr/5.4.0/../../../../avr/lib/avrxmega4\libc.a(fputc.o)
                              c:/program files (x86)/atmel/studio/7.0/toolchain/avr8/avr8-gnu-toolchain/bin/../lib/gcc/avr/5.4.0/../../../../avr/lib/avrxmega4\libc.a(vfprintf_std.o) (fputc)
c:/program files (x86)/atmel/studio/7.0/toolchain/avr8/avr8-gnu-toolchain/bin/../lib/gcc/avr/5.4.0/../../../../avr/lib/avrxmega4\libc.a(ultoa_invert.o)
                              c:/program files (x86)/atmel/studio/7.0/toolchain/avr8/avr8-gnu-toolchain/bin/../lib/gcc/avr/5.4.0/../../../../avr/lib/avrxmega4\libc.a(vfprintf_std.o) (__ultoa_invert)
C:/Program Files (x86)/Atmel/Studio/7.0/Packs/atmel/AVR-Dx_DFP/1.10.114/gcc/dev/avr128db48/avrxmega4\libavr128db48.a(ccp_write.o)
                              functions.o (ccp_write_io)

Allocating common symbols
Common symbol       size              file

marker_transmitt_pos
                    0x1               usart.o
menuitem0status     0x2               menu.o
now                 0x2               main.o
menuitem2status     0x2               menu.o
AIN_selected        0x2               adc.o
string              0x4               main.o
message             0x32              adc.o
menuitem3status     0x2               menu.o
TX_buffer           0x32              usart.o
message_received    0xe               adc.o
RX_buffer           0x32              usart.o
transmitt_buffer    0x32              usart.o
stringmeasureValue  0x6               main.o
menuitem1status     0x2               menu.o

Discarded input sections

 .data          0x00000000        0x0 C:/Program Files (x86)/Atmel/Studio/7.0/Packs/atmel/AVR-Dx_DFP/1.10.114/gcc/dev/avr128db48/avrxmega4/crtavr128db48.o
 .bss           0x00000000        0x0 C:/Program Files (x86)/Atmel/Studio/7.0/Packs/atmel/AVR-Dx_DFP/1.10.114/gcc/dev/avr128db48/avrxmega4/crtavr128db48.o
 .text          0x00000000        0x0 adc.o
 .data          0x00000000        0x0 adc.o
 .bss           0x00000000        0x0 adc.o
 .text.ADC0_start
                0x00000000        0x8 adc.o
 .text.ADC0_stop
                0x00000000        0x8 adc.o
 .text.ADC0_change_input
                0x00000000       0x42 adc.o
 .text.ADC0_init
                0x00000000       0x30 adc.o
 .text.ADC0_read_value
                0x00000000       0x16 adc.o
 .text.ADC0_read_assigned_value
                0x00000000       0x72 adc.o
 .text          0x00000000        0x0 dac.o
 .data          0x00000000        0x0 dac.o
 .bss           0x00000000        0x0 dac.o
 .text.DAC0_setvalue
                0x00000000       0x1c dac.o
 .text.DAC0_enable
                0x00000000        0x8 dac.o
 .text.DAC0_init
                0x00000000       0x18 dac.o
 .rodata.str1.1
                0x00000000        0xe dac.o
 .text.DAC0_disable
                0x00000000       0x18 dac.o
 .debug_info    0x00000000      0x392 dac.o
 .debug_abbrev  0x00000000      0x1bc dac.o
 .debug_loc     0x00000000       0x6c dac.o
 .debug_aranges
                0x00000000       0x38 dac.o
 .debug_ranges  0x00000000       0x28 dac.o
 .debug_line    0x00000000      0x1d4 dac.o
 .debug_str     0x00000000      0x39a dac.o
 .comment       0x00000000       0x31 dac.o
 .debug_frame   0x00000000       0x54 dac.o
 .text          0x00000000        0x0 functions.o
 .data          0x00000000        0x0 functions.o
 .bss           0x00000000        0x0 functions.o
 .text.CLKCTRL_INTERNAL_24M_init
                0x00000000        0xc functions.o
 .text.x16bitTo32Bit
                0x00000000       0x10 functions.o
 .rodata.str1.1
                0x00000000       0x3a functions.o
 .text.uint16ToString
                0x00000000       0x24 functions.o
 .text.message_handler_HMI
                0x00000000       0xda functions.o
 .text.message_handler
                0x00000000       0x3a functions.o
 .text.set_io   0x00000000        0x2 functions.o
 .text.convert_period2hz
                0x00000000        0x8 functions.o
 .text.convert_period2rpm
                0x00000000        0x8 functions.o
 .bss.motor_running
                0x00000000        0x1 functions.o
 .rodata.address
                0x00000000        0x2 functions.o
 .text          0x00000000        0x0 init.o
 .data          0x00000000        0x0 init.o
 .bss           0x00000000        0x0 init.o
 .text          0x00000000        0x0 menu.o
 .data          0x00000000        0x0 menu.o
 .bss           0x00000000        0x0 menu.o
 .rodata.str1.1
                0x00000000       0x28 menu.o
 .text.Menu_Intro
                0x00000000      0x12c menu.o
 .text.Info_Menu_Init
                0x00000000       0xb2 menu.o
 .text.Info_Menu_Values
                0x00000000       0x4a menu.o
 .text.Draw_Menu_Items
                0x00000000      0x384 menu.o
 .text.Main_Menu_Handler
                0x00000000       0x5a menu.o
 .text.settings_menu_handler
                0x00000000      0x21e menu.o
 .text.ButtonUpPressed
                0x00000000       0x86 menu.o
 .text.ButtonDownPressed
                0x00000000       0x8e menu.o
 .text.Main_Menu_Selector
                0x00000000       0x4e menu.o
 .text.ToggleStatus
                0x00000000      0x14c menu.o
 .text.ButtonEnterPressed
                0x00000000       0x32 menu.o
 .bss.menuselected
                0x00000000        0x1 menu.o
 .bss.index4status
                0x00000000        0x1 menu.o
 .bss.index3status
                0x00000000        0x1 menu.o
 .bss.index2status
                0x00000000        0x1 menu.o
 .bss.index1status
                0x00000000        0x1 menu.o
 .bss.index0status
                0x00000000        0x1 menu.o
 .bss.show2_5   0x00000000        0x1 menu.o
 .bss.show1_4   0x00000000        0x1 menu.o
 .data.show0_3  0x00000000        0x1 menu.o
 .data.menuitem3
                0x00000000        0x2 menu.o
 .data.menuitem2
                0x00000000        0x2 menu.o
 .data.menuitem1
                0x00000000        0x2 menu.o
 .data.menuitem0
                0x00000000        0x2 menu.o
 .data.menuindex5status
                0x00000000        0x2 menu.o
 .data.menuindex4status
                0x00000000        0x2 menu.o
 .data.menuindex3status
                0x00000000        0x2 menu.o
 .data.menuindex2status
                0x00000000        0x2 menu.o
 .data.menuindex1status
                0x00000000        0x2 menu.o
 .data.menuindex0status
                0x00000000        0x2 menu.o
 .data.menuitemstatusoff
                0x00000000        0x6 menu.o
 .data.menuitemstatuson
                0x00000000        0x6 menu.o
 .data.statusOff
                0x00000000        0x6 menu.o
 .data.statusOn
                0x00000000        0x6 menu.o
 .data.menuindex5
                0x00000000        0x7 menu.o
 .data.menuindex4
                0x00000000        0xa menu.o
 .data.menuindex3
                0x00000000        0xa menu.o
 .data.menuindex2
                0x00000000        0xa menu.o
 .data.menuindex1
                0x00000000        0xa menu.o
 .data.menuindex0
                0x00000000        0xa menu.o
 .data.value_placeholder
                0x00000000        0x6 menu.o
 .data.infoindex3
                0x00000000        0x9 menu.o
 .data.infoindex2
                0x00000000        0x9 menu.o
 .data.infoindex1
                0x00000000        0x9 menu.o
 .data.infoindex0
                0x00000000        0x9 menu.o
 .data.mainmenuindex3
                0x00000000        0x7 menu.o
 .data.mainmenuindex2
                0x00000000        0x7 menu.o
 .data.mainmenuindex1
                0x00000000        0x9 menu.o
 .data.mainmenuindex0
                0x00000000        0xa menu.o
 .data.max_menu_index
                0x00000000        0x1 menu.o
 .bss.selected_menuitem
                0x00000000        0x1 menu.o
 .bss.selected_menu_index
                0x00000000        0x1 menu.o
 .rodata.addr   0x00000000        0x1 menu.o
 .debug_info    0x00000000     0x16bd menu.o
 .debug_abbrev  0x00000000      0x1f0 menu.o
 .debug_loc     0x00000000      0x17a menu.o
 .debug_aranges
                0x00000000       0x70 menu.o
 .debug_ranges  0x00000000       0x60 menu.o
 .debug_line    0x00000000      0x904 menu.o
 .debug_str     0x00000000      0x5af menu.o
 .comment       0x00000000       0x31 menu.o
 .debug_frame   0x00000000       0xdc menu.o
 COMMON         0x00000000        0x8 menu.o
 .text          0x00000000        0x0 display.o
 .data          0x00000000        0x0 display.o
 .bss           0x00000000        0x0 display.o
 .text.HD44780_PCF8574_E_pulse
                0x00000000       0x1a display.o
 .text.HD44780_PCF8574_Send_4bits_M4b_I
                0x00000000       0x12 display.o
 .text.HD44780_PCF8574_Send_8bits_M4b_I
                0x00000000       0x38 display.o
 .text.HD44780_PCF8574_CheckBF
                0x00000000        0x2 display.o
 .text.HD44780_PCF8574_SendInstruction
                0x00000000       0x14 display.o
 .text.HD44780_PCF8574_Init
                0x00000000       0x78 display.o
 .text.HD44780_PCF8574_SendData
                0x00000000        0x8 display.o
 .text.HD44780_PCF8574_PositionXY
                0x00000000       0x52 display.o
 .text.HD44780_PCF8574_DisplayClear
                0x00000000        0x8 display.o
 .text.HD44780_PCF8574_DisplayOn
                0x00000000        0x8 display.o
 .text.HD44780_PCF8574_CursorOn
                0x00000000        0x8 display.o
 .text.HD44780_PCF8574_CursorBlink
                0x00000000        0x8 display.o
 .text.HD44780_PCF8574_DrawChar
                0x00000000        0x6 display.o
 .text.HD44780_PCF8574_DrawString
                0x00000000       0x34 display.o
 .rodata.str1.1
                0x00000000       0x15 display.o
 .text.HD44780_PCF8574_ClearLine
                0x00000000       0x1a display.o
 .text.HD44780_PCF8574_Shift
                0x00000000       0x4c display.o
 .debug_info    0x00000000      0x99b display.o
 .debug_abbrev  0x00000000      0x21d display.o
 .debug_loc     0x00000000      0x961 display.o
 .debug_aranges
                0x00000000       0x98 display.o
 .debug_ranges  0x00000000       0x88 display.o
 .debug_line    0x00000000      0x437 display.o
 .debug_str     0x00000000      0x41e display.o
 .comment       0x00000000       0x31 display.o
 .debug_frame   0x00000000      0x15c display.o
 .text          0x00000000        0x0 i2c.o
 .data          0x00000000        0x0 i2c.o
 .bss           0x00000000        0x0 i2c.o
 .text.i2c_0_WaitW
                0x00000000       0x2c i2c.o
 .text.i2c_0_WaitR
                0x00000000       0x20 i2c.o
 .text.I2C_0_SendData
                0x00000000       0x6a i2c.o
 .text.I2C_SendByte
                0x00000000        0xa i2c.o
 .text.I2C_SlaveAddress
                0x00000000        0xc i2c.o
 .text.I2C_0_GetData
                0x00000000       0x78 i2c.o
 .text          0x00000000        0x0 main.o
 .data          0x00000000        0x0 main.o
 .bss           0x00000000        0x0 main.o
 .data.tcb0_period_temp_old
                0x00000000        0x4 main.o
 .bss.tcb0_period_temp_new
                0x00000000        0x4 main.o
 .data.regulatormode
                0x00000000        0x1 main.o
 .bss.digital_out_status
                0x00000000        0x1 main.o
 .bss.digital_in_status
                0x00000000        0x1 main.o
 .bss.analog_out_status
                0x00000000        0x1 main.o
 .bss.analog_in_status
                0x00000000        0x1 main.o
 .bss.count     0x00000000        0x2 main.o
 .text          0x00000000        0x0 tca.o
 .data          0x00000000        0x0 tca.o
 .bss           0x00000000        0x0 tca.o
 .text.TCA1_timer_init
                0x00000000       0x24 tca.o
 .text.TCA0_PWM_init
                0x00000000       0x32 tca.o
 .text.TCA0_PWM_enable
                0x00000000        0xc tca.o
 .text.TCA0_PWM_disable
                0x00000000        0xc tca.o
 .text.TCA0_PWM_set_duty
                0x00000000        0xa tca.o
 .text.TCA0_PWM_set_period
                0x00000000        0xa tca.o
 .text.TCA1_PWM_init
                0x00000000       0x2c tca.o
 .text.TCA1_PWM_enable
                0x00000000        0xc tca.o
 .text.TCA1_PWM_disable
                0x00000000        0xc tca.o
 .text.TCA1_PWM_set_duty
                0x00000000        0xa tca.o
 .text.TCA1_PWM_set_period
                0x00000000        0xa tca.o
 .text.read_tca_time
                0x00000000       0x68 tca.o
 .text.reset_tca_time
                0x00000000       0x1a tca.o
 .bss.counted_time
                0x00000000        0x4 tca.o
 .text          0x00000000        0x0 usart.o
 .data          0x00000000        0x0 usart.o
 .bss           0x00000000        0x0 usart.o
 .text.USART3_transmit_int
                0x00000000       0x48 usart.o
 .text.buffer2message
                0x00000000       0x60 usart.o
 .bss.last      0x00000000        0x1 usart.o
 .bss.next      0x00000000        0x1 usart.o
 .bss.RX_buffer_read
                0x00000000        0x1 usart.o
 .data.MAX_MESSAGE_SIZE
                0x00000000        0x1 usart.o
 .data.message_transmitt
                0x00000000        0xc usart.o
 .data.message_length
                0x00000000        0x1 usart.o
 .bss.message_available
                0x00000000        0x1 usart.o
 .bss.message_ready
                0x00000000        0x1 usart.o
 .bss.marker_pos
                0x00000000        0x1 usart.o
 .text          0x00000000        0x0 c:/program files (x86)/atmel/studio/7.0/toolchain/avr8/avr8-gnu-toolchain/bin/../lib/gcc/avr/5.4.0/avrxmega4\libgcc.a(_exit.o)
 .data          0x00000000        0x0 c:/program files (x86)/atmel/studio/7.0/toolchain/avr8/avr8-gnu-toolchain/bin/../lib/gcc/avr/5.4.0/avrxmega4\libgcc.a(_exit.o)
 .bss           0x00000000        0x0 c:/program files (x86)/atmel/studio/7.0/toolchain/avr8/avr8-gnu-toolchain/bin/../lib/gcc/avr/5.4.0/avrxmega4\libgcc.a(_exit.o)
 .text.libgcc.mul
                0x00000000        0x0 c:/program files (x86)/atmel/studio/7.0/toolchain/avr8/avr8-gnu-toolchain/bin/../lib/gcc/avr/5.4.0/avrxmega4\libgcc.a(_exit.o)
 .text.libgcc.div
                0x00000000        0x0 c:/program files (x86)/atmel/studio/7.0/toolchain/avr8/avr8-gnu-toolchain/bin/../lib/gcc/avr/5.4.0/avrxmega4\libgcc.a(_exit.o)
 .text.libgcc   0x00000000        0x0 c:/program files (x86)/atmel/studio/7.0/toolchain/avr8/avr8-gnu-toolchain/bin/../lib/gcc/avr/5.4.0/avrxmega4\libgcc.a(_exit.o)
 .text.libgcc.prologue
                0x00000000        0x0 c:/program files (x86)/atmel/studio/7.0/toolchain/avr8/avr8-gnu-toolchain/bin/../lib/gcc/avr/5.4.0/avrxmega4\libgcc.a(_exit.o)
 .text.libgcc.builtins
                0x00000000        0x0 c:/program files (x86)/atmel/studio/7.0/toolchain/avr8/avr8-gnu-toolchain/bin/../lib/gcc/avr/5.4.0/avrxmega4\libgcc.a(_exit.o)
 .text.libgcc.fmul
                0x00000000        0x0 c:/program files (x86)/atmel/studio/7.0/toolchain/avr8/avr8-gnu-toolchain/bin/../lib/gcc/avr/5.4.0/avrxmega4\libgcc.a(_exit.o)
 .text.libgcc.fixed
                0x00000000        0x0 c:/program files (x86)/atmel/studio/7.0/toolchain/avr8/avr8-gnu-toolchain/bin/../lib/gcc/avr/5.4.0/avrxmega4\libgcc.a(_exit.o)
 .text          0x00000000        0x0 c:/program files (x86)/atmel/studio/7.0/toolchain/avr8/avr8-gnu-toolchain/bin/../lib/gcc/avr/5.4.0/avrxmega4\libgcc.a(_copy_data.o)
 .data          0x00000000        0x0 c:/program files (x86)/atmel/studio/7.0/toolchain/avr8/avr8-gnu-toolchain/bin/../lib/gcc/avr/5.4.0/avrxmega4\libgcc.a(_copy_data.o)
 .bss           0x00000000        0x0 c:/program files (x86)/atmel/studio/7.0/toolchain/avr8/avr8-gnu-toolchain/bin/../lib/gcc/avr/5.4.0/avrxmega4\libgcc.a(_copy_data.o)
 .text.libgcc.mul
                0x00000000        0x0 c:/program files (x86)/atmel/studio/7.0/toolchain/avr8/avr8-gnu-toolchain/bin/../lib/gcc/avr/5.4.0/avrxmega4\libgcc.a(_copy_data.o)
 .text.libgcc.div
                0x00000000        0x0 c:/program files (x86)/atmel/studio/7.0/toolchain/avr8/avr8-gnu-toolchain/bin/../lib/gcc/avr/5.4.0/avrxmega4\libgcc.a(_copy_data.o)
 .text.libgcc   0x00000000        0x0 c:/program files (x86)/atmel/studio/7.0/toolchain/avr8/avr8-gnu-toolchain/bin/../lib/gcc/avr/5.4.0/avrxmega4\libgcc.a(_copy_data.o)
 .text.libgcc.prologue
                0x00000000        0x0 c:/program files (x86)/atmel/studio/7.0/toolchain/avr8/avr8-gnu-toolchain/bin/../lib/gcc/avr/5.4.0/avrxmega4\libgcc.a(_copy_data.o)
 .text.libgcc.builtins
                0x00000000        0x0 c:/program files (x86)/atmel/studio/7.0/toolchain/avr8/avr8-gnu-toolchain/bin/../lib/gcc/avr/5.4.0/avrxmega4\libgcc.a(_copy_data.o)
 .text.libgcc.fmul
                0x00000000        0x0 c:/program files (x86)/atmel/studio/7.0/toolchain/avr8/avr8-gnu-toolchain/bin/../lib/gcc/avr/5.4.0/avrxmega4\libgcc.a(_copy_data.o)
 .text.libgcc.fixed
                0x00000000        0x0 c:/program files (x86)/atmel/studio/7.0/toolchain/avr8/avr8-gnu-toolchain/bin/../lib/gcc/avr/5.4.0/avrxmega4\libgcc.a(_copy_data.o)
 .text          0x00000000        0x0 c:/program files (x86)/atmel/studio/7.0/toolchain/avr8/avr8-gnu-toolchain/bin/../lib/gcc/avr/5.4.0/avrxmega4\libgcc.a(_clear_bss.o)
 .data          0x00000000        0x0 c:/program files (x86)/atmel/studio/7.0/toolchain/avr8/avr8-gnu-toolchain/bin/../lib/gcc/avr/5.4.0/avrxmega4\libgcc.a(_clear_bss.o)
 .bss           0x00000000        0x0 c:/program files (x86)/atmel/studio/7.0/toolchain/avr8/avr8-gnu-toolchain/bin/../lib/gcc/avr/5.4.0/avrxmega4\libgcc.a(_clear_bss.o)
 .text.libgcc.mul
                0x00000000        0x0 c:/program files (x86)/atmel/studio/7.0/toolchain/avr8/avr8-gnu-toolchain/bin/../lib/gcc/avr/5.4.0/avrxmega4\libgcc.a(_clear_bss.o)
 .text.libgcc.div
                0x00000000        0x0 c:/program files (x86)/atmel/studio/7.0/toolchain/avr8/avr8-gnu-toolchain/bin/../lib/gcc/avr/5.4.0/avrxmega4\libgcc.a(_clear_bss.o)
 .text.libgcc   0x00000000        0x0 c:/program files (x86)/atmel/studio/7.0/toolchain/avr8/avr8-gnu-toolchain/bin/../lib/gcc/avr/5.4.0/avrxmega4\libgcc.a(_clear_bss.o)
 .text.libgcc.prologue
                0x00000000        0x0 c:/program files (x86)/atmel/studio/7.0/toolchain/avr8/avr8-gnu-toolchain/bin/../lib/gcc/avr/5.4.0/avrxmega4\libgcc.a(_clear_bss.o)
 .text.libgcc.builtins
                0x00000000        0x0 c:/program files (x86)/atmel/studio/7.0/toolchain/avr8/avr8-gnu-toolchain/bin/../lib/gcc/avr/5.4.0/avrxmega4\libgcc.a(_clear_bss.o)
 .text.libgcc.fmul
                0x00000000        0x0 c:/program files (x86)/atmel/studio/7.0/toolchain/avr8/avr8-gnu-toolchain/bin/../lib/gcc/avr/5.4.0/avrxmega4\libgcc.a(_clear_bss.o)
 .text.libgcc.fixed
                0x00000000        0x0 c:/program files (x86)/atmel/studio/7.0/toolchain/avr8/avr8-gnu-toolchain/bin/../lib/gcc/avr/5.4.0/avrxmega4\libgcc.a(_clear_bss.o)
 .text          0x00000000        0x0 c:/program files (x86)/atmel/studio/7.0/toolchain/avr8/avr8-gnu-toolchain/bin/../lib/gcc/avr/5.4.0/avrxmega4\libgcc.a(_muluhisi3.o)
 .data          0x00000000        0x0 c:/program files (x86)/atmel/studio/7.0/toolchain/avr8/avr8-gnu-toolchain/bin/../lib/gcc/avr/5.4.0/avrxmega4\libgcc.a(_muluhisi3.o)
 .bss           0x00000000        0x0 c:/program files (x86)/atmel/studio/7.0/toolchain/avr8/avr8-gnu-toolchain/bin/../lib/gcc/avr/5.4.0/avrxmega4\libgcc.a(_muluhisi3.o)
 .text.libgcc.mul
                0x00000000       0x16 c:/program files (x86)/atmel/studio/7.0/toolchain/avr8/avr8-gnu-toolchain/bin/../lib/gcc/avr/5.4.0/avrxmega4\libgcc.a(_muluhisi3.o)
 .text.libgcc.div
                0x00000000        0x0 c:/program files (x86)/atmel/studio/7.0/toolchain/avr8/avr8-gnu-toolchain/bin/../lib/gcc/avr/5.4.0/avrxmega4\libgcc.a(_muluhisi3.o)
 .text.libgcc   0x00000000        0x0 c:/program files (x86)/atmel/studio/7.0/toolchain/avr8/avr8-gnu-toolchain/bin/../lib/gcc/avr/5.4.0/avrxmega4\libgcc.a(_muluhisi3.o)
 .text.libgcc.prologue
                0x00000000        0x0 c:/program files (x86)/atmel/studio/7.0/toolchain/avr8/avr8-gnu-toolchain/bin/../lib/gcc/avr/5.4.0/avrxmega4\libgcc.a(_muluhisi3.o)
 .text.libgcc.builtins
                0x00000000        0x0 c:/program files (x86)/atmel/studio/7.0/toolchain/avr8/avr8-gnu-toolchain/bin/../lib/gcc/avr/5.4.0/avrxmega4\libgcc.a(_muluhisi3.o)
 .text.libgcc.fmul
                0x00000000        0x0 c:/program files (x86)/atmel/studio/7.0/toolchain/avr8/avr8-gnu-toolchain/bin/../lib/gcc/avr/5.4.0/avrxmega4\libgcc.a(_muluhisi3.o)
 .text.libgcc.fixed
                0x00000000        0x0 c:/program files (x86)/atmel/studio/7.0/toolchain/avr8/avr8-gnu-toolchain/bin/../lib/gcc/avr/5.4.0/avrxmega4\libgcc.a(_muluhisi3.o)
 .text          0x00000000        0x0 c:/program files (x86)/atmel/studio/7.0/toolchain/avr8/avr8-gnu-toolchain/bin/../lib/gcc/avr/5.4.0/avrxmega4\libgcc.a(_umulhisi3.o)
 .data          0x00000000        0x0 c:/program files (x86)/atmel/studio/7.0/toolchain/avr8/avr8-gnu-toolchain/bin/../lib/gcc/avr/5.4.0/avrxmega4\libgcc.a(_umulhisi3.o)
 .bss           0x00000000        0x0 c:/program files (x86)/atmel/studio/7.0/toolchain/avr8/avr8-gnu-toolchain/bin/../lib/gcc/avr/5.4.0/avrxmega4\libgcc.a(_umulhisi3.o)
 .text.libgcc.mul
                0x00000000       0x1e c:/program files (x86)/atmel/studio/7.0/toolchain/avr8/avr8-gnu-toolchain/bin/../lib/gcc/avr/5.4.0/avrxmega4\libgcc.a(_umulhisi3.o)
 .text.libgcc.div
                0x00000000        0x0 c:/program files (x86)/atmel/studio/7.0/toolchain/avr8/avr8-gnu-toolchain/bin/../lib/gcc/avr/5.4.0/avrxmega4\libgcc.a(_umulhisi3.o)
 .text.libgcc   0x00000000        0x0 c:/program files (x86)/atmel/studio/7.0/toolchain/avr8/avr8-gnu-toolchain/bin/../lib/gcc/avr/5.4.0/avrxmega4\libgcc.a(_umulhisi3.o)
 .text.libgcc.prologue
                0x00000000        0x0 c:/program files (x86)/atmel/studio/7.0/toolchain/avr8/avr8-gnu-toolchain/bin/../lib/gcc/avr/5.4.0/avrxmega4\libgcc.a(_umulhisi3.o)
 .text.libgcc.builtins
                0x00000000        0x0 c:/program files (x86)/atmel/studio/7.0/toolchain/avr8/avr8-gnu-toolchain/bin/../lib/gcc/avr/5.4.0/avrxmega4\libgcc.a(_umulhisi3.o)
 .text.libgcc.fmul
                0x00000000        0x0 c:/program files (x86)/atmel/studio/7.0/toolchain/avr8/avr8-gnu-toolchain/bin/../lib/gcc/avr/5.4.0/avrxmega4\libgcc.a(_umulhisi3.o)
 .text.libgcc.fixed
                0x00000000        0x0 c:/program files (x86)/atmel/studio/7.0/toolchain/avr8/avr8-gnu-toolchain/bin/../lib/gcc/avr/5.4.0/avrxmega4\libgcc.a(_umulhisi3.o)
 .text          0x00000000        0x0 c:/program files (x86)/atmel/studio/7.0/toolchain/avr8/avr8-gnu-toolchain/bin/../lib/gcc/avr/5.4.0/../../../../avr/lib/avrxmega4\libc.a(atoi.o)
 .data          0x00000000        0x0 c:/program files (x86)/atmel/studio/7.0/toolchain/avr8/avr8-gnu-toolchain/bin/../lib/gcc/avr/5.4.0/../../../../avr/lib/avrxmega4\libc.a(atoi.o)
 .bss           0x00000000        0x0 c:/program files (x86)/atmel/studio/7.0/toolchain/avr8/avr8-gnu-toolchain/bin/../lib/gcc/avr/5.4.0/../../../../avr/lib/avrxmega4\libc.a(atoi.o)
 .text.avr-libc
                0x00000000       0x3c c:/program files (x86)/atmel/studio/7.0/toolchain/avr8/avr8-gnu-toolchain/bin/../lib/gcc/avr/5.4.0/../../../../avr/lib/avrxmega4\libc.a(atoi.o)
 .text          0x00000000        0x0 c:/program files (x86)/atmel/studio/7.0/toolchain/avr8/avr8-gnu-toolchain/bin/../lib/gcc/avr/5.4.0/../../../../avr/lib/avrxmega4\libc.a(strcmp.o)
 .data          0x00000000        0x0 c:/program files (x86)/atmel/studio/7.0/toolchain/avr8/avr8-gnu-toolchain/bin/../lib/gcc/avr/5.4.0/../../../../avr/lib/avrxmega4\libc.a(strcmp.o)
 .bss           0x00000000        0x0 c:/program files (x86)/atmel/studio/7.0/toolchain/avr8/avr8-gnu-toolchain/bin/../lib/gcc/avr/5.4.0/../../../../avr/lib/avrxmega4\libc.a(strcmp.o)
 .text.avr-libc
                0x00000000       0x12 c:/program files (x86)/atmel/studio/7.0/toolchain/avr8/avr8-gnu-toolchain/bin/../lib/gcc/avr/5.4.0/../../../../avr/lib/avrxmega4\libc.a(strcmp.o)
 .text          0x00000000        0x0 c:/program files (x86)/atmel/studio/7.0/toolchain/avr8/avr8-gnu-toolchain/bin/../lib/gcc/avr/5.4.0/../../../../avr/lib/avrxmega4\libc.a(itoa_ncheck.o)
 .data          0x00000000        0x0 c:/program files (x86)/atmel/studio/7.0/toolchain/avr8/avr8-gnu-toolchain/bin/../lib/gcc/avr/5.4.0/../../../../avr/lib/avrxmega4\libc.a(itoa_ncheck.o)
 .bss           0x00000000        0x0 c:/program files (x86)/atmel/studio/7.0/toolchain/avr8/avr8-gnu-toolchain/bin/../lib/gcc/avr/5.4.0/../../../../avr/lib/avrxmega4\libc.a(itoa_ncheck.o)
 .text.avr-libc
                0x00000000       0x16 c:/program files (x86)/atmel/studio/7.0/toolchain/avr8/avr8-gnu-toolchain/bin/../lib/gcc/avr/5.4.0/../../../../avr/lib/avrxmega4\libc.a(itoa_ncheck.o)
 .text          0x00000000        0x0 c:/program files (x86)/atmel/studio/7.0/toolchain/avr8/avr8-gnu-toolchain/bin/../lib/gcc/avr/5.4.0/../../../../avr/lib/avrxmega4\libc.a(mul10.o)
 .data          0x00000000        0x0 c:/program files (x86)/atmel/studio/7.0/toolchain/avr8/avr8-gnu-toolchain/bin/../lib/gcc/avr/5.4.0/../../../../avr/lib/avrxmega4\libc.a(mul10.o)
 .bss           0x00000000        0x0 c:/program files (x86)/atmel/studio/7.0/toolchain/avr8/avr8-gnu-toolchain/bin/../lib/gcc/avr/5.4.0/../../../../avr/lib/avrxmega4\libc.a(mul10.o)
 .text.avr-libc
                0x00000000       0x10 c:/program files (x86)/atmel/studio/7.0/toolchain/avr8/avr8-gnu-toolchain/bin/../lib/gcc/avr/5.4.0/../../../../avr/lib/avrxmega4\libc.a(mul10.o)
 .text          0x00000000        0x0 c:/program files (x86)/atmel/studio/7.0/toolchain/avr8/avr8-gnu-toolchain/bin/../lib/gcc/avr/5.4.0/../../../../avr/lib/avrxmega4\libc.a(utoa_ncheck.o)
 .data          0x00000000        0x0 c:/program files (x86)/atmel/studio/7.0/toolchain/avr8/avr8-gnu-toolchain/bin/../lib/gcc/avr/5.4.0/../../../../avr/lib/avrxmega4\libc.a(utoa_ncheck.o)
 .bss           0x00000000        0x0 c:/program files (x86)/atmel/studio/7.0/toolchain/avr8/avr8-gnu-toolchain/bin/../lib/gcc/avr/5.4.0/../../../../avr/lib/avrxmega4\libc.a(utoa_ncheck.o)
 .text.avr-libc
                0x00000000       0x34 c:/program files (x86)/atmel/studio/7.0/toolchain/avr8/avr8-gnu-toolchain/bin/../lib/gcc/avr/5.4.0/../../../../avr/lib/avrxmega4\libc.a(utoa_ncheck.o)
 .text          0x00000000        0x0 c:/program files (x86)/atmel/studio/7.0/toolchain/avr8/avr8-gnu-toolchain/bin/../lib/gcc/avr/5.4.0/../../../../avr/lib/avrxmega4\libc.a(snprintf.o)
 .data          0x00000000        0x0 c:/program files (x86)/atmel/studio/7.0/toolchain/avr8/avr8-gnu-toolchain/bin/../lib/gcc/avr/5.4.0/../../../../avr/lib/avrxmega4\libc.a(snprintf.o)
 .bss           0x00000000        0x0 c:/program files (x86)/atmel/studio/7.0/toolchain/avr8/avr8-gnu-toolchain/bin/../lib/gcc/avr/5.4.0/../../../../avr/lib/avrxmega4\libc.a(snprintf.o)
 .text.avr-libc
                0x00000000       0x6e c:/program files (x86)/atmel/studio/7.0/toolchain/avr8/avr8-gnu-toolchain/bin/../lib/gcc/avr/5.4.0/../../../../avr/lib/avrxmega4\libc.a(snprintf.o)
 .comment       0x00000000       0x31 c:/program files (x86)/atmel/studio/7.0/toolchain/avr8/avr8-gnu-toolchain/bin/../lib/gcc/avr/5.4.0/../../../../avr/lib/avrxmega4\libc.a(snprintf.o)
 .text          0x00000000        0x0 c:/program files (x86)/atmel/studio/7.0/toolchain/avr8/avr8-gnu-toolchain/bin/../lib/gcc/avr/5.4.0/../../../../avr/lib/avrxmega4\libc.a(vfprintf_std.o)
 .data          0x00000000        0x0 c:/program files (x86)/atmel/studio/7.0/toolchain/avr8/avr8-gnu-toolchain/bin/../lib/gcc/avr/5.4.0/../../../../avr/lib/avrxmega4\libc.a(vfprintf_std.o)
 .bss           0x00000000        0x0 c:/program files (x86)/atmel/studio/7.0/toolchain/avr8/avr8-gnu-toolchain/bin/../lib/gcc/avr/5.4.0/../../../../avr/lib/avrxmega4\libc.a(vfprintf_std.o)
 .text          0x00000000        0x0 c:/program files (x86)/atmel/studio/7.0/toolchain/avr8/avr8-gnu-toolchain/bin/../lib/gcc/avr/5.4.0/../../../../avr/lib/avrxmega4\libc.a(strnlen_P.o)
 .data          0x00000000        0x0 c:/program files (x86)/atmel/studio/7.0/toolchain/avr8/avr8-gnu-toolchain/bin/../lib/gcc/avr/5.4.0/../../../../avr/lib/avrxmega4\libc.a(strnlen_P.o)
 .bss           0x00000000        0x0 c:/program files (x86)/atmel/studio/7.0/toolchain/avr8/avr8-gnu-toolchain/bin/../lib/gcc/avr/5.4.0/../../../../avr/lib/avrxmega4\libc.a(strnlen_P.o)
 .text          0x00000000        0x0 c:/program files (x86)/atmel/studio/7.0/toolchain/avr8/avr8-gnu-toolchain/bin/../lib/gcc/avr/5.4.0/../../../../avr/lib/avrxmega4\libc.a(strnlen.o)
 .data          0x00000000        0x0 c:/program files (x86)/atmel/studio/7.0/toolchain/avr8/avr8-gnu-toolchain/bin/../lib/gcc/avr/5.4.0/../../../../avr/lib/avrxmega4\libc.a(strnlen.o)
 .bss           0x00000000        0x0 c:/program files (x86)/atmel/studio/7.0/toolchain/avr8/avr8-gnu-toolchain/bin/../lib/gcc/avr/5.4.0/../../../../avr/lib/avrxmega4\libc.a(strnlen.o)
 .text          0x00000000        0x0 c:/program files (x86)/atmel/studio/7.0/toolchain/avr8/avr8-gnu-toolchain/bin/../lib/gcc/avr/5.4.0/../../../../avr/lib/avrxmega4\libc.a(strrev.o)
 .data          0x00000000        0x0 c:/program files (x86)/atmel/studio/7.0/toolchain/avr8/avr8-gnu-toolchain/bin/../lib/gcc/avr/5.4.0/../../../../avr/lib/avrxmega4\libc.a(strrev.o)
 .bss           0x00000000        0x0 c:/program files (x86)/atmel/studio/7.0/toolchain/avr8/avr8-gnu-toolchain/bin/../lib/gcc/avr/5.4.0/../../../../avr/lib/avrxmega4\libc.a(strrev.o)
 .text.avr-libc
                0x00000000       0x20 c:/program files (x86)/atmel/studio/7.0/toolchain/avr8/avr8-gnu-toolchain/bin/../lib/gcc/avr/5.4.0/../../../../avr/lib/avrxmega4\libc.a(strrev.o)
 .text          0x00000000        0x0 c:/program files (x86)/atmel/studio/7.0/toolchain/avr8/avr8-gnu-toolchain/bin/../lib/gcc/avr/5.4.0/../../../../avr/lib/avrxmega4\libc.a(fputc.o)
 .data          0x00000000        0x0 c:/program files (x86)/atmel/studio/7.0/toolchain/avr8/avr8-gnu-toolchain/bin/../lib/gcc/avr/5.4.0/../../../../avr/lib/avrxmega4\libc.a(fputc.o)
 .bss           0x00000000        0x0 c:/program files (x86)/atmel/studio/7.0/toolchain/avr8/avr8-gnu-toolchain/bin/../lib/gcc/avr/5.4.0/../../../../avr/lib/avrxmega4\libc.a(fputc.o)
 .text          0x00000000        0x0 c:/program files (x86)/atmel/studio/7.0/toolchain/avr8/avr8-gnu-toolchain/bin/../lib/gcc/avr/5.4.0/../../../../avr/lib/avrxmega4\libc.a(ultoa_invert.o)
 .data          0x00000000        0x0 c:/program files (x86)/atmel/studio/7.0/toolchain/avr8/avr8-gnu-toolchain/bin/../lib/gcc/avr/5.4.0/../../../../avr/lib/avrxmega4\libc.a(ultoa_invert.o)
 .bss           0x00000000        0x0 c:/program files (x86)/atmel/studio/7.0/toolchain/avr8/avr8-gnu-toolchain/bin/../lib/gcc/avr/5.4.0/../../../../avr/lib/avrxmega4\libc.a(ultoa_invert.o)
 .text          0x00000000        0x0 C:/Program Files (x86)/Atmel/Studio/7.0/Packs/atmel/AVR-Dx_DFP/1.10.114/gcc/dev/avr128db48/avrxmega4\libavr128db48.a(ccp_write.o)
 .data          0x00000000        0x0 C:/Program Files (x86)/Atmel/Studio/7.0/Packs/atmel/AVR-Dx_DFP/1.10.114/gcc/dev/avr128db48/avrxmega4\libavr128db48.a(ccp_write.o)
 .bss           0x00000000        0x0 C:/Program Files (x86)/Atmel/Studio/7.0/Packs/atmel/AVR-Dx_DFP/1.10.114/gcc/dev/avr128db48/avrxmega4\libavr128db48.a(ccp_write.o)

Memory Configuration

Name             Origin             Length             Attributes
text             0x00000000         0x00020000         xr
data             0x00804000         0x00004000         rw !x
eeprom           0x00810000         0x00000200         rw !x
fuse             0x00820000         0x00000010         rw !x
lock             0x00830000         0x00000400         rw !x
signature        0x00840000         0x00000400         rw !x
user_signatures  0x00850000         0x00000400         rw !x
*default*        0x00000000         0xffffffff

Linker script and memory map

Address of section .data set to 0x804000
                0x00008000                __RODATA_PM_OFFSET__ = 0x8000
LOAD C:/Program Files (x86)/Atmel/Studio/7.0/Packs/atmel/AVR-Dx_DFP/1.10.114/gcc/dev/avr128db48/avrxmega4/crtavr128db48.o
LOAD adc.o
LOAD dac.o
LOAD functions.o
LOAD init.o
LOAD menu.o
LOAD display.o
LOAD i2c.o
LOAD main.o
LOAD tca.o
LOAD usart.o
START GROUP
LOAD c:/program files (x86)/atmel/studio/7.0/toolchain/avr8/avr8-gnu-toolchain/bin/../lib/gcc/avr/5.4.0/../../../../avr/lib/avrxmega4\libm.a
END GROUP
START GROUP
LOAD c:/program files (x86)/atmel/studio/7.0/toolchain/avr8/avr8-gnu-toolchain/bin/../lib/gcc/avr/5.4.0/avrxmega4\libgcc.a
LOAD c:/program files (x86)/atmel/studio/7.0/toolchain/avr8/avr8-gnu-toolchain/bin/../lib/gcc/avr/5.4.0/../../../../avr/lib/avrxmega4\libm.a
LOAD c:/program files (x86)/atmel/studio/7.0/toolchain/avr8/avr8-gnu-toolchain/bin/../lib/gcc/avr/5.4.0/../../../../avr/lib/avrxmega4\libc.a
LOAD C:/Program Files (x86)/Atmel/Studio/7.0/Packs/atmel/AVR-Dx_DFP/1.10.114/gcc/dev/avr128db48/avrxmega4\libavr128db48.a
END GROUP
                [0x00000000]                __TEXT_REGION_ORIGIN__ = DEFINED (__TEXT_REGION_ORIGIN__)?__TEXT_REGION_ORIGIN__:0x0
                [0x00804000]                __DATA_REGION_ORIGIN__ = DEFINED (__DATA_REGION_ORIGIN__)?__DATA_REGION_ORIGIN__:0x802000
                [0x00020000]                __TEXT_REGION_LENGTH__ = DEFINED (__TEXT_REGION_LENGTH__)?__TEXT_REGION_LENGTH__:0x100000
                [0x00004000]                __DATA_REGION_LENGTH__ = DEFINED (__DATA_REGION_LENGTH__)?__DATA_REGION_LENGTH__:0xffa0
                [0x00000200]                __EEPROM_REGION_LENGTH__ = DEFINED (__EEPROM_REGION_LENGTH__)?__EEPROM_REGION_LENGTH__:0x10000
                [0x00000010]                __FUSE_REGION_LENGTH__ = DEFINED (__FUSE_REGION_LENGTH__)?__FUSE_REGION_LENGTH__:0x400
                0x00000400                __LOCK_REGION_LENGTH__ = DEFINED (__LOCK_REGION_LENGTH__)?__LOCK_REGION_LENGTH__:0x400
                0x00000400                __SIGNATURE_REGION_LENGTH__ = DEFINED (__SIGNATURE_REGION_LENGTH__)?__SIGNATURE_REGION_LENGTH__:0x400
                0x00000400                __USER_SIGNATURE_REGION_LENGTH__ = DEFINED (__USER_SIGNATURE_REGION_LENGTH__)?__USER_SIGNATURE_REGION_LENGTH__:0x400

.hash
 *(.hash)

.dynsym
 *(.dynsym)

.dynstr
 *(.dynstr)

.gnu.version
 *(.gnu.version)

.gnu.version_d
 *(.gnu.version_d)

.gnu.version_r
 *(.gnu.version_r)

.rel.init
 *(.rel.init)

.rela.init
 *(.rela.init)

.rel.text
 *(.rel.text)
 *(.rel.text.*)
 *(.rel.gnu.linkonce.t*)

.rela.text
 *(.rela.text)
 *(.rela.text.*)
 *(.rela.gnu.linkonce.t*)

.rel.fini
 *(.rel.fini)

.rela.fini
 *(.rela.fini)

.rel.rodata
 *(.rel.rodata)
 *(.rel.rodata.*)
 *(.rel.gnu.linkonce.r*)

.rela.rodata
 *(.rela.rodata)
 *(.rela.rodata.*)
 *(.rela.gnu.linkonce.r*)

.rel.data
 *(.rel.data)
 *(.rel.data.*)
 *(.rel.gnu.linkonce.d*)

.rela.data
 *(.rela.data)
 *(.rela.data.*)
 *(.rela.gnu.linkonce.d*)

.rel.ctors
 *(.rel.ctors)

.rela.ctors
 *(.rela.ctors)

.rel.dtors
 *(.rel.dtors)

.rela.dtors
 *(.rela.dtors)

.rel.got
 *(.rel.got)

.rela.got
 *(.rela.got)

.rel.bss
 *(.rel.bss)

.rela.bss
 *(.rela.bss)

.rel.plt
 *(.rel.plt)

.rela.plt
 *(.rela.plt)

.text           0x00000000      0xaea
 *(.vectors)
 .vectors       0x00000000       0xf4 C:/Program Files (x86)/Atmel/Studio/7.0/Packs/atmel/AVR-Dx_DFP/1.10.114/gcc/dev/avr128db48/avrxmega4/crtavr128db48.o
                0x00000000                __vector_default
                0x00000000                __vectors
 *(.vectors)
 *(.progmem.gcc*)
                0x000000f4                . = ALIGN (0x2)
                0x000000f4                __trampolines_start = .
 *(.trampolines)
 .trampolines   0x000000f4        0x0 linker stubs
 *(.trampolines*)
                0x000000f4                __trampolines_end = .
 *libprintf_flt.a:*(.progmem.data)
 *libc.a:*(.progmem.data)
 *(.progmem*)
                0x000000f4                . = ALIGN (0x2)
 *(.jumptables)
 *(.jumptables*)
 *(.lowtext)
 *(.lowtext*)
                0x000000f4                __ctors_start = .
 *(.ctors)
                0x000000f4                __ctors_end = .
                0x000000f4                __dtors_start = .
 *(.dtors)
                0x000000f4                __dtors_end = .
 SORT(*)(.ctors)
 SORT(*)(.dtors)
 *(.init0)
 .init0         0x000000f4        0x0 C:/Program Files (x86)/Atmel/Studio/7.0/Packs/atmel/AVR-Dx_DFP/1.10.114/gcc/dev/avr128db48/avrxmega4/crtavr128db48.o
                0x000000f4                __init
 *(.init0)
 *(.init1)
 *(.init1)
 *(.init2)
 .init2         0x000000f4        0xc C:/Program Files (x86)/Atmel/Studio/7.0/Packs/atmel/AVR-Dx_DFP/1.10.114/gcc/dev/avr128db48/avrxmega4/crtavr128db48.o
 *(.init2)
 *(.init3)
 *(.init3)
 *(.init4)
 .init4         0x00000100       0x1a c:/program files (x86)/atmel/studio/7.0/toolchain/avr8/avr8-gnu-toolchain/bin/../lib/gcc/avr/5.4.0/avrxmega4\libgcc.a(_copy_data.o)
                0x00000100                __do_copy_data
 .init4         0x0000011a       0x10 c:/program files (x86)/atmel/studio/7.0/toolchain/avr8/avr8-gnu-toolchain/bin/../lib/gcc/avr/5.4.0/avrxmega4\libgcc.a(_clear_bss.o)
                0x0000011a                __do_clear_bss
 *(.init4)
 *(.init5)
 *(.init5)
 *(.init6)
 *(.init6)
 *(.init7)
 *(.init7)
 *(.init8)
 *(.init8)
 *(.init9)
 .init9         0x0000012a        0x8 C:/Program Files (x86)/Atmel/Studio/7.0/Packs/atmel/AVR-Dx_DFP/1.10.114/gcc/dev/avr128db48/avrxmega4/crtavr128db48.o
 *(.init9)
 *(.text)
 .text          0x00000132        0x4 C:/Program Files (x86)/Atmel/Studio/7.0/Packs/atmel/AVR-Dx_DFP/1.10.114/gcc/dev/avr128db48/avrxmega4/crtavr128db48.o
                0x00000132                __vector_38
                0x00000132                __vector_22
                0x00000132                __vector_28
                0x00000132                __vector_1
                0x00000132                __vector_32
                0x00000132                __vector_34
                0x00000132                __vector_12
                0x00000132                __vector_46
                0x00000132                __bad_interrupt
                0x00000132                __vector_6
                0x00000132                __vector_31
                0x00000132                __vector_35
                0x00000132                __vector_39
                0x00000132                __vector_3
                0x00000132                __vector_23
                0x00000132                __vector_30
                0x00000132                __vector_25
                0x00000132                __vector_11
                0x00000132                __vector_54
                0x00000132                __vector_13
                0x00000132                __vector_17
                0x00000132                __vector_19
                0x00000132                __vector_56
                0x00000132                __vector_7
                0x00000132                __vector_49
                0x00000132                __vector_41
                0x00000132                __vector_43
                0x00000132                __vector_27
                0x00000132                __vector_5
                0x00000132                __vector_33
                0x00000132                __vector_52
                0x00000132                __vector_37
                0x00000132                __vector_4
                0x00000132                __vector_44
                0x00000132                __vector_51
                0x00000132                __vector_9
                0x00000132                __vector_2
                0x00000132                __vector_21
                0x00000132                __vector_15
                0x00000132                __vector_36
                0x00000132                __vector_58
                0x00000132                __vector_29
                0x00000132                __vector_60
                0x00000132                __vector_40
                0x00000132                __vector_8
                0x00000132                __vector_48
                0x00000132                __vector_14
                0x00000132                __vector_57
                0x00000132                __vector_10
                0x00000132                __vector_50
                0x00000132                __vector_16
                0x00000132                __vector_59
                0x00000132                __vector_18
                0x00000132                __vector_20
                0x00000132                __vector_42
                0x00000136                . = ALIGN (0x2)
 *(.text.*)
 .text.ADC0_assign_value
                0x00000136       0x9c adc.o
                0x00000136                ADC0_assign_value
 .text.__vector_26
                0x000001d2       0x50 adc.o
                0x000001d2                __vector_26
 .text.CLKCTRL_INTERNAL_16M_init
                0x00000222        0xc functions.o
                0x00000222                CLKCTRL_INTERNAL_16M_init
 .text.button_init
                0x0000022e       0x1e functions.o
                0x0000022e                button_init
 .text.button_handler
                0x0000024c       0x2a functions.o
                0x0000024c                button_handler
 .text.Initialize_system
                0x00000276       0x1e init.o
                0x00000276                Initialize_system
 .text.I2C_0_init
                0x00000294       0x1a i2c.o
                0x00000294                I2C_0_init
 .text.main     0x000002ae       0x18 main.o
                0x000002ae                main
 .text.__vector_45
                0x000002c6       0x4c main.o
                0x000002c6                __vector_45
 .text.__vector_24
                0x00000312       0x5e main.o
                0x00000312                __vector_24
 .text.__vector_47
                0x00000370       0x50 tca.o
                0x00000370                __vector_47
 .text.USART3_init
                0x000003c0       0x38 usart.o
                0x000003c0                USART3_init
 .text.USART3_transmitt
                0x000003f8       0x68 usart.o
                0x000003f8                USART3_transmitt
 .text.USART3_transmitt_char_array
                0x00000460       0x3c usart.o
                0x00000460                USART3_transmitt_char_array
 .text.__vector_53
                0x0000049c       0x4e usart.o
                0x0000049c                __vector_53
 .text.__vector_55
                0x000004ea       0x88 usart.o
                0x000004ea                __vector_55
 .text.avr-libc
                0x00000572      0x408 c:/program files (x86)/atmel/studio/7.0/toolchain/avr8/avr8-gnu-toolchain/bin/../lib/gcc/avr/5.4.0/../../../../avr/lib/avrxmega4\libc.a(vfprintf_std.o)
                0x00000572                vfprintf
 .text.avr-libc
                0x0000097a       0x16 c:/program files (x86)/atmel/studio/7.0/toolchain/avr8/avr8-gnu-toolchain/bin/../lib/gcc/avr/5.4.0/../../../../avr/lib/avrxmega4\libc.a(strnlen_P.o)
                0x0000097a                strnlen_P
 .text.avr-libc
                0x00000990       0x16 c:/program files (x86)/atmel/studio/7.0/toolchain/avr8/avr8-gnu-toolchain/bin/../lib/gcc/avr/5.4.0/../../../../avr/lib/avrxmega4\libc.a(strnlen.o)
                0x00000990                strnlen
 .text.avr-libc
                0x000009a6       0x78 c:/program files (x86)/atmel/studio/7.0/toolchain/avr8/avr8-gnu-toolchain/bin/../lib/gcc/avr/5.4.0/../../../../avr/lib/avrxmega4\libc.a(fputc.o)
                0x000009a6                fputc
 .text.avr-libc
                0x00000a1e       0xbc c:/program files (x86)/atmel/studio/7.0/toolchain/avr8/avr8-gnu-toolchain/bin/../lib/gcc/avr/5.4.0/../../../../avr/lib/avrxmega4\libc.a(ultoa_invert.o)
                0x00000a1e                __ultoa_invert
 .text.avr-libc
                0x00000ada        0xc C:/Program Files (x86)/Atmel/Studio/7.0/Packs/atmel/AVR-Dx_DFP/1.10.114/gcc/dev/avr128db48/avrxmega4\libavr128db48.a(ccp_write.o)
                0x00000ada                ccp_write_io
                0x00000ae6                . = ALIGN (0x2)
 *(.fini9)
 .fini9         0x00000ae6        0x0 c:/program files (x86)/atmel/studio/7.0/toolchain/avr8/avr8-gnu-toolchain/bin/../lib/gcc/avr/5.4.0/avrxmega4\libgcc.a(_exit.o)
                0x00000ae6                _exit
                0x00000ae6                exit
 *(.fini9)
 *(.fini8)
 *(.fini8)
 *(.fini7)
 *(.fini7)
 *(.fini6)
 *(.fini6)
 *(.fini5)
 *(.fini5)
 *(.fini4)
 *(.fini4)
 *(.fini3)
 *(.fini3)
 *(.fini2)
 *(.fini2)
 *(.fini1)
 *(.fini1)
 *(.fini0)
 .fini0         0x00000ae6        0x4 c:/program files (x86)/atmel/studio/7.0/toolchain/avr8/avr8-gnu-toolchain/bin/../lib/gcc/avr/5.4.0/avrxmega4\libgcc.a(_exit.o)
 *(.fini0)
                0x00000aea                _etext = .

.data           0x00804000       0x1c load address 0x00000aea
                0x00804000                PROVIDE (__data_start, .)
 *(.data)
 *(.data*)
 .data.AIN4_value
                0x00804000        0x2 adc.o
                0x00804000                AIN4_value
 .data.AIN3_value
                0x00804002        0x2 adc.o
                0x00804002                AIN3_value
 .data.AIN2_value
                0x00804004        0x2 adc.o
                0x00804004                AIN2_value
 .data.AIN1_value
                0x00804006        0x2 adc.o
                0x00804006                AIN1_value
 .data.AIN0_value
                0x00804008        0x2 adc.o
                0x00804008                AIN0_value
 .data.TX_buffer_size
                0x0080400a        0x1 usart.o
                0x0080400a                TX_buffer_size
 *(.gnu.linkonce.d*)
 *(.rodata)
 *(.rodata*)
 .rodata.str1.1
                0x0080400b       0x10 main.o
 *(.gnu.linkonce.r*)
                0x0080401c                . = ALIGN (0x2)
 *fill*         0x0080401b        0x1 
                0x0080401c                _edata = .
                0x0080401c                PROVIDE (__data_end, .)

.bss            0x0080401c       0xf0
                0x0080401c                PROVIDE (__bss_start, .)
 *(.bss)
 *(.bss*)
 .bss.adc_conversion_ready
                0x0080401c        0x1 adc.o
                0x0080401c                adc_conversion_ready
 .bss.buttonenter
                0x0080401d        0x1 functions.o
                0x0080401d                buttonenter
 .bss.buttonup  0x0080401e        0x1 functions.o
                0x0080401e                buttonup
 .bss.buttondown
                0x0080401f        0x1 functions.o
                0x0080401f                buttondown
 .bss.counted_25ms
                0x00804020        0x4 tca.o
                0x00804020                counted_25ms
 .bss.TX_buffer_read
                0x00804024        0x1 usart.o
                0x00804024                TX_buffer_read
 .bss.TX_buffer_write
                0x00804025        0x1 usart.o
                0x00804025                TX_buffer_write
 .bss.RX_buffer_write
                0x00804026        0x1 usart.o
                0x00804026                RX_buffer_write
 *(COMMON)
 COMMON         0x00804027       0x42 adc.o
                0x00804027                AIN_selected
                0x00804029                message
                0x0080405b                message_received
 COMMON         0x00804069        0xc main.o
                0x00804069                now
                0x0080406b                string
                0x0080406f                stringmeasureValue
 COMMON         0x00804075       0x97 usart.o
                0x00804075                marker_transmitt_pos
                0x00804076                TX_buffer
                0x008040a8                RX_buffer
                0x008040da                transmitt_buffer
                0x0080410c                PROVIDE (__bss_end, .)
                0x00000aea                __data_load_start = LOADADDR (.data)
                0x00000b06                __data_load_end = (__data_load_start + SIZEOF (.data))

.noinit         0x0080410c        0x0
                [!provide]                PROVIDE (__noinit_start, .)
 *(.noinit*)
                [!provide]                PROVIDE (__noinit_end, .)
                0x0080410c                _end = .
                [!provide]                PROVIDE (__heap_start, .)

.eeprom         0x00810000        0x0
 *(.eeprom*)
                0x00810000                __eeprom_end = .

.fuse
 *(.fuse)
 *(.lfuse)
 *(.hfuse)
 *(.efuse)

.lock
 *(.lock*)

.signature
 *(.signature*)

.user_signatures
 *(.user_signatures*)

.stab
 *(.stab)

.stabstr
 *(.stabstr)

.stab.excl
 *(.stab.excl)

.stab.exclstr
 *(.stab.exclstr)

.stab.index
 *(.stab.index)

.stab.indexstr
 *(.stab.indexstr)

.comment        0x00000000       0x5c
 *(.comment)
 .comment       0x00000000       0x30 adc.o
                                 0x31 (size before relaxing)
 .comment       0x00000030       0x31 functions.o
 .comment       0x00000030       0x31 init.o
 .comment       0x00000030       0x31 i2c.o
 .comment       0x00000030       0x31 main.o
 .comment       0x00000030       0x31 tca.o
 .comment       0x00000030       0x31 usart.o
 .comment       0x00000030       0x2c c:/program files (x86)/atmel/studio/7.0/toolchain/avr8/avr8-gnu-toolchain/bin/../lib/gcc/avr/5.4.0/../../../../avr/lib/avrxmega4\libc.a(vfprintf_std.o)
                                 0x2d (size before relaxing)
 .comment       0x0000005c       0x31 c:/program files (x86)/atmel/studio/7.0/toolchain/avr8/avr8-gnu-toolchain/bin/../lib/gcc/avr/5.4.0/../../../../avr/lib/avrxmega4\libc.a(fputc.o)

.note.gnu.avr.deviceinfo
                0x00000000       0x40
 .note.gnu.avr.deviceinfo
                0x00000000       0x40 C:/Program Files (x86)/Atmel/Studio/7.0/Packs/atmel/AVR-Dx_DFP/1.10.114/gcc/dev/avr128db48/avrxmega4/crtavr128db48.o

.note.gnu.build-id
 *(.note.gnu.build-id)

.debug
 *(.debug)

.line
 *(.line)

.debug_srcinfo
 *(.debug_srcinfo)

.debug_sfnames
 *(.debug_sfnames)

.debug_aranges  0x00000000      0x260
 *(.debug_aranges)
 .debug_aranges
                0x00000000       0x58 adc.o
 .debug_aranges
                0x00000058       0x70 functions.o
 .debug_aranges
                0x000000c8       0x20 init.o
 .debug_aranges
                0x000000e8       0x50 i2c.o
 .debug_aranges
                0x00000138       0x30 main.o
 .debug_aranges
                0x00000168       0x88 tca.o
 .debug_aranges
                0x000001f0       0x50 usart.o
 .debug_aranges
                0x00000240       0x20 C:/Program Files (x86)/Atmel/Studio/7.0/Packs/atmel/AVR-Dx_DFP/1.10.114/gcc/dev/avr128db48/avrxmega4\libavr128db48.a(ccp_write.o)

.debug_pubnames
 *(.debug_pubnames)

.debug_info     0x00000000     0x6084
 *(.debug_info .gnu.linkonce.wi.*)
 .debug_info    0x00000000     0x2f42 C:/Program Files (x86)/Atmel/Studio/7.0/Packs/atmel/AVR-Dx_DFP/1.10.114/gcc/dev/avr128db48/avrxmega4/crtavr128db48.o
 .debug_info    0x00002f42      0x6d7 adc.o
 .debug_info    0x00003619      0x917 functions.o
 .debug_info    0x00003f30      0x204 init.o
 .debug_info    0x00004134      0x4f8 i2c.o
 .debug_info    0x0000462c      0x492 main.o
 .debug_info    0x00004abe      0xc73 tca.o
 .debug_info    0x00005731      0x8b4 usart.o
 .debug_info    0x00005fe5       0x9f C:/Program Files (x86)/Atmel/Studio/7.0/Packs/atmel/AVR-Dx_DFP/1.10.114/gcc/dev/avr128db48/avrxmega4\libavr128db48.a(ccp_write.o)

.debug_abbrev   0x00000000     0x3891
 *(.debug_abbrev)
 .debug_abbrev  0x00000000     0x2cc2 C:/Program Files (x86)/Atmel/Studio/7.0/Packs/atmel/AVR-Dx_DFP/1.10.114/gcc/dev/avr128db48/avrxmega4/crtavr128db48.o
 .debug_abbrev  0x00002cc2      0x1db adc.o
 .debug_abbrev  0x00002e9d      0x1f2 functions.o
 .debug_abbrev  0x0000308f      0x11a init.o
 .debug_abbrev  0x000031a9      0x178 i2c.o
 .debug_abbrev  0x00003321      0x12c main.o
 .debug_abbrev  0x0000344d      0x17d tca.o
 .debug_abbrev  0x000035ca      0x2b3 usart.o
 .debug_abbrev  0x0000387d       0x14 C:/Program Files (x86)/Atmel/Studio/7.0/Packs/atmel/AVR-Dx_DFP/1.10.114/gcc/dev/avr128db48/avrxmega4\libavr128db48.a(ccp_write.o)

.debug_line     0x00000000     0x153d
 *(.debug_line .debug_line.* .debug_line_end)
 .debug_line    0x00000000      0x205 C:/Program Files (x86)/Atmel/Studio/7.0/Packs/atmel/AVR-Dx_DFP/1.10.114/gcc/dev/avr128db48/avrxmega4/crtavr128db48.o
 .debug_line    0x00000205      0x2ca adc.o
 .debug_line    0x000004cf      0x412 functions.o
 .debug_line    0x000008e1      0x13c init.o
 .debug_line    0x00000a1d      0x2ef i2c.o
 .debug_line    0x00000d0c      0x1cd main.o
 .debug_line    0x00000ed9      0x2c3 tca.o
 .debug_line    0x0000119c      0x33a usart.o
 .debug_line    0x000014d6       0x67 C:/Program Files (x86)/Atmel/Studio/7.0/Packs/atmel/AVR-Dx_DFP/1.10.114/gcc/dev/avr128db48/avrxmega4\libavr128db48.a(ccp_write.o)

.debug_frame    0x00000000      0x548
 *(.debug_frame)
 .debug_frame   0x00000000       0xe4 adc.o
 .debug_frame   0x000000e4       0xfc functions.o
 .debug_frame   0x000001e0       0x24 init.o
 .debug_frame   0x00000204       0xbc i2c.o
 .debug_frame   0x000002c0       0x74 main.o
 .debug_frame   0x00000334      0x114 tca.o
 .debug_frame   0x00000448      0x100 usart.o

.debug_str      0x00000000     0x2cd3
 *(.debug_str)
 .debug_str     0x00000000     0x14f0 C:/Program Files (x86)/Atmel/Studio/7.0/Packs/atmel/AVR-Dx_DFP/1.10.114/gcc/dev/avr128db48/avrxmega4/crtavr128db48.o
 .debug_str     0x000014f0      0x76a adc.o
                                0x7d4 (size before relaxing)
 .debug_str     0x00001c5a      0x517 functions.o
                                0x6e0 (size before relaxing)
 .debug_str     0x00002171       0x77 init.o
                                0x26c (size before relaxing)
 .debug_str     0x000021e8      0x27c i2c.o
                                0x44d (size before relaxing)
 .debug_str     0x00002464       0x81 main.o
                                0x3e2 (size before relaxing)
 .debug_str     0x000024e5      0x52a tca.o
                                0x90a (size before relaxing)
 .debug_str     0x00002a0f      0x2c4 usart.o
                                0x66f (size before relaxing)

.debug_loc      0x00000000      0xbb6
 *(.debug_loc)
 .debug_loc     0x00000000      0x166 adc.o
 .debug_loc     0x00000166      0x21a functions.o
 .debug_loc     0x00000380       0x46 init.o
 .debug_loc     0x000003c6      0x39d i2c.o
 .debug_loc     0x00000763       0x9f main.o
 .debug_loc     0x00000802       0x63 tca.o
 .debug_loc     0x00000865      0x351 usart.o

.debug_macinfo
 *(.debug_macinfo)

.debug_weaknames
 *(.debug_weaknames)

.debug_funcnames
 *(.debug_funcnames)

.debug_typenames
 *(.debug_typenames)

.debug_varnames
 *(.debug_varnames)

.debug_pubtypes
 *(.debug_pubtypes)

.debug_ranges   0x00000000      0x1d0
 *(.debug_ranges)
 .debug_ranges  0x00000000       0x48 adc.o
 .debug_ranges  0x00000048       0x60 functions.o
 .debug_ranges  0x000000a8       0x10 init.o
 .debug_ranges  0x000000b8       0x40 i2c.o
 .debug_ranges  0x000000f8       0x20 main.o
 .debug_ranges  0x00000118       0x78 tca.o
 .debug_ranges  0x00000190       0x40 usart.o

.debug_macro
 *(.debug_macro)
OUTPUT(Mainboard.elf elf32-avr)
LOAD linker stubs
