Archive member included to satisfy reference by file (symbol)

c:/program files (x86)/atmel/studio/7.0/toolchain/avr8/avr8-gnu-toolchain/bin/../lib/gcc/avr/5.4.0/../../../../avr/lib/avrxmega4\libm.a(addsf3.o)
                              regulator.o (__subsf3)
c:/program files (x86)/atmel/studio/7.0/toolchain/avr8/avr8-gnu-toolchain/bin/../lib/gcc/avr/5.4.0/../../../../avr/lib/avrxmega4\libm.a(addsf3x.o)
                              c:/program files (x86)/atmel/studio/7.0/toolchain/avr8/avr8-gnu-toolchain/bin/../lib/gcc/avr/5.4.0/../../../../avr/lib/avrxmega4\libm.a(addsf3.o) (__addsf3x)
c:/program files (x86)/atmel/studio/7.0/toolchain/avr8/avr8-gnu-toolchain/bin/../lib/gcc/avr/5.4.0/../../../../avr/lib/avrxmega4\libm.a(cmpsf2.o)
                              regulator.o (__ltsf2)
c:/program files (x86)/atmel/studio/7.0/toolchain/avr8/avr8-gnu-toolchain/bin/../lib/gcc/avr/5.4.0/../../../../avr/lib/avrxmega4\libm.a(divsf3.o)
                              functions.o (__divsf3)
c:/program files (x86)/atmel/studio/7.0/toolchain/avr8/avr8-gnu-toolchain/bin/../lib/gcc/avr/5.4.0/../../../../avr/lib/avrxmega4\libm.a(divsf3x.o)
                              c:/program files (x86)/atmel/studio/7.0/toolchain/avr8/avr8-gnu-toolchain/bin/../lib/gcc/avr/5.4.0/../../../../avr/lib/avrxmega4\libm.a(divsf3.o) (__divsf3x)
c:/program files (x86)/atmel/studio/7.0/toolchain/avr8/avr8-gnu-toolchain/bin/../lib/gcc/avr/5.4.0/../../../../avr/lib/avrxmega4\libm.a(fixunssfsi.o)
                              main.o (__fixunssfsi)
c:/program files (x86)/atmel/studio/7.0/toolchain/avr8/avr8-gnu-toolchain/bin/../lib/gcc/avr/5.4.0/../../../../avr/lib/avrxmega4\libm.a(floatsisf.o)
                              functions.o (__floatunsisf)
c:/program files (x86)/atmel/studio/7.0/toolchain/avr8/avr8-gnu-toolchain/bin/../lib/gcc/avr/5.4.0/../../../../avr/lib/avrxmega4\libm.a(fp_cmp.o)
                              c:/program files (x86)/atmel/studio/7.0/toolchain/avr8/avr8-gnu-toolchain/bin/../lib/gcc/avr/5.4.0/../../../../avr/lib/avrxmega4\libm.a(cmpsf2.o) (__fp_cmp)
c:/program files (x86)/atmel/studio/7.0/toolchain/avr8/avr8-gnu-toolchain/bin/../lib/gcc/avr/5.4.0/../../../../avr/lib/avrxmega4\libm.a(fp_inf.o)
                              c:/program files (x86)/atmel/studio/7.0/toolchain/avr8/avr8-gnu-toolchain/bin/../lib/gcc/avr/5.4.0/../../../../avr/lib/avrxmega4\libm.a(addsf3x.o) (__fp_inf)
c:/program files (x86)/atmel/studio/7.0/toolchain/avr8/avr8-gnu-toolchain/bin/../lib/gcc/avr/5.4.0/../../../../avr/lib/avrxmega4\libm.a(fp_nan.o)
                              c:/program files (x86)/atmel/studio/7.0/toolchain/avr8/avr8-gnu-toolchain/bin/../lib/gcc/avr/5.4.0/../../../../avr/lib/avrxmega4\libm.a(addsf3x.o) (__fp_nan)
c:/program files (x86)/atmel/studio/7.0/toolchain/avr8/avr8-gnu-toolchain/bin/../lib/gcc/avr/5.4.0/../../../../avr/lib/avrxmega4\libm.a(fp_pscA.o)
                              c:/program files (x86)/atmel/studio/7.0/toolchain/avr8/avr8-gnu-toolchain/bin/../lib/gcc/avr/5.4.0/../../../../avr/lib/avrxmega4\libm.a(addsf3x.o) (__fp_pscA)
c:/program files (x86)/atmel/studio/7.0/toolchain/avr8/avr8-gnu-toolchain/bin/../lib/gcc/avr/5.4.0/../../../../avr/lib/avrxmega4\libm.a(fp_pscB.o)
                              c:/program files (x86)/atmel/studio/7.0/toolchain/avr8/avr8-gnu-toolchain/bin/../lib/gcc/avr/5.4.0/../../../../avr/lib/avrxmega4\libm.a(addsf3x.o) (__fp_pscB)
c:/program files (x86)/atmel/studio/7.0/toolchain/avr8/avr8-gnu-toolchain/bin/../lib/gcc/avr/5.4.0/../../../../avr/lib/avrxmega4\libm.a(fp_round.o)
                              c:/program files (x86)/atmel/studio/7.0/toolchain/avr8/avr8-gnu-toolchain/bin/../lib/gcc/avr/5.4.0/../../../../avr/lib/avrxmega4\libm.a(addsf3.o) (__fp_round)
c:/program files (x86)/atmel/studio/7.0/toolchain/avr8/avr8-gnu-toolchain/bin/../lib/gcc/avr/5.4.0/../../../../avr/lib/avrxmega4\libm.a(fp_split3.o)
                              c:/program files (x86)/atmel/studio/7.0/toolchain/avr8/avr8-gnu-toolchain/bin/../lib/gcc/avr/5.4.0/../../../../avr/lib/avrxmega4\libm.a(addsf3x.o) (__fp_split3)
c:/program files (x86)/atmel/studio/7.0/toolchain/avr8/avr8-gnu-toolchain/bin/../lib/gcc/avr/5.4.0/../../../../avr/lib/avrxmega4\libm.a(fp_zero.o)
                              c:/program files (x86)/atmel/studio/7.0/toolchain/avr8/avr8-gnu-toolchain/bin/../lib/gcc/avr/5.4.0/../../../../avr/lib/avrxmega4\libm.a(addsf3x.o) (__fp_zero)
c:/program files (x86)/atmel/studio/7.0/toolchain/avr8/avr8-gnu-toolchain/bin/../lib/gcc/avr/5.4.0/../../../../avr/lib/avrxmega4\libm.a(gesf2.o)
                              regulator.o (__gtsf2)
c:/program files (x86)/atmel/studio/7.0/toolchain/avr8/avr8-gnu-toolchain/bin/../lib/gcc/avr/5.4.0/../../../../avr/lib/avrxmega4\libm.a(mulsf3.o)
                              functions.o (__mulsf3)
c:/program files (x86)/atmel/studio/7.0/toolchain/avr8/avr8-gnu-toolchain/bin/../lib/gcc/avr/5.4.0/../../../../avr/lib/avrxmega4\libm.a(mulsf3x.o)
                              c:/program files (x86)/atmel/studio/7.0/toolchain/avr8/avr8-gnu-toolchain/bin/../lib/gcc/avr/5.4.0/../../../../avr/lib/avrxmega4\libm.a(mulsf3.o) (__mulsf3x)
c:/program files (x86)/atmel/studio/7.0/toolchain/avr8/avr8-gnu-toolchain/bin/../lib/gcc/avr/5.4.0/avrxmega4\libgcc.a(_exit.o)
                              C:/Program Files (x86)/Atmel/Studio/7.0/Packs/atmel/AVR-Dx_DFP/1.10.114/gcc/dev/avr128db48/avrxmega4/crtavr128db48.o (exit)
c:/program files (x86)/atmel/studio/7.0/toolchain/avr8/avr8-gnu-toolchain/bin/../lib/gcc/avr/5.4.0/avrxmega4\libgcc.a(_copy_data.o)
                              adc.o (__do_copy_data)
c:/program files (x86)/atmel/studio/7.0/toolchain/avr8/avr8-gnu-toolchain/bin/../lib/gcc/avr/5.4.0/avrxmega4\libgcc.a(_clear_bss.o)
                              adc.o (__do_clear_bss)
c:/program files (x86)/atmel/studio/7.0/toolchain/avr8/avr8-gnu-toolchain/bin/../lib/gcc/avr/5.4.0/avrxmega4\libgcc.a(_muluhisi3.o)
                              tca.o (__muluhisi3)
c:/program files (x86)/atmel/studio/7.0/toolchain/avr8/avr8-gnu-toolchain/bin/../lib/gcc/avr/5.4.0/avrxmega4\libgcc.a(_umulhisi3.o)
                              c:/program files (x86)/atmel/studio/7.0/toolchain/avr8/avr8-gnu-toolchain/bin/../lib/gcc/avr/5.4.0/avrxmega4\libgcc.a(_muluhisi3.o) (__umulhisi3)
c:/program files (x86)/atmel/studio/7.0/toolchain/avr8/avr8-gnu-toolchain/bin/../lib/gcc/avr/5.4.0/../../../../avr/lib/avrxmega4\libc.a(atoi.o)
                              functions.o (atoi)
c:/program files (x86)/atmel/studio/7.0/toolchain/avr8/avr8-gnu-toolchain/bin/../lib/gcc/avr/5.4.0/../../../../avr/lib/avrxmega4\libc.a(strcmp.o)
                              functions.o (strcmp)
c:/program files (x86)/atmel/studio/7.0/toolchain/avr8/avr8-gnu-toolchain/bin/../lib/gcc/avr/5.4.0/../../../../avr/lib/avrxmega4\libc.a(itoa_ncheck.o)
                              usart.o (__itoa_ncheck)
c:/program files (x86)/atmel/studio/7.0/toolchain/avr8/avr8-gnu-toolchain/bin/../lib/gcc/avr/5.4.0/../../../../avr/lib/avrxmega4\libc.a(mul10.o)
                              c:/program files (x86)/atmel/studio/7.0/toolchain/avr8/avr8-gnu-toolchain/bin/../lib/gcc/avr/5.4.0/../../../../avr/lib/avrxmega4\libc.a(atoi.o) (__mulhi_const_10)
c:/program files (x86)/atmel/studio/7.0/toolchain/avr8/avr8-gnu-toolchain/bin/../lib/gcc/avr/5.4.0/../../../../avr/lib/avrxmega4\libc.a(utoa_ncheck.o)
                              c:/program files (x86)/atmel/studio/7.0/toolchain/avr8/avr8-gnu-toolchain/bin/../lib/gcc/avr/5.4.0/../../../../avr/lib/avrxmega4\libc.a(itoa_ncheck.o) (__utoa_common)
c:/program files (x86)/atmel/studio/7.0/toolchain/avr8/avr8-gnu-toolchain/bin/../lib/gcc/avr/5.4.0/../../../../avr/lib/avrxmega4\libc.a(snprintf.o)
                              functions.o (snprintf)
c:/program files (x86)/atmel/studio/7.0/toolchain/avr8/avr8-gnu-toolchain/bin/../lib/gcc/avr/5.4.0/../../../../avr/lib/avrxmega4\libc.a(vfprintf_std.o)
                              c:/program files (x86)/atmel/studio/7.0/toolchain/avr8/avr8-gnu-toolchain/bin/../lib/gcc/avr/5.4.0/../../../../avr/lib/avrxmega4\libc.a(snprintf.o) (vfprintf)
c:/program files (x86)/atmel/studio/7.0/toolchain/avr8/avr8-gnu-toolchain/bin/../lib/gcc/avr/5.4.0/../../../../avr/lib/avrxmega4\libc.a(strnlen_P.o)
                              c:/program files (x86)/atmel/studio/7.0/toolchain/avr8/avr8-gnu-toolchain/bin/../lib/gcc/avr/5.4.0/../../../../avr/lib/avrxmega4\libc.a(vfprintf_std.o) (strnlen_P)
c:/program files (x86)/atmel/studio/7.0/toolchain/avr8/avr8-gnu-toolchain/bin/../lib/gcc/avr/5.4.0/../../../../avr/lib/avrxmega4\libc.a(strnlen.o)
                              c:/program files (x86)/atmel/studio/7.0/toolchain/avr8/avr8-gnu-toolchain/bin/../lib/gcc/avr/5.4.0/../../../../avr/lib/avrxmega4\libc.a(vfprintf_std.o) (strnlen)
c:/program files (x86)/atmel/studio/7.0/toolchain/avr8/avr8-gnu-toolchain/bin/../lib/gcc/avr/5.4.0/../../../../avr/lib/avrxmega4\libc.a(strrev.o)
                              c:/program files (x86)/atmel/studio/7.0/toolchain/avr8/avr8-gnu-toolchain/bin/../lib/gcc/avr/5.4.0/../../../../avr/lib/avrxmega4\libc.a(utoa_ncheck.o) (strrev)
c:/program files (x86)/atmel/studio/7.0/toolchain/avr8/avr8-gnu-toolchain/bin/../lib/gcc/avr/5.4.0/../../../../avr/lib/avrxmega4\libc.a(fputc.o)
                              c:/program files (x86)/atmel/studio/7.0/toolchain/avr8/avr8-gnu-toolchain/bin/../lib/gcc/avr/5.4.0/../../../../avr/lib/avrxmega4\libc.a(vfprintf_std.o) (fputc)
c:/program files (x86)/atmel/studio/7.0/toolchain/avr8/avr8-gnu-toolchain/bin/../lib/gcc/avr/5.4.0/../../../../avr/lib/avrxmega4\libc.a(ultoa_invert.o)
                              c:/program files (x86)/atmel/studio/7.0/toolchain/avr8/avr8-gnu-toolchain/bin/../lib/gcc/avr/5.4.0/../../../../avr/lib/avrxmega4\libc.a(vfprintf_std.o) (__ultoa_invert)
C:/Program Files (x86)/Atmel/Studio/7.0/Packs/atmel/AVR-Dx_DFP/1.10.114/gcc/dev/avr128db48/avrxmega4\libavr128db48.a(ccp_write.o)
                              functions.o (ccp_write_io)

Allocating common symbols
Common symbol       size              file

marker_transmitt_pos
                    0x1               usart.o
TCB1_string         0x14              tcb.o
menuitem0status     0x2               menu.o
now                 0x2               main.o
menuitem2status     0x2               menu.o
AIN_selected        0x2               adc.o
time_upperPart      0x2               tcb.o
string              0x4               main.o
message             0x32              adc.o
period_upperPart    0x2               tcb.o
menuitem3status     0x2               menu.o
period_lowerPart    0x2               tcb.o
TX_buffer           0x32              usart.o
message_received    0xe               adc.o
time_lowerPart      0x2               tcb.o
RX_buffer           0x32              usart.o
TCB0_string         0x14              tcb.o
transmitt_buffer    0x32              usart.o
stringmeasureValue  0x6               main.o
menuitem1status     0x2               menu.o

Discarded input sections

 .data          0x00000000        0x0 C:/Program Files (x86)/Atmel/Studio/7.0/Packs/atmel/AVR-Dx_DFP/1.10.114/gcc/dev/avr128db48/avrxmega4/crtavr128db48.o
 .bss           0x00000000        0x0 C:/Program Files (x86)/Atmel/Studio/7.0/Packs/atmel/AVR-Dx_DFP/1.10.114/gcc/dev/avr128db48/avrxmega4/crtavr128db48.o
 .text          0x00000000        0x0 adc.o
 .data          0x00000000        0x0 adc.o
 .bss           0x00000000        0x0 adc.o
 .text.ADC0_stop
                0x00000000        0x8 adc.o
 .text.ADC0_read_value
                0x00000000       0x16 adc.o
 .text.ADC0_read_assigned_value
                0x00000000       0x72 adc.o
 .text          0x00000000        0x0 dac.o
 .data          0x00000000        0x0 dac.o
 .bss           0x00000000        0x0 dac.o
 .text.DAC0_setvalue
                0x00000000       0x1c dac.o
 .rodata.str1.1
                0x00000000        0xe dac.o
 .text.DAC0_disable
                0x00000000       0x18 dac.o
 .text          0x00000000        0x0 functions.o
 .data          0x00000000        0x0 functions.o
 .bss           0x00000000        0x0 functions.o
 .text.CLKCTRL_INTERNAL_24M_init
                0x00000000        0xc functions.o
 .text.x16bitTo32Bit
                0x00000000       0x10 functions.o
 .rodata.str1.1
                0x00000000       0x3a functions.o
 .text.uint16ToString
                0x00000000       0x24 functions.o
 .text.message_handler_HMI
                0x00000000       0xda functions.o
 .text.message_handler
                0x00000000       0x46 functions.o
 .text.set_io   0x00000000        0x2 functions.o
 .text.convert_period2hz
                0x00000000       0x22 functions.o
 .rodata.address
                0x00000000        0x2 functions.o
 .text          0x00000000        0x0 init.o
 .data          0x00000000        0x0 init.o
 .bss           0x00000000        0x0 init.o
 .text          0x00000000        0x0 menu.o
 .data          0x00000000        0x0 menu.o
 .bss           0x00000000        0x0 menu.o
 .rodata.str1.1
                0x00000000       0x28 menu.o
 .text.Menu_Intro
                0x00000000      0x12c menu.o
 .text.Info_Menu_Init
                0x00000000       0xb2 menu.o
 .text.Info_Menu_Values
                0x00000000       0x4a menu.o
 .text.Draw_Menu_Items
                0x00000000      0x384 menu.o
 .text.Main_Menu_Handler
                0x00000000       0x5a menu.o
 .text.settings_menu_handler
                0x00000000      0x21e menu.o
 .text.ButtonUpPressed
                0x00000000       0x86 menu.o
 .text.ButtonDownPressed
                0x00000000       0x8e menu.o
 .text.Main_Menu_Selector
                0x00000000       0x4e menu.o
 .text.ToggleStatus
                0x00000000      0x14c menu.o
 .text.ButtonEnterPressed
                0x00000000       0x32 menu.o
 .bss.menuselected
                0x00000000        0x1 menu.o
 .bss.index4status
                0x00000000        0x1 menu.o
 .bss.index3status
                0x00000000        0x1 menu.o
 .bss.index2status
                0x00000000        0x1 menu.o
 .bss.index1status
                0x00000000        0x1 menu.o
 .bss.index0status
                0x00000000        0x1 menu.o
 .bss.show2_5   0x00000000        0x1 menu.o
 .bss.show1_4   0x00000000        0x1 menu.o
 .data.show0_3  0x00000000        0x1 menu.o
 .data.menuitem3
                0x00000000        0x2 menu.o
 .data.menuitem2
                0x00000000        0x2 menu.o
 .data.menuitem1
                0x00000000        0x2 menu.o
 .data.menuitem0
                0x00000000        0x2 menu.o
 .data.menuindex5status
                0x00000000        0x2 menu.o
 .data.menuindex4status
                0x00000000        0x2 menu.o
 .data.menuindex3status
                0x00000000        0x2 menu.o
 .data.menuindex2status
                0x00000000        0x2 menu.o
 .data.menuindex1status
                0x00000000        0x2 menu.o
 .data.menuindex0status
                0x00000000        0x2 menu.o
 .data.menuitemstatusoff
                0x00000000        0x6 menu.o
 .data.menuitemstatuson
                0x00000000        0x6 menu.o
 .data.statusOff
                0x00000000        0x6 menu.o
 .data.statusOn
                0x00000000        0x6 menu.o
 .data.menuindex5
                0x00000000        0x7 menu.o
 .data.menuindex4
                0x00000000        0xa menu.o
 .data.menuindex3
                0x00000000        0xa menu.o
 .data.menuindex2
                0x00000000        0xa menu.o
 .data.menuindex1
                0x00000000        0xa menu.o
 .data.menuindex0
                0x00000000        0xa menu.o
 .data.value_placeholder
                0x00000000        0x6 menu.o
 .data.infoindex3
                0x00000000        0x9 menu.o
 .data.infoindex2
                0x00000000        0x9 menu.o
 .data.infoindex1
                0x00000000        0x9 menu.o
 .data.infoindex0
                0x00000000        0x9 menu.o
 .data.mainmenuindex3
                0x00000000        0x7 menu.o
 .data.mainmenuindex2
                0x00000000        0x7 menu.o
 .data.mainmenuindex1
                0x00000000        0x9 menu.o
 .data.mainmenuindex0
                0x00000000        0xa menu.o
 .data.max_menu_index
                0x00000000        0x1 menu.o
 .bss.selected_menuitem
                0x00000000        0x1 menu.o
 .bss.selected_menu_index
                0x00000000        0x1 menu.o
 .rodata.addr   0x00000000        0x1 menu.o
 .debug_info    0x00000000     0x16bd menu.o
 .debug_abbrev  0x00000000      0x1f0 menu.o
 .debug_loc     0x00000000      0x17a menu.o
 .debug_aranges
                0x00000000       0x70 menu.o
 .debug_ranges  0x00000000       0x60 menu.o
 .debug_line    0x00000000      0x904 menu.o
 .debug_str     0x00000000      0x5af menu.o
 .comment       0x00000000       0x31 menu.o
 .debug_frame   0x00000000       0xdc menu.o
 COMMON         0x00000000        0x8 menu.o
 .text          0x00000000        0x0 regulator.o
 .data          0x00000000        0x0 regulator.o
 .bss           0x00000000        0x0 regulator.o
 .text.pid_change_parameters
                0x00000000       0x60 regulator.o
 .text          0x00000000        0x0 spi.o
 .data          0x00000000        0x0 spi.o
 .bss           0x00000000        0x0 spi.o
 .text.SPI_0_init
                0x00000000       0x18 spi.o
 .text.SPI_0_enable
                0x00000000        0xc spi.o
 .text.SPI_0_disable
                0x00000000        0xc spi.o
 .text.SPI_0_register_callback
                0x00000000        0xa spi.o
 .text.SPI_0_status_free
                0x00000000        0xc spi.o
 .text.SPI_0_status_idle
                0x00000000        0xe spi.o
 .text.SPI_0_status_busy
                0x00000000        0xe spi.o
 .text.SPI_0_status_done
                0x00000000        0xe spi.o
 .text.SPI_0_exchange_byte
                0x00000000       0x28 spi.o
 .text.SPI_0_exchange_block
                0x00000000       0x1a spi.o
 .text.SPI_0_write_block
                0x00000000       0x1a spi.o
 .text.SPI_0_read_block
                0x00000000       0x18 spi.o
 .text          0x00000000        0x0 tcb.o
 .data          0x00000000        0x0 tcb.o
 .bss           0x00000000        0x0 tcb.o
 .text.TCB0_FRQ_init
                0x00000000       0x1c tcb.o
 .text.TCB1_init
                0x00000000       0x20 tcb.o
 .text.TCB2_init
                0x00000000        0xe tcb.o
 .text.TCB3_init
                0x00000000       0x28 tcb.o
 .text.TCB3_initv2
                0x00000000       0x1c tcb.o
 .text.TCB2TCB3_Cascade_init
                0x00000000       0x2a tcb.o
 .text.combineValues
                0x00000000       0x16 tcb.o
 .text.TCB0_read_period
                0x00000000       0x12 tcb.o
 .bss.last_time_s
                0x00000000        0x4 tcb.o
 .bss.last_time_us
                0x00000000        0x4 tcb.o
 .bss.period32  0x00000000        0x4 tcb.o
 .bss.last_time32
                0x00000000        0x4 tcb.o
 .bss.time32    0x00000000        0x4 tcb.o
 .bss.time_s    0x00000000        0x4 tcb.o
 .bss.time_ms   0x00000000        0x4 tcb.o
 .bss.time_us   0x00000000        0x4 tcb.o
 .bss.second_1  0x00000000        0x4 tcb.o
 .bss.seconds_since_start
                0x00000000        0x4 tcb.o
 COMMON         0x00000000       0x30 tcb.o
 .text          0x00000000        0x0 display.o
 .data          0x00000000        0x0 display.o
 .bss           0x00000000        0x0 display.o
 .text.HD44780_PCF8574_E_pulse
                0x00000000       0x1a display.o
 .text.HD44780_PCF8574_Send_4bits_M4b_I
                0x00000000       0x12 display.o
 .text.HD44780_PCF8574_Send_8bits_M4b_I
                0x00000000       0x38 display.o
 .text.HD44780_PCF8574_CheckBF
                0x00000000        0x2 display.o
 .text.HD44780_PCF8574_SendInstruction
                0x00000000       0x14 display.o
 .text.HD44780_PCF8574_Init
                0x00000000       0x78 display.o
 .text.HD44780_PCF8574_SendData
                0x00000000        0x8 display.o
 .text.HD44780_PCF8574_PositionXY
                0x00000000       0x52 display.o
 .text.HD44780_PCF8574_DisplayClear
                0x00000000        0x8 display.o
 .text.HD44780_PCF8574_DisplayOn
                0x00000000        0x8 display.o
 .text.HD44780_PCF8574_CursorOn
                0x00000000        0x8 display.o
 .text.HD44780_PCF8574_CursorBlink
                0x00000000        0x8 display.o
 .text.HD44780_PCF8574_DrawChar
                0x00000000        0x6 display.o
 .text.HD44780_PCF8574_DrawString
                0x00000000       0x34 display.o
 .rodata.str1.1
                0x00000000       0x15 display.o
 .text.HD44780_PCF8574_ClearLine
                0x00000000       0x1a display.o
 .text.HD44780_PCF8574_Shift
                0x00000000       0x4c display.o
 .debug_info    0x00000000      0x99b display.o
 .debug_abbrev  0x00000000      0x21d display.o
 .debug_loc     0x00000000      0x961 display.o
 .debug_aranges
                0x00000000       0x98 display.o
 .debug_ranges  0x00000000       0x88 display.o
 .debug_line    0x00000000      0x437 display.o
 .debug_str     0x00000000      0x41e display.o
 .comment       0x00000000       0x31 display.o
 .debug_frame   0x00000000      0x15c display.o
 .text          0x00000000        0x0 i2c.o
 .data          0x00000000        0x0 i2c.o
 .bss           0x00000000        0x0 i2c.o
 .text.i2c_0_WaitW
                0x00000000       0x2c i2c.o
 .text.i2c_0_WaitR
                0x00000000       0x20 i2c.o
 .text.I2C_0_SendData
                0x00000000       0x6a i2c.o
 .text.I2C_SendByte
                0x00000000        0xa i2c.o
 .text.I2C_SlaveAddress
                0x00000000        0xc i2c.o
 .text.I2C_0_GetData
                0x00000000       0x78 i2c.o
 .text          0x00000000        0x0 main.o
 .data          0x00000000        0x0 main.o
 .bss           0x00000000        0x0 main.o
 .bss.digital_out_status
                0x00000000        0x1 main.o
 .bss.digital_in_status
                0x00000000        0x1 main.o
 .bss.analog_out_status
                0x00000000        0x1 main.o
 .bss.analog_in_status
                0x00000000        0x1 main.o
 .bss.count     0x00000000        0x2 main.o
 .text          0x00000000        0x0 tca.o
 .data          0x00000000        0x0 tca.o
 .bss           0x00000000        0x0 tca.o
 .text.TCA0_PWM_enable
                0x00000000        0xc tca.o
 .text.TCA0_PWM_disable
                0x00000000        0xc tca.o
 .text.TCA0_PWM_set_period
                0x00000000        0xa tca.o
 .text.TCA1_PWM_init
                0x00000000       0x2c tca.o
 .text.TCA1_PWM_enable
                0x00000000        0xc tca.o
 .text.TCA1_PWM_disable
                0x00000000        0xc tca.o
 .text.TCA1_PWM_set_duty
                0x00000000        0xa tca.o
 .text.TCA1_PWM_set_period
                0x00000000        0xa tca.o
 .text          0x00000000        0x0 usart.o
 .data          0x00000000        0x0 usart.o
 .bss           0x00000000        0x0 usart.o
 .text.buffer2message
                0x00000000       0x60 usart.o
 .bss.last      0x00000000        0x1 usart.o
 .bss.next      0x00000000        0x1 usart.o
 .bss.RX_buffer_read
                0x00000000        0x1 usart.o
 .data.MAX_MESSAGE_SIZE
                0x00000000        0x1 usart.o
 .data.message_transmitt
                0x00000000        0xc usart.o
 .data.message_length
                0x00000000        0x1 usart.o
 .bss.message_available
                0x00000000        0x1 usart.o
 .bss.message_ready
                0x00000000        0x1 usart.o
 .bss.marker_pos
                0x00000000        0x1 usart.o
 .text          0x00000000        0x0 c:/program files (x86)/atmel/studio/7.0/toolchain/avr8/avr8-gnu-toolchain/bin/../lib/gcc/avr/5.4.0/../../../../avr/lib/avrxmega4\libm.a(addsf3.o)
 .data          0x00000000        0x0 c:/program files (x86)/atmel/studio/7.0/toolchain/avr8/avr8-gnu-toolchain/bin/../lib/gcc/avr/5.4.0/../../../../avr/lib/avrxmega4\libm.a(addsf3.o)
 .bss           0x00000000        0x0 c:/program files (x86)/atmel/studio/7.0/toolchain/avr8/avr8-gnu-toolchain/bin/../lib/gcc/avr/5.4.0/../../../../avr/lib/avrxmega4\libm.a(addsf3.o)
 .text          0x00000000        0x0 c:/program files (x86)/atmel/studio/7.0/toolchain/avr8/avr8-gnu-toolchain/bin/../lib/gcc/avr/5.4.0/../../../../avr/lib/avrxmega4\libm.a(addsf3x.o)
 .data          0x00000000        0x0 c:/program files (x86)/atmel/studio/7.0/toolchain/avr8/avr8-gnu-toolchain/bin/../lib/gcc/avr/5.4.0/../../../../avr/lib/avrxmega4\libm.a(addsf3x.o)
 .bss           0x00000000        0x0 c:/program files (x86)/atmel/studio/7.0/toolchain/avr8/avr8-gnu-toolchain/bin/../lib/gcc/avr/5.4.0/../../../../avr/lib/avrxmega4\libm.a(addsf3x.o)
 .text          0x00000000        0x0 c:/program files (x86)/atmel/studio/7.0/toolchain/avr8/avr8-gnu-toolchain/bin/../lib/gcc/avr/5.4.0/../../../../avr/lib/avrxmega4\libm.a(cmpsf2.o)
 .data          0x00000000        0x0 c:/program files (x86)/atmel/studio/7.0/toolchain/avr8/avr8-gnu-toolchain/bin/../lib/gcc/avr/5.4.0/../../../../avr/lib/avrxmega4\libm.a(cmpsf2.o)
 .bss           0x00000000        0x0 c:/program files (x86)/atmel/studio/7.0/toolchain/avr8/avr8-gnu-toolchain/bin/../lib/gcc/avr/5.4.0/../../../../avr/lib/avrxmega4\libm.a(cmpsf2.o)
 .text          0x00000000        0x0 c:/program files (x86)/atmel/studio/7.0/toolchain/avr8/avr8-gnu-toolchain/bin/../lib/gcc/avr/5.4.0/../../../../avr/lib/avrxmega4\libm.a(divsf3.o)
 .data          0x00000000        0x0 c:/program files (x86)/atmel/studio/7.0/toolchain/avr8/avr8-gnu-toolchain/bin/../lib/gcc/avr/5.4.0/../../../../avr/lib/avrxmega4\libm.a(divsf3.o)
 .bss           0x00000000        0x0 c:/program files (x86)/atmel/studio/7.0/toolchain/avr8/avr8-gnu-toolchain/bin/../lib/gcc/avr/5.4.0/../../../../avr/lib/avrxmega4\libm.a(divsf3.o)
 .text          0x00000000        0x0 c:/program files (x86)/atmel/studio/7.0/toolchain/avr8/avr8-gnu-toolchain/bin/../lib/gcc/avr/5.4.0/../../../../avr/lib/avrxmega4\libm.a(divsf3x.o)
 .data          0x00000000        0x0 c:/program files (x86)/atmel/studio/7.0/toolchain/avr8/avr8-gnu-toolchain/bin/../lib/gcc/avr/5.4.0/../../../../avr/lib/avrxmega4\libm.a(divsf3x.o)
 .bss           0x00000000        0x0 c:/program files (x86)/atmel/studio/7.0/toolchain/avr8/avr8-gnu-toolchain/bin/../lib/gcc/avr/5.4.0/../../../../avr/lib/avrxmega4\libm.a(divsf3x.o)
 .text          0x00000000        0x0 c:/program files (x86)/atmel/studio/7.0/toolchain/avr8/avr8-gnu-toolchain/bin/../lib/gcc/avr/5.4.0/../../../../avr/lib/avrxmega4\libm.a(fixunssfsi.o)
 .data          0x00000000        0x0 c:/program files (x86)/atmel/studio/7.0/toolchain/avr8/avr8-gnu-toolchain/bin/../lib/gcc/avr/5.4.0/../../../../avr/lib/avrxmega4\libm.a(fixunssfsi.o)
 .bss           0x00000000        0x0 c:/program files (x86)/atmel/studio/7.0/toolchain/avr8/avr8-gnu-toolchain/bin/../lib/gcc/avr/5.4.0/../../../../avr/lib/avrxmega4\libm.a(fixunssfsi.o)
 .text          0x00000000        0x0 c:/program files (x86)/atmel/studio/7.0/toolchain/avr8/avr8-gnu-toolchain/bin/../lib/gcc/avr/5.4.0/../../../../avr/lib/avrxmega4\libm.a(floatsisf.o)
 .data          0x00000000        0x0 c:/program files (x86)/atmel/studio/7.0/toolchain/avr8/avr8-gnu-toolchain/bin/../lib/gcc/avr/5.4.0/../../../../avr/lib/avrxmega4\libm.a(floatsisf.o)
 .bss           0x00000000        0x0 c:/program files (x86)/atmel/studio/7.0/toolchain/avr8/avr8-gnu-toolchain/bin/../lib/gcc/avr/5.4.0/../../../../avr/lib/avrxmega4\libm.a(floatsisf.o)
 .text          0x00000000        0x0 c:/program files (x86)/atmel/studio/7.0/toolchain/avr8/avr8-gnu-toolchain/bin/../lib/gcc/avr/5.4.0/../../../../avr/lib/avrxmega4\libm.a(fp_cmp.o)
 .data          0x00000000        0x0 c:/program files (x86)/atmel/studio/7.0/toolchain/avr8/avr8-gnu-toolchain/bin/../lib/gcc/avr/5.4.0/../../../../avr/lib/avrxmega4\libm.a(fp_cmp.o)
 .bss           0x00000000        0x0 c:/program files (x86)/atmel/studio/7.0/toolchain/avr8/avr8-gnu-toolchain/bin/../lib/gcc/avr/5.4.0/../../../../avr/lib/avrxmega4\libm.a(fp_cmp.o)
 .text          0x00000000        0x0 c:/program files (x86)/atmel/studio/7.0/toolchain/avr8/avr8-gnu-toolchain/bin/../lib/gcc/avr/5.4.0/../../../../avr/lib/avrxmega4\libm.a(fp_inf.o)
 .data          0x00000000        0x0 c:/program files (x86)/atmel/studio/7.0/toolchain/avr8/avr8-gnu-toolchain/bin/../lib/gcc/avr/5.4.0/../../../../avr/lib/avrxmega4\libm.a(fp_inf.o)
 .bss           0x00000000        0x0 c:/program files (x86)/atmel/studio/7.0/toolchain/avr8/avr8-gnu-toolchain/bin/../lib/gcc/avr/5.4.0/../../../../avr/lib/avrxmega4\libm.a(fp_inf.o)
 .text          0x00000000        0x0 c:/program files (x86)/atmel/studio/7.0/toolchain/avr8/avr8-gnu-toolchain/bin/../lib/gcc/avr/5.4.0/../../../../avr/lib/avrxmega4\libm.a(fp_nan.o)
 .data          0x00000000        0x0 c:/program files (x86)/atmel/studio/7.0/toolchain/avr8/avr8-gnu-toolchain/bin/../lib/gcc/avr/5.4.0/../../../../avr/lib/avrxmega4\libm.a(fp_nan.o)
 .bss           0x00000000        0x0 c:/program files (x86)/atmel/studio/7.0/toolchain/avr8/avr8-gnu-toolchain/bin/../lib/gcc/avr/5.4.0/../../../../avr/lib/avrxmega4\libm.a(fp_nan.o)
 .text          0x00000000        0x0 c:/program files (x86)/atmel/studio/7.0/toolchain/avr8/avr8-gnu-toolchain/bin/../lib/gcc/avr/5.4.0/../../../../avr/lib/avrxmega4\libm.a(fp_pscA.o)
 .data          0x00000000        0x0 c:/program files (x86)/atmel/studio/7.0/toolchain/avr8/avr8-gnu-toolchain/bin/../lib/gcc/avr/5.4.0/../../../../avr/lib/avrxmega4\libm.a(fp_pscA.o)
 .bss           0x00000000        0x0 c:/program files (x86)/atmel/studio/7.0/toolchain/avr8/avr8-gnu-toolchain/bin/../lib/gcc/avr/5.4.0/../../../../avr/lib/avrxmega4\libm.a(fp_pscA.o)
 .text          0x00000000        0x0 c:/program files (x86)/atmel/studio/7.0/toolchain/avr8/avr8-gnu-toolchain/bin/../lib/gcc/avr/5.4.0/../../../../avr/lib/avrxmega4\libm.a(fp_pscB.o)
 .data          0x00000000        0x0 c:/program files (x86)/atmel/studio/7.0/toolchain/avr8/avr8-gnu-toolchain/bin/../lib/gcc/avr/5.4.0/../../../../avr/lib/avrxmega4\libm.a(fp_pscB.o)
 .bss           0x00000000        0x0 c:/program files (x86)/atmel/studio/7.0/toolchain/avr8/avr8-gnu-toolchain/bin/../lib/gcc/avr/5.4.0/../../../../avr/lib/avrxmega4\libm.a(fp_pscB.o)
 .text          0x00000000        0x0 c:/program files (x86)/atmel/studio/7.0/toolchain/avr8/avr8-gnu-toolchain/bin/../lib/gcc/avr/5.4.0/../../../../avr/lib/avrxmega4\libm.a(fp_round.o)
 .data          0x00000000        0x0 c:/program files (x86)/atmel/studio/7.0/toolchain/avr8/avr8-gnu-toolchain/bin/../lib/gcc/avr/5.4.0/../../../../avr/lib/avrxmega4\libm.a(fp_round.o)
 .bss           0x00000000        0x0 c:/program files (x86)/atmel/studio/7.0/toolchain/avr8/avr8-gnu-toolchain/bin/../lib/gcc/avr/5.4.0/../../../../avr/lib/avrxmega4\libm.a(fp_round.o)
 .text          0x00000000        0x0 c:/program files (x86)/atmel/studio/7.0/toolchain/avr8/avr8-gnu-toolchain/bin/../lib/gcc/avr/5.4.0/../../../../avr/lib/avrxmega4\libm.a(fp_split3.o)
 .data          0x00000000        0x0 c:/program files (x86)/atmel/studio/7.0/toolchain/avr8/avr8-gnu-toolchain/bin/../lib/gcc/avr/5.4.0/../../../../avr/lib/avrxmega4\libm.a(fp_split3.o)
 .bss           0x00000000        0x0 c:/program files (x86)/atmel/studio/7.0/toolchain/avr8/avr8-gnu-toolchain/bin/../lib/gcc/avr/5.4.0/../../../../avr/lib/avrxmega4\libm.a(fp_split3.o)
 .text          0x00000000        0x0 c:/program files (x86)/atmel/studio/7.0/toolchain/avr8/avr8-gnu-toolchain/bin/../lib/gcc/avr/5.4.0/../../../../avr/lib/avrxmega4\libm.a(fp_zero.o)
 .data          0x00000000        0x0 c:/program files (x86)/atmel/studio/7.0/toolchain/avr8/avr8-gnu-toolchain/bin/../lib/gcc/avr/5.4.0/../../../../avr/lib/avrxmega4\libm.a(fp_zero.o)
 .bss           0x00000000        0x0 c:/program files (x86)/atmel/studio/7.0/toolchain/avr8/avr8-gnu-toolchain/bin/../lib/gcc/avr/5.4.0/../../../../avr/lib/avrxmega4\libm.a(fp_zero.o)
 .text          0x00000000        0x0 c:/program files (x86)/atmel/studio/7.0/toolchain/avr8/avr8-gnu-toolchain/bin/../lib/gcc/avr/5.4.0/../../../../avr/lib/avrxmega4\libm.a(gesf2.o)
 .data          0x00000000        0x0 c:/program files (x86)/atmel/studio/7.0/toolchain/avr8/avr8-gnu-toolchain/bin/../lib/gcc/avr/5.4.0/../../../../avr/lib/avrxmega4\libm.a(gesf2.o)
 .bss           0x00000000        0x0 c:/program files (x86)/atmel/studio/7.0/toolchain/avr8/avr8-gnu-toolchain/bin/../lib/gcc/avr/5.4.0/../../../../avr/lib/avrxmega4\libm.a(gesf2.o)
 .text          0x00000000        0x0 c:/program files (x86)/atmel/studio/7.0/toolchain/avr8/avr8-gnu-toolchain/bin/../lib/gcc/avr/5.4.0/../../../../avr/lib/avrxmega4\libm.a(mulsf3.o)
 .data          0x00000000        0x0 c:/program files (x86)/atmel/studio/7.0/toolchain/avr8/avr8-gnu-toolchain/bin/../lib/gcc/avr/5.4.0/../../../../avr/lib/avrxmega4\libm.a(mulsf3.o)
 .bss           0x00000000        0x0 c:/program files (x86)/atmel/studio/7.0/toolchain/avr8/avr8-gnu-toolchain/bin/../lib/gcc/avr/5.4.0/../../../../avr/lib/avrxmega4\libm.a(mulsf3.o)
 .text          0x00000000        0x0 c:/program files (x86)/atmel/studio/7.0/toolchain/avr8/avr8-gnu-toolchain/bin/../lib/gcc/avr/5.4.0/../../../../avr/lib/avrxmega4\libm.a(mulsf3x.o)
 .data          0x00000000        0x0 c:/program files (x86)/atmel/studio/7.0/toolchain/avr8/avr8-gnu-toolchain/bin/../lib/gcc/avr/5.4.0/../../../../avr/lib/avrxmega4\libm.a(mulsf3x.o)
 .bss           0x00000000        0x0 c:/program files (x86)/atmel/studio/7.0/toolchain/avr8/avr8-gnu-toolchain/bin/../lib/gcc/avr/5.4.0/../../../../avr/lib/avrxmega4\libm.a(mulsf3x.o)
 .text          0x00000000        0x0 c:/program files (x86)/atmel/studio/7.0/toolchain/avr8/avr8-gnu-toolchain/bin/../lib/gcc/avr/5.4.0/avrxmega4\libgcc.a(_exit.o)
 .data          0x00000000        0x0 c:/program files (x86)/atmel/studio/7.0/toolchain/avr8/avr8-gnu-toolchain/bin/../lib/gcc/avr/5.4.0/avrxmega4\libgcc.a(_exit.o)
 .bss           0x00000000        0x0 c:/program files (x86)/atmel/studio/7.0/toolchain/avr8/avr8-gnu-toolchain/bin/../lib/gcc/avr/5.4.0/avrxmega4\libgcc.a(_exit.o)
 .text.libgcc.mul
                0x00000000        0x0 c:/program files (x86)/atmel/studio/7.0/toolchain/avr8/avr8-gnu-toolchain/bin/../lib/gcc/avr/5.4.0/avrxmega4\libgcc.a(_exit.o)
 .text.libgcc.div
                0x00000000        0x0 c:/program files (x86)/atmel/studio/7.0/toolchain/avr8/avr8-gnu-toolchain/bin/../lib/gcc/avr/5.4.0/avrxmega4\libgcc.a(_exit.o)
 .text.libgcc   0x00000000        0x0 c:/program files (x86)/atmel/studio/7.0/toolchain/avr8/avr8-gnu-toolchain/bin/../lib/gcc/avr/5.4.0/avrxmega4\libgcc.a(_exit.o)
 .text.libgcc.prologue
                0x00000000        0x0 c:/program files (x86)/atmel/studio/7.0/toolchain/avr8/avr8-gnu-toolchain/bin/../lib/gcc/avr/5.4.0/avrxmega4\libgcc.a(_exit.o)
 .text.libgcc.builtins
                0x00000000        0x0 c:/program files (x86)/atmel/studio/7.0/toolchain/avr8/avr8-gnu-toolchain/bin/../lib/gcc/avr/5.4.0/avrxmega4\libgcc.a(_exit.o)
 .text.libgcc.fmul
                0x00000000        0x0 c:/program files (x86)/atmel/studio/7.0/toolchain/avr8/avr8-gnu-toolchain/bin/../lib/gcc/avr/5.4.0/avrxmega4\libgcc.a(_exit.o)
 .text.libgcc.fixed
                0x00000000        0x0 c:/program files (x86)/atmel/studio/7.0/toolchain/avr8/avr8-gnu-toolchain/bin/../lib/gcc/avr/5.4.0/avrxmega4\libgcc.a(_exit.o)
 .text          0x00000000        0x0 c:/program files (x86)/atmel/studio/7.0/toolchain/avr8/avr8-gnu-toolchain/bin/../lib/gcc/avr/5.4.0/avrxmega4\libgcc.a(_copy_data.o)
 .data          0x00000000        0x0 c:/program files (x86)/atmel/studio/7.0/toolchain/avr8/avr8-gnu-toolchain/bin/../lib/gcc/avr/5.4.0/avrxmega4\libgcc.a(_copy_data.o)
 .bss           0x00000000        0x0 c:/program files (x86)/atmel/studio/7.0/toolchain/avr8/avr8-gnu-toolchain/bin/../lib/gcc/avr/5.4.0/avrxmega4\libgcc.a(_copy_data.o)
 .text.libgcc.mul
                0x00000000        0x0 c:/program files (x86)/atmel/studio/7.0/toolchain/avr8/avr8-gnu-toolchain/bin/../lib/gcc/avr/5.4.0/avrxmega4\libgcc.a(_copy_data.o)
 .text.libgcc.div
                0x00000000        0x0 c:/program files (x86)/atmel/studio/7.0/toolchain/avr8/avr8-gnu-toolchain/bin/../lib/gcc/avr/5.4.0/avrxmega4\libgcc.a(_copy_data.o)
 .text.libgcc   0x00000000        0x0 c:/program files (x86)/atmel/studio/7.0/toolchain/avr8/avr8-gnu-toolchain/bin/../lib/gcc/avr/5.4.0/avrxmega4\libgcc.a(_copy_data.o)
 .text.libgcc.prologue
                0x00000000        0x0 c:/program files (x86)/atmel/studio/7.0/toolchain/avr8/avr8-gnu-toolchain/bin/../lib/gcc/avr/5.4.0/avrxmega4\libgcc.a(_copy_data.o)
 .text.libgcc.builtins
                0x00000000        0x0 c:/program files (x86)/atmel/studio/7.0/toolchain/avr8/avr8-gnu-toolchain/bin/../lib/gcc/avr/5.4.0/avrxmega4\libgcc.a(_copy_data.o)
 .text.libgcc.fmul
                0x00000000        0x0 c:/program files (x86)/atmel/studio/7.0/toolchain/avr8/avr8-gnu-toolchain/bin/../lib/gcc/avr/5.4.0/avrxmega4\libgcc.a(_copy_data.o)
 .text.libgcc.fixed
                0x00000000        0x0 c:/program files (x86)/atmel/studio/7.0/toolchain/avr8/avr8-gnu-toolchain/bin/../lib/gcc/avr/5.4.0/avrxmega4\libgcc.a(_copy_data.o)
 .text          0x00000000        0x0 c:/program files (x86)/atmel/studio/7.0/toolchain/avr8/avr8-gnu-toolchain/bin/../lib/gcc/avr/5.4.0/avrxmega4\libgcc.a(_clear_bss.o)
 .data          0x00000000        0x0 c:/program files (x86)/atmel/studio/7.0/toolchain/avr8/avr8-gnu-toolchain/bin/../lib/gcc/avr/5.4.0/avrxmega4\libgcc.a(_clear_bss.o)
 .bss           0x00000000        0x0 c:/program files (x86)/atmel/studio/7.0/toolchain/avr8/avr8-gnu-toolchain/bin/../lib/gcc/avr/5.4.0/avrxmega4\libgcc.a(_clear_bss.o)
 .text.libgcc.mul
                0x00000000        0x0 c:/program files (x86)/atmel/studio/7.0/toolchain/avr8/avr8-gnu-toolchain/bin/../lib/gcc/avr/5.4.0/avrxmega4\libgcc.a(_clear_bss.o)
 .text.libgcc.div
                0x00000000        0x0 c:/program files (x86)/atmel/studio/7.0/toolchain/avr8/avr8-gnu-toolchain/bin/../lib/gcc/avr/5.4.0/avrxmega4\libgcc.a(_clear_bss.o)
 .text.libgcc   0x00000000        0x0 c:/program files (x86)/atmel/studio/7.0/toolchain/avr8/avr8-gnu-toolchain/bin/../lib/gcc/avr/5.4.0/avrxmega4\libgcc.a(_clear_bss.o)
 .text.libgcc.prologue
                0x00000000        0x0 c:/program files (x86)/atmel/studio/7.0/toolchain/avr8/avr8-gnu-toolchain/bin/../lib/gcc/avr/5.4.0/avrxmega4\libgcc.a(_clear_bss.o)
 .text.libgcc.builtins
                0x00000000        0x0 c:/program files (x86)/atmel/studio/7.0/toolchain/avr8/avr8-gnu-toolchain/bin/../lib/gcc/avr/5.4.0/avrxmega4\libgcc.a(_clear_bss.o)
 .text.libgcc.fmul
                0x00000000        0x0 c:/program files (x86)/atmel/studio/7.0/toolchain/avr8/avr8-gnu-toolchain/bin/../lib/gcc/avr/5.4.0/avrxmega4\libgcc.a(_clear_bss.o)
 .text.libgcc.fixed
                0x00000000        0x0 c:/program files (x86)/atmel/studio/7.0/toolchain/avr8/avr8-gnu-toolchain/bin/../lib/gcc/avr/5.4.0/avrxmega4\libgcc.a(_clear_bss.o)
 .text          0x00000000        0x0 c:/program files (x86)/atmel/studio/7.0/toolchain/avr8/avr8-gnu-toolchain/bin/../lib/gcc/avr/5.4.0/avrxmega4\libgcc.a(_muluhisi3.o)
 .data          0x00000000        0x0 c:/program files (x86)/atmel/studio/7.0/toolchain/avr8/avr8-gnu-toolchain/bin/../lib/gcc/avr/5.4.0/avrxmega4\libgcc.a(_muluhisi3.o)
 .bss           0x00000000        0x0 c:/program files (x86)/atmel/studio/7.0/toolchain/avr8/avr8-gnu-toolchain/bin/../lib/gcc/avr/5.4.0/avrxmega4\libgcc.a(_muluhisi3.o)
 .text.libgcc.div
                0x00000000        0x0 c:/program files (x86)/atmel/studio/7.0/toolchain/avr8/avr8-gnu-toolchain/bin/../lib/gcc/avr/5.4.0/avrxmega4\libgcc.a(_muluhisi3.o)
 .text.libgcc   0x00000000        0x0 c:/program files (x86)/atmel/studio/7.0/toolchain/avr8/avr8-gnu-toolchain/bin/../lib/gcc/avr/5.4.0/avrxmega4\libgcc.a(_muluhisi3.o)
 .text.libgcc.prologue
                0x00000000        0x0 c:/program files (x86)/atmel/studio/7.0/toolchain/avr8/avr8-gnu-toolchain/bin/../lib/gcc/avr/5.4.0/avrxmega4\libgcc.a(_muluhisi3.o)
 .text.libgcc.builtins
                0x00000000        0x0 c:/program files (x86)/atmel/studio/7.0/toolchain/avr8/avr8-gnu-toolchain/bin/../lib/gcc/avr/5.4.0/avrxmega4\libgcc.a(_muluhisi3.o)
 .text.libgcc.fmul
                0x00000000        0x0 c:/program files (x86)/atmel/studio/7.0/toolchain/avr8/avr8-gnu-toolchain/bin/../lib/gcc/avr/5.4.0/avrxmega4\libgcc.a(_muluhisi3.o)
 .text.libgcc.fixed
                0x00000000        0x0 c:/program files (x86)/atmel/studio/7.0/toolchain/avr8/avr8-gnu-toolchain/bin/../lib/gcc/avr/5.4.0/avrxmega4\libgcc.a(_muluhisi3.o)
 .text          0x00000000        0x0 c:/program files (x86)/atmel/studio/7.0/toolchain/avr8/avr8-gnu-toolchain/bin/../lib/gcc/avr/5.4.0/avrxmega4\libgcc.a(_umulhisi3.o)
 .data          0x00000000        0x0 c:/program files (x86)/atmel/studio/7.0/toolchain/avr8/avr8-gnu-toolchain/bin/../lib/gcc/avr/5.4.0/avrxmega4\libgcc.a(_umulhisi3.o)
 .bss           0x00000000        0x0 c:/program files (x86)/atmel/studio/7.0/toolchain/avr8/avr8-gnu-toolchain/bin/../lib/gcc/avr/5.4.0/avrxmega4\libgcc.a(_umulhisi3.o)
 .text.libgcc.div
                0x00000000        0x0 c:/program files (x86)/atmel/studio/7.0/toolchain/avr8/avr8-gnu-toolchain/bin/../lib/gcc/avr/5.4.0/avrxmega4\libgcc.a(_umulhisi3.o)
 .text.libgcc   0x00000000        0x0 c:/program files (x86)/atmel/studio/7.0/toolchain/avr8/avr8-gnu-toolchain/bin/../lib/gcc/avr/5.4.0/avrxmega4\libgcc.a(_umulhisi3.o)
 .text.libgcc.prologue
                0x00000000        0x0 c:/program files (x86)/atmel/studio/7.0/toolchain/avr8/avr8-gnu-toolchain/bin/../lib/gcc/avr/5.4.0/avrxmega4\libgcc.a(_umulhisi3.o)
 .text.libgcc.builtins
                0x00000000        0x0 c:/program files (x86)/atmel/studio/7.0/toolchain/avr8/avr8-gnu-toolchain/bin/../lib/gcc/avr/5.4.0/avrxmega4\libgcc.a(_umulhisi3.o)
 .text.libgcc.fmul
                0x00000000        0x0 c:/program files (x86)/atmel/studio/7.0/toolchain/avr8/avr8-gnu-toolchain/bin/../lib/gcc/avr/5.4.0/avrxmega4\libgcc.a(_umulhisi3.o)
 .text.libgcc.fixed
                0x00000000        0x0 c:/program files (x86)/atmel/studio/7.0/toolchain/avr8/avr8-gnu-toolchain/bin/../lib/gcc/avr/5.4.0/avrxmega4\libgcc.a(_umulhisi3.o)
 .text          0x00000000        0x0 c:/program files (x86)/atmel/studio/7.0/toolchain/avr8/avr8-gnu-toolchain/bin/../lib/gcc/avr/5.4.0/../../../../avr/lib/avrxmega4\libc.a(atoi.o)
 .data          0x00000000        0x0 c:/program files (x86)/atmel/studio/7.0/toolchain/avr8/avr8-gnu-toolchain/bin/../lib/gcc/avr/5.4.0/../../../../avr/lib/avrxmega4\libc.a(atoi.o)
 .bss           0x00000000        0x0 c:/program files (x86)/atmel/studio/7.0/toolchain/avr8/avr8-gnu-toolchain/bin/../lib/gcc/avr/5.4.0/../../../../avr/lib/avrxmega4\libc.a(atoi.o)
 .text.avr-libc
                0x00000000       0x3c c:/program files (x86)/atmel/studio/7.0/toolchain/avr8/avr8-gnu-toolchain/bin/../lib/gcc/avr/5.4.0/../../../../avr/lib/avrxmega4\libc.a(atoi.o)
 .text          0x00000000        0x0 c:/program files (x86)/atmel/studio/7.0/toolchain/avr8/avr8-gnu-toolchain/bin/../lib/gcc/avr/5.4.0/../../../../avr/lib/avrxmega4\libc.a(strcmp.o)
 .data          0x00000000        0x0 c:/program files (x86)/atmel/studio/7.0/toolchain/avr8/avr8-gnu-toolchain/bin/../lib/gcc/avr/5.4.0/../../../../avr/lib/avrxmega4\libc.a(strcmp.o)
 .bss           0x00000000        0x0 c:/program files (x86)/atmel/studio/7.0/toolchain/avr8/avr8-gnu-toolchain/bin/../lib/gcc/avr/5.4.0/../../../../avr/lib/avrxmega4\libc.a(strcmp.o)
 .text.avr-libc
                0x00000000       0x12 c:/program files (x86)/atmel/studio/7.0/toolchain/avr8/avr8-gnu-toolchain/bin/../lib/gcc/avr/5.4.0/../../../../avr/lib/avrxmega4\libc.a(strcmp.o)
 .text          0x00000000        0x0 c:/program files (x86)/atmel/studio/7.0/toolchain/avr8/avr8-gnu-toolchain/bin/../lib/gcc/avr/5.4.0/../../../../avr/lib/avrxmega4\libc.a(itoa_ncheck.o)
 .data          0x00000000        0x0 c:/program files (x86)/atmel/studio/7.0/toolchain/avr8/avr8-gnu-toolchain/bin/../lib/gcc/avr/5.4.0/../../../../avr/lib/avrxmega4\libc.a(itoa_ncheck.o)
 .bss           0x00000000        0x0 c:/program files (x86)/atmel/studio/7.0/toolchain/avr8/avr8-gnu-toolchain/bin/../lib/gcc/avr/5.4.0/../../../../avr/lib/avrxmega4\libc.a(itoa_ncheck.o)
 .text          0x00000000        0x0 c:/program files (x86)/atmel/studio/7.0/toolchain/avr8/avr8-gnu-toolchain/bin/../lib/gcc/avr/5.4.0/../../../../avr/lib/avrxmega4\libc.a(mul10.o)
 .data          0x00000000        0x0 c:/program files (x86)/atmel/studio/7.0/toolchain/avr8/avr8-gnu-toolchain/bin/../lib/gcc/avr/5.4.0/../../../../avr/lib/avrxmega4\libc.a(mul10.o)
 .bss           0x00000000        0x0 c:/program files (x86)/atmel/studio/7.0/toolchain/avr8/avr8-gnu-toolchain/bin/../lib/gcc/avr/5.4.0/../../../../avr/lib/avrxmega4\libc.a(mul10.o)
 .text.avr-libc
                0x00000000       0x10 c:/program files (x86)/atmel/studio/7.0/toolchain/avr8/avr8-gnu-toolchain/bin/../lib/gcc/avr/5.4.0/../../../../avr/lib/avrxmega4\libc.a(mul10.o)
 .text          0x00000000        0x0 c:/program files (x86)/atmel/studio/7.0/toolchain/avr8/avr8-gnu-toolchain/bin/../lib/gcc/avr/5.4.0/../../../../avr/lib/avrxmega4\libc.a(utoa_ncheck.o)
 .data          0x00000000        0x0 c:/program files (x86)/atmel/studio/7.0/toolchain/avr8/avr8-gnu-toolchain/bin/../lib/gcc/avr/5.4.0/../../../../avr/lib/avrxmega4\libc.a(utoa_ncheck.o)
 .bss           0x00000000        0x0 c:/program files (x86)/atmel/studio/7.0/toolchain/avr8/avr8-gnu-toolchain/bin/../lib/gcc/avr/5.4.0/../../../../avr/lib/avrxmega4\libc.a(utoa_ncheck.o)
 .text          0x00000000        0x0 c:/program files (x86)/atmel/studio/7.0/toolchain/avr8/avr8-gnu-toolchain/bin/../lib/gcc/avr/5.4.0/../../../../avr/lib/avrxmega4\libc.a(snprintf.o)
 .data          0x00000000        0x0 c:/program files (x86)/atmel/studio/7.0/toolchain/avr8/avr8-gnu-toolchain/bin/../lib/gcc/avr/5.4.0/../../../../avr/lib/avrxmega4\libc.a(snprintf.o)
 .bss           0x00000000        0x0 c:/program files (x86)/atmel/studio/7.0/toolchain/avr8/avr8-gnu-toolchain/bin/../lib/gcc/avr/5.4.0/../../../../avr/lib/avrxmega4\libc.a(snprintf.o)
 .text.avr-libc
                0x00000000       0x6e c:/program files (x86)/atmel/studio/7.0/toolchain/avr8/avr8-gnu-toolchain/bin/../lib/gcc/avr/5.4.0/../../../../avr/lib/avrxmega4\libc.a(snprintf.o)
 .comment       0x00000000       0x31 c:/program files (x86)/atmel/studio/7.0/toolchain/avr8/avr8-gnu-toolchain/bin/../lib/gcc/avr/5.4.0/../../../../avr/lib/avrxmega4\libc.a(snprintf.o)
 .text          0x00000000        0x0 c:/program files (x86)/atmel/studio/7.0/toolchain/avr8/avr8-gnu-toolchain/bin/../lib/gcc/avr/5.4.0/../../../../avr/lib/avrxmega4\libc.a(vfprintf_std.o)
 .data          0x00000000        0x0 c:/program files (x86)/atmel/studio/7.0/toolchain/avr8/avr8-gnu-toolchain/bin/../lib/gcc/avr/5.4.0/../../../../avr/lib/avrxmega4\libc.a(vfprintf_std.o)
 .bss           0x00000000        0x0 c:/program files (x86)/atmel/studio/7.0/toolchain/avr8/avr8-gnu-toolchain/bin/../lib/gcc/avr/5.4.0/../../../../avr/lib/avrxmega4\libc.a(vfprintf_std.o)
 .text          0x00000000        0x0 c:/program files (x86)/atmel/studio/7.0/toolchain/avr8/avr8-gnu-toolchain/bin/../lib/gcc/avr/5.4.0/../../../../avr/lib/avrxmega4\libc.a(strnlen_P.o)
 .data          0x00000000        0x0 c:/program files (x86)/atmel/studio/7.0/toolchain/avr8/avr8-gnu-toolchain/bin/../lib/gcc/avr/5.4.0/../../../../avr/lib/avrxmega4\libc.a(strnlen_P.o)
 .bss           0x00000000        0x0 c:/program files (x86)/atmel/studio/7.0/toolchain/avr8/avr8-gnu-toolchain/bin/../lib/gcc/avr/5.4.0/../../../../avr/lib/avrxmega4\libc.a(strnlen_P.o)
 .text          0x00000000        0x0 c:/program files (x86)/atmel/studio/7.0/toolchain/avr8/avr8-gnu-toolchain/bin/../lib/gcc/avr/5.4.0/../../../../avr/lib/avrxmega4\libc.a(strnlen.o)
 .data          0x00000000        0x0 c:/program files (x86)/atmel/studio/7.0/toolchain/avr8/avr8-gnu-toolchain/bin/../lib/gcc/avr/5.4.0/../../../../avr/lib/avrxmega4\libc.a(strnlen.o)
 .bss           0x00000000        0x0 c:/program files (x86)/atmel/studio/7.0/toolchain/avr8/avr8-gnu-toolchain/bin/../lib/gcc/avr/5.4.0/../../../../avr/lib/avrxmega4\libc.a(strnlen.o)
 .text          0x00000000        0x0 c:/program files (x86)/atmel/studio/7.0/toolchain/avr8/avr8-gnu-toolchain/bin/../lib/gcc/avr/5.4.0/../../../../avr/lib/avrxmega4\libc.a(strrev.o)
 .data          0x00000000        0x0 c:/program files (x86)/atmel/studio/7.0/toolchain/avr8/avr8-gnu-toolchain/bin/../lib/gcc/avr/5.4.0/../../../../avr/lib/avrxmega4\libc.a(strrev.o)
 .bss           0x00000000        0x0 c:/program files (x86)/atmel/studio/7.0/toolchain/avr8/avr8-gnu-toolchain/bin/../lib/gcc/avr/5.4.0/../../../../avr/lib/avrxmega4\libc.a(strrev.o)
 .text          0x00000000        0x0 c:/program files (x86)/atmel/studio/7.0/toolchain/avr8/avr8-gnu-toolchain/bin/../lib/gcc/avr/5.4.0/../../../../avr/lib/avrxmega4\libc.a(fputc.o)
 .data          0x00000000        0x0 c:/program files (x86)/atmel/studio/7.0/toolchain/avr8/avr8-gnu-toolchain/bin/../lib/gcc/avr/5.4.0/../../../../avr/lib/avrxmega4\libc.a(fputc.o)
 .bss           0x00000000        0x0 c:/program files (x86)/atmel/studio/7.0/toolchain/avr8/avr8-gnu-toolchain/bin/../lib/gcc/avr/5.4.0/../../../../avr/lib/avrxmega4\libc.a(fputc.o)
 .text          0x00000000        0x0 c:/program files (x86)/atmel/studio/7.0/toolchain/avr8/avr8-gnu-toolchain/bin/../lib/gcc/avr/5.4.0/../../../../avr/lib/avrxmega4\libc.a(ultoa_invert.o)
 .data          0x00000000        0x0 c:/program files (x86)/atmel/studio/7.0/toolchain/avr8/avr8-gnu-toolchain/bin/../lib/gcc/avr/5.4.0/../../../../avr/lib/avrxmega4\libc.a(ultoa_invert.o)
 .bss           0x00000000        0x0 c:/program files (x86)/atmel/studio/7.0/toolchain/avr8/avr8-gnu-toolchain/bin/../lib/gcc/avr/5.4.0/../../../../avr/lib/avrxmega4\libc.a(ultoa_invert.o)
 .text          0x00000000        0x0 C:/Program Files (x86)/Atmel/Studio/7.0/Packs/atmel/AVR-Dx_DFP/1.10.114/gcc/dev/avr128db48/avrxmega4\libavr128db48.a(ccp_write.o)
 .data          0x00000000        0x0 C:/Program Files (x86)/Atmel/Studio/7.0/Packs/atmel/AVR-Dx_DFP/1.10.114/gcc/dev/avr128db48/avrxmega4\libavr128db48.a(ccp_write.o)
 .bss           0x00000000        0x0 C:/Program Files (x86)/Atmel/Studio/7.0/Packs/atmel/AVR-Dx_DFP/1.10.114/gcc/dev/avr128db48/avrxmega4\libavr128db48.a(ccp_write.o)

Memory Configuration

Name             Origin             Length             Attributes
text             0x00000000         0x00020000         xr
data             0x00804000         0x00004000         rw !x
eeprom           0x00810000         0x00000200         rw !x
fuse             0x00820000         0x00000010         rw !x
lock             0x00830000         0x00000400         rw !x
signature        0x00840000         0x00000400         rw !x
user_signatures  0x00850000         0x00000400         rw !x
*default*        0x00000000         0xffffffff

Linker script and memory map

Address of section .data set to 0x804000
                0x00008000                __RODATA_PM_OFFSET__ = 0x8000
LOAD C:/Program Files (x86)/Atmel/Studio/7.0/Packs/atmel/AVR-Dx_DFP/1.10.114/gcc/dev/avr128db48/avrxmega4/crtavr128db48.o
LOAD adc.o
LOAD dac.o
LOAD functions.o
LOAD init.o
LOAD menu.o
LOAD regulator.o
LOAD spi.o
LOAD tcb.o
LOAD display.o
LOAD i2c.o
LOAD main.o
LOAD tca.o
LOAD usart.o
START GROUP
LOAD c:/program files (x86)/atmel/studio/7.0/toolchain/avr8/avr8-gnu-toolchain/bin/../lib/gcc/avr/5.4.0/../../../../avr/lib/avrxmega4\libm.a
END GROUP
START GROUP
LOAD c:/program files (x86)/atmel/studio/7.0/toolchain/avr8/avr8-gnu-toolchain/bin/../lib/gcc/avr/5.4.0/avrxmega4\libgcc.a
LOAD c:/program files (x86)/atmel/studio/7.0/toolchain/avr8/avr8-gnu-toolchain/bin/../lib/gcc/avr/5.4.0/../../../../avr/lib/avrxmega4\libm.a
LOAD c:/program files (x86)/atmel/studio/7.0/toolchain/avr8/avr8-gnu-toolchain/bin/../lib/gcc/avr/5.4.0/../../../../avr/lib/avrxmega4\libc.a
LOAD C:/Program Files (x86)/Atmel/Studio/7.0/Packs/atmel/AVR-Dx_DFP/1.10.114/gcc/dev/avr128db48/avrxmega4\libavr128db48.a
END GROUP
                [0x00000000]                __TEXT_REGION_ORIGIN__ = DEFINED (__TEXT_REGION_ORIGIN__)?__TEXT_REGION_ORIGIN__:0x0
                [0x00804000]                __DATA_REGION_ORIGIN__ = DEFINED (__DATA_REGION_ORIGIN__)?__DATA_REGION_ORIGIN__:0x802000
                [0x00020000]                __TEXT_REGION_LENGTH__ = DEFINED (__TEXT_REGION_LENGTH__)?__TEXT_REGION_LENGTH__:0x100000
                [0x00004000]                __DATA_REGION_LENGTH__ = DEFINED (__DATA_REGION_LENGTH__)?__DATA_REGION_LENGTH__:0xffa0
                [0x00000200]                __EEPROM_REGION_LENGTH__ = DEFINED (__EEPROM_REGION_LENGTH__)?__EEPROM_REGION_LENGTH__:0x10000
                [0x00000010]                __FUSE_REGION_LENGTH__ = DEFINED (__FUSE_REGION_LENGTH__)?__FUSE_REGION_LENGTH__:0x400
                0x00000400                __LOCK_REGION_LENGTH__ = DEFINED (__LOCK_REGION_LENGTH__)?__LOCK_REGION_LENGTH__:0x400
                0x00000400                __SIGNATURE_REGION_LENGTH__ = DEFINED (__SIGNATURE_REGION_LENGTH__)?__SIGNATURE_REGION_LENGTH__:0x400
                0x00000400                __USER_SIGNATURE_REGION_LENGTH__ = DEFINED (__USER_SIGNATURE_REGION_LENGTH__)?__USER_SIGNATURE_REGION_LENGTH__:0x400

.hash
 *(.hash)

.dynsym
 *(.dynsym)

.dynstr
 *(.dynstr)

.gnu.version
 *(.gnu.version)

.gnu.version_d
 *(.gnu.version_d)

.gnu.version_r
 *(.gnu.version_r)

.rel.init
 *(.rel.init)

.rela.init
 *(.rela.init)

.rel.text
 *(.rel.text)
 *(.rel.text.*)
 *(.rel.gnu.linkonce.t*)

.rela.text
 *(.rela.text)
 *(.rela.text.*)
 *(.rela.gnu.linkonce.t*)

.rel.fini
 *(.rel.fini)

.rela.fini
 *(.rela.fini)

.rel.rodata
 *(.rel.rodata)
 *(.rel.rodata.*)
 *(.rel.gnu.linkonce.r*)

.rela.rodata
 *(.rela.rodata)
 *(.rela.rodata.*)
 *(.rela.gnu.linkonce.r*)

.rel.data
 *(.rel.data)
 *(.rel.data.*)
 *(.rel.gnu.linkonce.d*)

.rela.data
 *(.rela.data)
 *(.rela.data.*)
 *(.rela.gnu.linkonce.d*)

.rel.ctors
 *(.rel.ctors)

.rela.ctors
 *(.rela.ctors)

.rel.dtors
 *(.rel.dtors)

.rela.dtors
 *(.rela.dtors)

.rel.got
 *(.rel.got)

.rela.got
 *(.rela.got)

.rel.bss
 *(.rel.bss)

.rela.bss
 *(.rela.bss)

.rel.plt
 *(.rel.plt)

.rela.plt
 *(.rela.plt)

.text           0x00000000     0x1676
 *(.vectors)
 .vectors       0x00000000       0xf4 C:/Program Files (x86)/Atmel/Studio/7.0/Packs/atmel/AVR-Dx_DFP/1.10.114/gcc/dev/avr128db48/avrxmega4/crtavr128db48.o
                0x00000000                __vector_default
                0x00000000                __vectors
 *(.vectors)
 *(.progmem.gcc*)
                0x000000f4                . = ALIGN (0x2)
                0x000000f4                __trampolines_start = .
 *(.trampolines)
 .trampolines   0x000000f4        0x0 linker stubs
 *(.trampolines*)
                0x000000f4                __trampolines_end = .
 *libprintf_flt.a:*(.progmem.data)
 *libc.a:*(.progmem.data)
 *(.progmem*)
                0x000000f4                . = ALIGN (0x2)
 *(.jumptables)
 *(.jumptables*)
 *(.lowtext)
 *(.lowtext*)
                0x000000f4                __ctors_start = .
 *(.ctors)
                0x000000f4                __ctors_end = .
                0x000000f4                __dtors_start = .
 *(.dtors)
                0x000000f4                __dtors_end = .
 SORT(*)(.ctors)
 SORT(*)(.dtors)
 *(.init0)
 .init0         0x000000f4        0x0 C:/Program Files (x86)/Atmel/Studio/7.0/Packs/atmel/AVR-Dx_DFP/1.10.114/gcc/dev/avr128db48/avrxmega4/crtavr128db48.o
                0x000000f4                __init
 *(.init0)
 *(.init1)
 *(.init1)
 *(.init2)
 .init2         0x000000f4        0xc C:/Program Files (x86)/Atmel/Studio/7.0/Packs/atmel/AVR-Dx_DFP/1.10.114/gcc/dev/avr128db48/avrxmega4/crtavr128db48.o
 *(.init2)
 *(.init3)
 *(.init3)
 *(.init4)
 .init4         0x00000100       0x1a c:/program files (x86)/atmel/studio/7.0/toolchain/avr8/avr8-gnu-toolchain/bin/../lib/gcc/avr/5.4.0/avrxmega4\libgcc.a(_copy_data.o)
                0x00000100                __do_copy_data
 .init4         0x0000011a       0x10 c:/program files (x86)/atmel/studio/7.0/toolchain/avr8/avr8-gnu-toolchain/bin/../lib/gcc/avr/5.4.0/avrxmega4\libgcc.a(_clear_bss.o)
                0x0000011a                __do_clear_bss
 *(.init4)
 *(.init5)
 *(.init5)
 *(.init6)
 *(.init6)
 *(.init7)
 *(.init7)
 *(.init8)
 *(.init8)
 *(.init9)
 .init9         0x0000012a        0x8 C:/Program Files (x86)/Atmel/Studio/7.0/Packs/atmel/AVR-Dx_DFP/1.10.114/gcc/dev/avr128db48/avrxmega4/crtavr128db48.o
 *(.init9)
 *(.text)
 .text          0x00000132        0x4 C:/Program Files (x86)/Atmel/Studio/7.0/Packs/atmel/AVR-Dx_DFP/1.10.114/gcc/dev/avr128db48/avrxmega4/crtavr128db48.o
                0x00000132                __vector_38
                0x00000132                __vector_22
                0x00000132                __vector_28
                0x00000132                __vector_1
                0x00000132                __vector_32
                0x00000132                __vector_34
                0x00000132                __vector_24
                0x00000132                __vector_12
                0x00000132                __vector_46
                0x00000132                __bad_interrupt
                0x00000132                __vector_6
                0x00000132                __vector_31
                0x00000132                __vector_39
                0x00000132                __vector_3
                0x00000132                __vector_23
                0x00000132                __vector_30
                0x00000132                __vector_25
                0x00000132                __vector_11
                0x00000132                __vector_54
                0x00000132                __vector_13
                0x00000132                __vector_17
                0x00000132                __vector_19
                0x00000132                __vector_56
                0x00000132                __vector_7
                0x00000132                __vector_49
                0x00000132                __vector_41
                0x00000132                __vector_43
                0x00000132                __vector_27
                0x00000132                __vector_5
                0x00000132                __vector_33
                0x00000132                __vector_52
                0x00000132                __vector_37
                0x00000132                __vector_4
                0x00000132                __vector_44
                0x00000132                __vector_51
                0x00000132                __vector_9
                0x00000132                __vector_2
                0x00000132                __vector_21
                0x00000132                __vector_15
                0x00000132                __vector_36
                0x00000132                __vector_58
                0x00000132                __vector_29
                0x00000132                __vector_60
                0x00000132                __vector_40
                0x00000132                __vector_8
                0x00000132                __vector_48
                0x00000132                __vector_57
                0x00000132                __vector_10
                0x00000132                __vector_50
                0x00000132                __vector_16
                0x00000132                __vector_59
                0x00000132                __vector_18
                0x00000132                __vector_42
                0x00000136                . = ALIGN (0x2)
 *(.text.*)
 .text.ADC0_start
                0x00000136        0x8 adc.o
                0x00000136                ADC0_start
 .text.ADC0_assign_value
                0x0000013e       0x9c adc.o
                0x0000013e                ADC0_assign_value
 .text.ADC0_change_input
                0x000001da       0x42 adc.o
                0x000001da                ADC0_change_input
 .text.ADC0_init
                0x0000021c       0x30 adc.o
                0x0000021c                ADC0_init
 .text.__vector_26
                0x0000024c       0x50 adc.o
                0x0000024c                __vector_26
 .text.DAC0_enable
                0x0000029c        0x8 dac.o
                0x0000029c                DAC0_enable
 .text.DAC0_init
                0x000002a4       0x18 dac.o
                0x000002a4                DAC0_init
 .text.CLKCTRL_INTERNAL_16M_init
                0x000002bc        0xc functions.o
                0x000002bc                CLKCTRL_INTERNAL_16M_init
 .text.button_init
                0x000002c8       0x2a functions.o
                0x000002c8                button_init
 .text.set_slow_decay
                0x000002f2       0x10 functions.o
                0x000002f2                set_slow_decay
 .text.start_motor
                0x00000302       0x26 functions.o
                0x00000302                start_motor
 .text.unset_slow_decay
                0x00000328        0x8 functions.o
                0x00000328                unset_slow_decay
 .text.stop_motor
                0x00000330       0x26 functions.o
                0x00000330                stop_motor
 .text.button_handler
                0x00000356       0x3e functions.o
                0x00000356                button_handler
 .text.convert_period2rpm
                0x00000394       0x16 functions.o
                0x00000394                convert_period2rpm
 .text.Initialize_system
                0x000003aa       0x32 init.o
                0x000003aa                Initialize_system
 .text.pid_init
                0x000003dc       0x68 regulator.o
                0x000003dc                pid_init
 .text.pid_regulator
                0x00000444      0x1dc regulator.o
                0x00000444                pid_regulator
 .text.__vector_20
                0x00000620       0xae spi.o
                0x00000620                __vector_20
 .text.TCB0_init
                0x000006ce       0x24 tcb.o
                0x000006ce                TCB0_init
 .text.__vector_14
                0x000006f2       0x6e tcb.o
                0x000006f2                __vector_14
 .text.I2C_0_init
                0x00000760       0x1a i2c.o
                0x00000760                I2C_0_init
 .text.main     0x0000077a       0xd0 main.o
                0x0000077a                main
 .text.__vector_45
                0x0000084a       0x4c main.o
                0x0000084a                __vector_45
 .text.__vector_35
                0x00000896       0x5e main.o
                0x00000896                __vector_35
 .text.TCA1_timer_init
                0x000008f4       0x24 tca.o
                0x000008f4                TCA1_timer_init
 .text.TCA0_PWM_init
                0x00000918       0x32 tca.o
                0x00000918                TCA0_PWM_init
 .text.TCA0_PWM_set_duty
                0x0000094a        0xa tca.o
                0x0000094a                TCA0_PWM_set_duty
 .text.__vector_47
                0x00000954       0x50 tca.o
                0x00000954                __vector_47
 .text.read_tca_time
                0x000009a4       0x3a tca.o
                0x000009a4                read_tca_time
 .text.reset_tca_time
                0x000009de       0x1a tca.o
                0x000009de                reset_tca_time
 .text.USART3_init
                0x000009f8       0x38 usart.o
                0x000009f8                USART3_init
 .text.USART3_transmitt
                0x00000a30       0x68 usart.o
                0x00000a30                USART3_transmitt
 .text.USART3_transmitt_char_array
                0x00000a98       0x3c usart.o
                0x00000a98                USART3_transmitt_char_array
 .text.USART3_transmit_int
                0x00000ad4       0x48 usart.o
                0x00000ad4                USART3_transmit_int
 .text.__vector_53
                0x00000b1c       0x4e usart.o
                0x00000b1c                __vector_53
 .text.__vector_55
                0x00000b6a       0x88 usart.o
                0x00000b6a                __vector_55
 .text.avr-libc.fplib
                0x00000bf2        0xe c:/program files (x86)/atmel/studio/7.0/toolchain/avr8/avr8-gnu-toolchain/bin/../lib/gcc/avr/5.4.0/../../../../avr/lib/avrxmega4\libm.a(addsf3.o)
                0x00000bf2                __subsf3
                0x00000bf4                __addsf3
 .text.avr-libc.fplib
                0x00000c00       0xcc c:/program files (x86)/atmel/studio/7.0/toolchain/avr8/avr8-gnu-toolchain/bin/../lib/gcc/avr/5.4.0/../../../../avr/lib/avrxmega4\libm.a(addsf3x.o)
                0x00000c22                __addsf3x
 .text.avr-libc.fplib
                0x00000ccc        0xa c:/program files (x86)/atmel/studio/7.0/toolchain/avr8/avr8-gnu-toolchain/bin/../lib/gcc/avr/5.4.0/../../../../avr/lib/avrxmega4\libm.a(cmpsf2.o)
                0x00000ccc                __nesf2
                0x00000ccc                __eqsf2
                0x00000ccc                __cmpsf2
                0x00000ccc                __ltsf2
                0x00000ccc                __lesf2
 .text.avr-libc.fplib
                0x00000cd6        0x8 c:/program files (x86)/atmel/studio/7.0/toolchain/avr8/avr8-gnu-toolchain/bin/../lib/gcc/avr/5.4.0/../../../../avr/lib/avrxmega4\libm.a(divsf3.o)
                0x00000cd6                __divsf3
 .text.avr-libc.fplib
                0x00000cde       0xdc c:/program files (x86)/atmel/studio/7.0/toolchain/avr8/avr8-gnu-toolchain/bin/../lib/gcc/avr/5.4.0/../../../../avr/lib/avrxmega4\libm.a(divsf3x.o)
                0x00000cfe                __divsf3x
                0x00000d04                __divsf3_pse
 .text.avr-libc.fplib
                0x00000dba       0x5e c:/program files (x86)/atmel/studio/7.0/toolchain/avr8/avr8-gnu-toolchain/bin/../lib/gcc/avr/5.4.0/../../../../avr/lib/avrxmega4\libm.a(fixunssfsi.o)
                0x00000dba                __fixunssfsi
 .text.avr-libc.fplib
                0x00000e18       0x7a c:/program files (x86)/atmel/studio/7.0/toolchain/avr8/avr8-gnu-toolchain/bin/../lib/gcc/avr/5.4.0/../../../../avr/lib/avrxmega4\libm.a(floatsisf.o)
                0x00000e18                __floatunsisf
                0x00000e1c                __floatsisf
 .text.avr-libc.fplib
                0x00000e92       0x48 c:/program files (x86)/atmel/studio/7.0/toolchain/avr8/avr8-gnu-toolchain/bin/../lib/gcc/avr/5.4.0/../../../../avr/lib/avrxmega4\libm.a(fp_cmp.o)
                0x00000e92                __fp_cmp
 .text.avr-libc.fplib
                0x00000eda        0xc c:/program files (x86)/atmel/studio/7.0/toolchain/avr8/avr8-gnu-toolchain/bin/../lib/gcc/avr/5.4.0/../../../../avr/lib/avrxmega4\libm.a(fp_inf.o)
                0x00000eda                __fp_inf
 .text.avr-libc.fplib
                0x00000ee6        0x6 c:/program files (x86)/atmel/studio/7.0/toolchain/avr8/avr8-gnu-toolchain/bin/../lib/gcc/avr/5.4.0/../../../../avr/lib/avrxmega4\libm.a(fp_nan.o)
                0x00000ee6                __fp_nan
 .text.avr-libc.fplib
                0x00000eec        0xe c:/program files (x86)/atmel/studio/7.0/toolchain/avr8/avr8-gnu-toolchain/bin/../lib/gcc/avr/5.4.0/../../../../avr/lib/avrxmega4\libm.a(fp_pscA.o)
                0x00000eec                __fp_pscA
 .text.avr-libc.fplib
                0x00000efa        0xe c:/program files (x86)/atmel/studio/7.0/toolchain/avr8/avr8-gnu-toolchain/bin/../lib/gcc/avr/5.4.0/../../../../avr/lib/avrxmega4\libm.a(fp_pscB.o)
                0x00000efa                __fp_pscB
 .text.avr-libc.fplib
                0x00000f08       0x22 c:/program files (x86)/atmel/studio/7.0/toolchain/avr8/avr8-gnu-toolchain/bin/../lib/gcc/avr/5.4.0/../../../../avr/lib/avrxmega4\libm.a(fp_round.o)
                0x00000f08                __fp_round
 .text.avr-libc.fplib
                0x00000f2a       0x44 c:/program files (x86)/atmel/studio/7.0/toolchain/avr8/avr8-gnu-toolchain/bin/../lib/gcc/avr/5.4.0/../../../../avr/lib/avrxmega4\libm.a(fp_split3.o)
                0x00000f2a                __fp_split3
                0x00000f3a                __fp_splitA
 .text.avr-libc.fplib
                0x00000f6e        0xe c:/program files (x86)/atmel/studio/7.0/toolchain/avr8/avr8-gnu-toolchain/bin/../lib/gcc/avr/5.4.0/../../../../avr/lib/avrxmega4\libm.a(fp_zero.o)
                0x00000f6e                __fp_zero
                0x00000f70                __fp_szero
 .text.avr-libc.fplib
                0x00000f7c        0xa c:/program files (x86)/atmel/studio/7.0/toolchain/avr8/avr8-gnu-toolchain/bin/../lib/gcc/avr/5.4.0/../../../../avr/lib/avrxmega4\libm.a(gesf2.o)
                0x00000f7c                __gesf2
                0x00000f7c                __gtsf2
 .text.avr-libc.fplib
                0x00000f86        0x8 c:/program files (x86)/atmel/studio/7.0/toolchain/avr8/avr8-gnu-toolchain/bin/../lib/gcc/avr/5.4.0/../../../../avr/lib/avrxmega4\libm.a(mulsf3.o)
                0x00000f86                __mulsf3
 .text.avr-libc.fplib
                0x00000f8e       0xd2 c:/program files (x86)/atmel/studio/7.0/toolchain/avr8/avr8-gnu-toolchain/bin/../lib/gcc/avr/5.4.0/../../../../avr/lib/avrxmega4\libm.a(mulsf3x.o)
                0x00000fac                __mulsf3x
                0x00000fb2                __mulsf3_pse
 .text.libgcc.mul
                0x00001060       0x16 c:/program files (x86)/atmel/studio/7.0/toolchain/avr8/avr8-gnu-toolchain/bin/../lib/gcc/avr/5.4.0/avrxmega4\libgcc.a(_muluhisi3.o)
                0x00001060                __muluhisi3
 .text.libgcc.mul
                0x00001076       0x1e c:/program files (x86)/atmel/studio/7.0/toolchain/avr8/avr8-gnu-toolchain/bin/../lib/gcc/avr/5.4.0/avrxmega4\libgcc.a(_umulhisi3.o)
                0x00001076                __umulhisi3
 .text.avr-libc
                0x00001094       0x16 c:/program files (x86)/atmel/studio/7.0/toolchain/avr8/avr8-gnu-toolchain/bin/../lib/gcc/avr/5.4.0/../../../../avr/lib/avrxmega4\libc.a(itoa_ncheck.o)
                0x00001094                __itoa_ncheck
 .text.avr-libc
                0x000010aa       0x34 c:/program files (x86)/atmel/studio/7.0/toolchain/avr8/avr8-gnu-toolchain/bin/../lib/gcc/avr/5.4.0/../../../../avr/lib/avrxmega4\libc.a(utoa_ncheck.o)
                0x000010aa                __utoa_ncheck
                0x000010ac                __utoa_common
 .text.avr-libc
                0x000010de      0x408 c:/program files (x86)/atmel/studio/7.0/toolchain/avr8/avr8-gnu-toolchain/bin/../lib/gcc/avr/5.4.0/../../../../avr/lib/avrxmega4\libc.a(vfprintf_std.o)
                0x000010de                vfprintf
 .text.avr-libc
                0x000014e6       0x16 c:/program files (x86)/atmel/studio/7.0/toolchain/avr8/avr8-gnu-toolchain/bin/../lib/gcc/avr/5.4.0/../../../../avr/lib/avrxmega4\libc.a(strnlen_P.o)
                0x000014e6                strnlen_P
 .text.avr-libc
                0x000014fc       0x16 c:/program files (x86)/atmel/studio/7.0/toolchain/avr8/avr8-gnu-toolchain/bin/../lib/gcc/avr/5.4.0/../../../../avr/lib/avrxmega4\libc.a(strnlen.o)
                0x000014fc                strnlen
 .text.avr-libc
                0x00001512       0x20 c:/program files (x86)/atmel/studio/7.0/toolchain/avr8/avr8-gnu-toolchain/bin/../lib/gcc/avr/5.4.0/../../../../avr/lib/avrxmega4\libc.a(strrev.o)
                0x00001512                strrev
 .text.avr-libc
                0x00001532       0x78 c:/program files (x86)/atmel/studio/7.0/toolchain/avr8/avr8-gnu-toolchain/bin/../lib/gcc/avr/5.4.0/../../../../avr/lib/avrxmega4\libc.a(fputc.o)
                0x00001532                fputc
 .text.avr-libc
                0x000015aa       0xbc c:/program files (x86)/atmel/studio/7.0/toolchain/avr8/avr8-gnu-toolchain/bin/../lib/gcc/avr/5.4.0/../../../../avr/lib/avrxmega4\libc.a(ultoa_invert.o)
                0x000015aa                __ultoa_invert
 .text.avr-libc
                0x00001666        0xc C:/Program Files (x86)/Atmel/Studio/7.0/Packs/atmel/AVR-Dx_DFP/1.10.114/gcc/dev/avr128db48/avrxmega4\libavr128db48.a(ccp_write.o)
                0x00001666                ccp_write_io
                0x00001672                . = ALIGN (0x2)
 *(.fini9)
 .fini9         0x00001672        0x0 c:/program files (x86)/atmel/studio/7.0/toolchain/avr8/avr8-gnu-toolchain/bin/../lib/gcc/avr/5.4.0/avrxmega4\libgcc.a(_exit.o)
                0x00001672                _exit
                0x00001672                exit
 *(.fini9)
 *(.fini8)
 *(.fini8)
 *(.fini7)
 *(.fini7)
 *(.fini6)
 *(.fini6)
 *(.fini5)
 *(.fini5)
 *(.fini4)
 *(.fini4)
 *(.fini3)
 *(.fini3)
 *(.fini2)
 *(.fini2)
 *(.fini1)
 *(.fini1)
 *(.fini0)
 .fini0         0x00001672        0x4 c:/program files (x86)/atmel/studio/7.0/toolchain/avr8/avr8-gnu-toolchain/bin/../lib/gcc/avr/5.4.0/avrxmega4\libgcc.a(_exit.o)
 *(.fini0)
                0x00001676                _etext = .

.data           0x00804000       0x20 load address 0x00001676
                0x00804000                PROVIDE (__data_start, .)
 *(.data)
 *(.data*)
 .data.AIN4_value
                0x00804000        0x2 adc.o
                0x00804000                AIN4_value
 .data.AIN3_value
                0x00804002        0x2 adc.o
                0x00804002                AIN3_value
 .data.AIN2_value
                0x00804004        0x2 adc.o
                0x00804004                AIN2_value
 .data.AIN1_value
                0x00804006        0x2 adc.o
                0x00804006                AIN1_value
 .data.AIN0_value
                0x00804008        0x2 adc.o
                0x00804008                AIN0_value
 .data.max_output
                0x0080400a        0x4 regulator.o
                0x0080400a                max_output
 .data.regulatormode
                0x0080400e        0x1 main.o
                0x0080400e                regulatormode
 .data.TX_buffer_size
                0x0080400f        0x1 usart.o
                0x0080400f                TX_buffer_size
 *(.gnu.linkonce.d*)
 *(.rodata)
 *(.rodata*)
 .rodata.str1.1
                0x00804010       0x10 main.o
 *(.gnu.linkonce.r*)
                0x00804020                . = ALIGN (0x2)
                0x00804020                _edata = .
                0x00804020                PROVIDE (__data_end, .)

.bss            0x00804020      0x101
                0x00804020                PROVIDE (__bss_start, .)
 *(.bss)
 *(.bss*)
 .bss.adc_conversion_ready
                0x00804020        0x1 adc.o
                0x00804020                adc_conversion_ready
 .bss.motor_running
                0x00804021        0x1 functions.o
                0x00804021                motor_running
 .bss.buttonenter
                0x00804022        0x1 functions.o
                0x00804022                buttonenter
 .bss.buttonup  0x00804023        0x1 functions.o
                0x00804023                buttonup
 .bss.buttondown
                0x00804024        0x1 functions.o
                0x00804024                buttondown
 .bss.SPI_0_desc
                0x00804025        0x7 spi.o
 .bss.tcb0_new_reading
                0x0080402c        0x1 tcb.o
                0x0080402c                tcb0_new_reading
 .bss.tcb0_period_us
                0x0080402d        0x4 tcb.o
                0x0080402d                tcb0_period_us
 .bss.counted_time
                0x00804031        0x4 tca.o
                0x00804031                counted_time
 .bss.counted_25ms
                0x00804035        0x4 tca.o
                0x00804035                counted_25ms
 .bss.TX_buffer_read
                0x00804039        0x1 usart.o
                0x00804039                TX_buffer_read
 .bss.TX_buffer_write
                0x0080403a        0x1 usart.o
                0x0080403a                TX_buffer_write
 .bss.RX_buffer_write
                0x0080403b        0x1 usart.o
                0x0080403b                RX_buffer_write
 *(COMMON)
 COMMON         0x0080403c       0x42 adc.o
                0x0080403c                AIN_selected
                0x0080403e                message
                0x00804070                message_received
 COMMON         0x0080407e        0xc main.o
                0x0080407e                now
                0x00804080                string
                0x00804084                stringmeasureValue
 COMMON         0x0080408a       0x97 usart.o
                0x0080408a                marker_transmitt_pos
                0x0080408b                TX_buffer
                0x008040bd                RX_buffer
                0x008040ef                transmitt_buffer
                0x00804121                PROVIDE (__bss_end, .)
                0x00001676                __data_load_start = LOADADDR (.data)
                0x00001696                __data_load_end = (__data_load_start + SIZEOF (.data))

.noinit         0x00804121        0x0
                [!provide]                PROVIDE (__noinit_start, .)
 *(.noinit*)
                [!provide]                PROVIDE (__noinit_end, .)
                0x00804121                _end = .
                [!provide]                PROVIDE (__heap_start, .)

.eeprom         0x00810000        0x0
 *(.eeprom*)
                0x00810000                __eeprom_end = .

.fuse
 *(.fuse)
 *(.lfuse)
 *(.hfuse)
 *(.efuse)

.lock
 *(.lock*)

.signature
 *(.signature*)

.user_signatures
 *(.user_signatures*)

.stab
 *(.stab)

.stabstr
 *(.stabstr)

.stab.excl
 *(.stab.excl)

.stab.exclstr
 *(.stab.exclstr)

.stab.index
 *(.stab.index)

.stab.indexstr
 *(.stab.indexstr)

.comment        0x00000000       0x5c
 *(.comment)
 .comment       0x00000000       0x30 adc.o
                                 0x31 (size before relaxing)
 .comment       0x00000030       0x31 dac.o
 .comment       0x00000030       0x31 functions.o
 .comment       0x00000030       0x31 init.o
 .comment       0x00000030       0x31 regulator.o
 .comment       0x00000030       0x31 spi.o
 .comment       0x00000030       0x31 tcb.o
 .comment       0x00000030       0x31 i2c.o
 .comment       0x00000030       0x31 main.o
 .comment       0x00000030       0x31 tca.o
 .comment       0x00000030       0x31 usart.o
 .comment       0x00000030       0x2c c:/program files (x86)/atmel/studio/7.0/toolchain/avr8/avr8-gnu-toolchain/bin/../lib/gcc/avr/5.4.0/../../../../avr/lib/avrxmega4\libc.a(vfprintf_std.o)
                                 0x2d (size before relaxing)
 .comment       0x0000005c       0x31 c:/program files (x86)/atmel/studio/7.0/toolchain/avr8/avr8-gnu-toolchain/bin/../lib/gcc/avr/5.4.0/../../../../avr/lib/avrxmega4\libc.a(fputc.o)

.note.gnu.avr.deviceinfo
                0x00000000       0x40
 .note.gnu.avr.deviceinfo
                0x00000000       0x40 C:/Program Files (x86)/Atmel/Studio/7.0/Packs/atmel/AVR-Dx_DFP/1.10.114/gcc/dev/avr128db48/avrxmega4/crtavr128db48.o

.note.gnu.build-id
 *(.note.gnu.build-id)

.debug
 *(.debug)

.line
 *(.line)

.debug_srcinfo
 *(.debug_srcinfo)

.debug_sfnames
 *(.debug_sfnames)

.debug_aranges  0x00000000      0x3d0
 *(.debug_aranges)
 .debug_aranges
                0x00000000       0x58 adc.o
 .debug_aranges
                0x00000058       0x38 dac.o
 .debug_aranges
                0x00000090       0x90 functions.o
 .debug_aranges
                0x00000120       0x20 init.o
 .debug_aranges
                0x00000140       0x30 regulator.o
 .debug_aranges
                0x00000170       0x80 spi.o
 .debug_aranges
                0x000001f0       0x68 tcb.o
 .debug_aranges
                0x00000258       0x50 i2c.o
 .debug_aranges
                0x000002a8       0x30 main.o
 .debug_aranges
                0x000002d8       0x88 tca.o
 .debug_aranges
                0x00000360       0x50 usart.o
 .debug_aranges
                0x000003b0       0x20 C:/Program Files (x86)/Atmel/Studio/7.0/Packs/atmel/AVR-Dx_DFP/1.10.114/gcc/dev/avr128db48/avrxmega4\libavr128db48.a(ccp_write.o)

.debug_pubnames
 *(.debug_pubnames)

.debug_info     0x00000000     0x8184
 *(.debug_info .gnu.linkonce.wi.*)
 .debug_info    0x00000000     0x2f42 C:/Program Files (x86)/Atmel/Studio/7.0/Packs/atmel/AVR-Dx_DFP/1.10.114/gcc/dev/avr128db48/avrxmega4/crtavr128db48.o
 .debug_info    0x00002f42      0x6d7 adc.o
 .debug_info    0x00003619      0x392 dac.o
 .debug_info    0x000039ab     0x1018 functions.o
 .debug_info    0x000049c3      0x272 init.o
 .debug_info    0x00004c35      0x2e1 regulator.o
 .debug_info    0x00004f16      0x40e spi.o
 .debug_info    0x00005324      0xd3a tcb.o
 .debug_info    0x0000605e      0x4f8 i2c.o
 .debug_info    0x00006556      0x668 main.o
 .debug_info    0x00006bbe      0xc73 tca.o
 .debug_info    0x00007831      0x8b4 usart.o
 .debug_info    0x000080e5       0x9f C:/Program Files (x86)/Atmel/Studio/7.0/Packs/atmel/AVR-Dx_DFP/1.10.114/gcc/dev/avr128db48/avrxmega4\libavr128db48.a(ccp_write.o)

.debug_abbrev   0x00000000     0x3fd9
 *(.debug_abbrev)
 .debug_abbrev  0x00000000     0x2cc2 C:/Program Files (x86)/Atmel/Studio/7.0/Packs/atmel/AVR-Dx_DFP/1.10.114/gcc/dev/avr128db48/avrxmega4/crtavr128db48.o
 .debug_abbrev  0x00002cc2      0x1db adc.o
 .debug_abbrev  0x00002e9d      0x1bc dac.o
 .debug_abbrev  0x00003059      0x29b functions.o
 .debug_abbrev  0x000032f4      0x11a init.o
 .debug_abbrev  0x0000340e      0x109 regulator.o
 .debug_abbrev  0x00003517      0x1d2 spi.o
 .debug_abbrev  0x000036e9      0x1a5 tcb.o
 .debug_abbrev  0x0000388e      0x178 i2c.o
 .debug_abbrev  0x00003a06      0x18f main.o
 .debug_abbrev  0x00003b95      0x17d tca.o
 .debug_abbrev  0x00003d12      0x2b3 usart.o
 .debug_abbrev  0x00003fc5       0x14 C:/Program Files (x86)/Atmel/Studio/7.0/Packs/atmel/AVR-Dx_DFP/1.10.114/gcc/dev/avr128db48/avrxmega4\libavr128db48.a(ccp_write.o)

.debug_line     0x00000000     0x1fd9
 *(.debug_line .debug_line.* .debug_line_end)
 .debug_line    0x00000000      0x205 C:/Program Files (x86)/Atmel/Studio/7.0/Packs/atmel/AVR-Dx_DFP/1.10.114/gcc/dev/avr128db48/avrxmega4/crtavr128db48.o
 .debug_line    0x00000205      0x2ca adc.o
 .debug_line    0x000004cf      0x1d4 dac.o
 .debug_line    0x000006a3      0x4ef functions.o
 .debug_line    0x00000b92      0x181 init.o
 .debug_line    0x00000d13      0x182 regulator.o
 .debug_line    0x00000e95      0x301 spi.o
 .debug_line    0x00001196      0x2d9 tcb.o
 .debug_line    0x0000146f      0x2ef i2c.o
 .debug_line    0x0000175e      0x229 main.o
 .debug_line    0x00001987      0x2b1 tca.o
 .debug_line    0x00001c38      0x33a usart.o
 .debug_line    0x00001f72       0x67 C:/Program Files (x86)/Atmel/Studio/7.0/Packs/atmel/AVR-Dx_DFP/1.10.114/gcc/dev/avr128db48/avrxmega4\libavr128db48.a(ccp_write.o)

.debug_frame    0x00000000      0x940
 *(.debug_frame)
 .debug_frame   0x00000000       0xe4 adc.o
 .debug_frame   0x000000e4       0x54 dac.o
 .debug_frame   0x00000138      0x13c functions.o
 .debug_frame   0x00000274       0x24 init.o
 .debug_frame   0x00000298      0x110 regulator.o
 .debug_frame   0x000003a8      0x13c spi.o
 .debug_frame   0x000004e4      0x108 tcb.o
 .debug_frame   0x000005ec       0xbc i2c.o
 .debug_frame   0x000006a8       0x84 main.o
 .debug_frame   0x0000072c      0x114 tca.o
 .debug_frame   0x00000840      0x100 usart.o

.debug_str      0x00000000     0x44f9
 *(.debug_str)
 .debug_str     0x00000000     0x14f0 C:/Program Files (x86)/Atmel/Studio/7.0/Packs/atmel/AVR-Dx_DFP/1.10.114/gcc/dev/avr128db48/avrxmega4/crtavr128db48.o
 .debug_str     0x000014f0      0x76a adc.o
                                0x7d4 (size before relaxing)
 .debug_str     0x00001c5a       0xb4 dac.o
                                0x39a (size before relaxing)
 .debug_str     0x00001d0e      0x629 functions.o
                                0x8e0 (size before relaxing)
 .debug_str     0x00002337       0x6c init.o
                                0x2bd (size before relaxing)
 .debug_str     0x000023a3       0x76 regulator.o
                                0x25e (size before relaxing)
 .debug_str     0x00002419      0x243 spi.o
                                0x42f (size before relaxing)
 .debug_str     0x0000265c     0x1596 tcb.o
                               0x1835 (size before relaxing)
 .debug_str     0x00003bf2      0x277 i2c.o
                                0x44d (size before relaxing)
 .debug_str     0x00003e69       0x55 main.o
                                0x48e (size before relaxing)
 .debug_str     0x00003ebe      0x38b tca.o
                                0x90a (size before relaxing)
 .debug_str     0x00004249      0x2b0 usart.o
                                0x66f (size before relaxing)

.debug_loc      0x00000000     0x1422
 *(.debug_loc)
 .debug_loc     0x00000000      0x166 adc.o
 .debug_loc     0x00000166       0x6c dac.o
 .debug_loc     0x000001d2      0x21a functions.o
 .debug_loc     0x000003ec       0x46 init.o
 .debug_loc     0x00000432      0x47f regulator.o
 .debug_loc     0x000008b1      0x1de spi.o
 .debug_loc     0x00000a8f      0x126 tcb.o
 .debug_loc     0x00000bb5      0x39d i2c.o
 .debug_loc     0x00000f52      0x11c main.o
 .debug_loc     0x0000106e       0x63 tca.o
 .debug_loc     0x000010d1      0x351 usart.o

.debug_macinfo
 *(.debug_macinfo)

.debug_weaknames
 *(.debug_weaknames)

.debug_funcnames
 *(.debug_funcnames)

.debug_typenames
 *(.debug_typenames)

.debug_varnames
 *(.debug_varnames)

.debug_pubtypes
 *(.debug_pubtypes)

.debug_ranges   0x00000000      0x300
 *(.debug_ranges)
 .debug_ranges  0x00000000       0x48 adc.o
 .debug_ranges  0x00000048       0x28 dac.o
 .debug_ranges  0x00000070       0x80 functions.o
 .debug_ranges  0x000000f0       0x10 init.o
 .debug_ranges  0x00000100       0x20 regulator.o
 .debug_ranges  0x00000120       0x70 spi.o
 .debug_ranges  0x00000190       0x58 tcb.o
 .debug_ranges  0x000001e8       0x40 i2c.o
 .debug_ranges  0x00000228       0x20 main.o
 .debug_ranges  0x00000248       0x78 tca.o
 .debug_ranges  0x000002c0       0x40 usart.o

.debug_macro
 *(.debug_macro)
OUTPUT(GccApplication4.elf elf32-avr)
LOAD linker stubs
